[0.072s] DEBUG:colcon:Command line arguments: ['/usr/bin/colcon', 'build']
[0.072s] DEBUG:colcon:Parsed command line arguments: Namespace(log_base=None, log_level=None, verb_name='build', build_base='build', install_base='install', merge_install=False, symlink_install=False, test_result_base=None, continue_on_error=False, executor='parallel', parallel_workers=8, event_handlers=None, ignore_user_meta=False, metas=['./colcon.meta'], base_paths=['.'], packages_ignore=None, packages_ignore_regex=None, paths=None, packages_up_to=None, packages_up_to_regex=None, packages_above=None, packages_above_and_dependencies=None, packages_above_depth=None, packages_select_by_dep=None, packages_skip_by_dep=None, packages_skip_up_to=None, packages_select_build_failed=False, packages_skip_build_finished=False, packages_select_test_failures=False, packages_skip_test_passed=False, packages_select=None, packages_skip=None, packages_select_regex=None, packages_skip_regex=None, packages_start=None, packages_end=None, allow_overriding=[], cmake_args=None, cmake_target=None, cmake_target_skip_unavailable=False, cmake_clean_cache=False, cmake_clean_first=False, cmake_force_configure=False, ament_cmake_args=None, catkin_cmake_args=None, catkin_skip_building_tests=False, mixin_files=None, mixin=None, verb_parser=<colcon_mixin.mixin.mixin_argument.MixinArgumentDecorator object at 0x771c531515d0>, verb_extension=<colcon_core.verb.build.BuildVerb object at 0x771c53150dc0>, main=<bound method BuildVerb.main of <colcon_core.verb.build.BuildVerb object at 0x771c53150dc0>>, mixin_verb=('build',))
[0.173s] Level 1:colcon.colcon_core.package_discovery:discover_packages(colcon_meta) check parameters
[0.173s] Level 1:colcon.colcon_core.package_discovery:discover_packages(recursive) check parameters
[0.173s] Level 1:colcon.colcon_core.package_discovery:discover_packages(ignore) check parameters
[0.173s] Level 1:colcon.colcon_core.package_discovery:discover_packages(path) check parameters
[0.173s] Level 1:colcon.colcon_core.package_discovery:discover_packages(colcon_meta) discover
[0.173s] Level 1:colcon.colcon_core.package_discovery:discover_packages(recursive) discover
[0.173s] INFO:colcon.colcon_core.package_discovery:Crawling recursively for packages in '/home/mooz/ros2_ws'
[0.173s] Level 1:colcon.colcon_core.package_identification:_identify(.) by extensions ['ignore', 'ignore_ament_install']
[0.173s] Level 1:colcon.colcon_core.package_identification:_identify(.) by extension 'ignore'
[0.173s] Level 1:colcon.colcon_core.package_identification:_identify(.) by extension 'ignore_ament_install'
[0.173s] Level 1:colcon.colcon_core.package_identification:_identify(.) by extensions ['colcon_pkg']
[0.174s] Level 1:colcon.colcon_core.package_identification:_identify(.) by extension 'colcon_pkg'
[0.174s] Level 1:colcon.colcon_core.package_identification:_identify(.) by extensions ['colcon_meta']
[0.174s] Level 1:colcon.colcon_core.package_identification:_identify(.) by extension 'colcon_meta'
[0.174s] Level 1:colcon.colcon_core.package_identification:_identify(.) by extensions ['ros']
[0.174s] Level 1:colcon.colcon_core.package_identification:_identify(.) by extension 'ros'
[0.181s] Level 1:colcon.colcon_core.package_identification:_identify(.) by extensions ['cmake', 'python']
[0.181s] Level 1:colcon.colcon_core.package_identification:_identify(.) by extension 'cmake'
[0.181s] Level 1:colcon.colcon_core.package_identification:_identify(.) by extension 'python'
[0.181s] Level 1:colcon.colcon_core.package_identification:_identify(.) by extensions ['python_setup_py']
[0.181s] Level 1:colcon.colcon_core.package_identification:_identify(.) by extension 'python_setup_py'
[0.181s] Level 1:colcon.colcon_core.package_identification:_identify(build) by extensions ['ignore', 'ignore_ament_install']
[0.181s] Level 1:colcon.colcon_core.package_identification:_identify(build) by extension 'ignore'
[0.181s] Level 1:colcon.colcon_core.package_identification:_identify(build) ignored
[0.181s] Level 1:colcon.colcon_core.package_identification:_identify(install) by extensions ['ignore', 'ignore_ament_install']
[0.181s] Level 1:colcon.colcon_core.package_identification:_identify(install) by extension 'ignore'
[0.181s] Level 1:colcon.colcon_core.package_identification:_identify(install) ignored
[0.181s] Level 1:colcon.colcon_core.package_identification:_identify(log) by extensions ['ignore', 'ignore_ament_install']
[0.181s] Level 1:colcon.colcon_core.package_identification:_identify(log) by extension 'ignore'
[0.181s] Level 1:colcon.colcon_core.package_identification:_identify(log) ignored
[0.181s] Level 1:colcon.colcon_core.package_identification:_identify(src) by extensions ['ignore', 'ignore_ament_install']
[0.182s] Level 1:colcon.colcon_core.package_identification:_identify(src) by extension 'ignore'
[0.182s] Level 1:colcon.colcon_core.package_identification:_identify(src) by extension 'ignore_ament_install'
[0.182s] Level 1:colcon.colcon_core.package_identification:_identify(src) by extensions ['colcon_pkg']
[0.182s] Level 1:colcon.colcon_core.package_identification:_identify(src) by extension 'colcon_pkg'
[0.182s] Level 1:colcon.colcon_core.package_identification:_identify(src) by extensions ['colcon_meta']
[0.182s] Level 1:colcon.colcon_core.package_identification:_identify(src) by extension 'colcon_meta'
[0.182s] Level 1:colcon.colcon_core.package_identification:_identify(src) by extensions ['ros']
[0.182s] Level 1:colcon.colcon_core.package_identification:_identify(src) by extension 'ros'
[0.182s] Level 1:colcon.colcon_core.package_identification:_identify(src) by extensions ['cmake', 'python']
[0.182s] Level 1:colcon.colcon_core.package_identification:_identify(src) by extension 'cmake'
[0.182s] Level 1:colcon.colcon_core.package_identification:_identify(src) by extension 'python'
[0.182s] Level 1:colcon.colcon_core.package_identification:_identify(src) by extensions ['python_setup_py']
[0.182s] Level 1:colcon.colcon_core.package_identification:_identify(src) by extension 'python_setup_py'
[0.182s] Level 1:colcon.colcon_core.package_identification:_identify(src/code) by extensions ['ignore', 'ignore_ament_install']
[0.182s] Level 1:colcon.colcon_core.package_identification:_identify(src/code) by extension 'ignore'
[0.182s] Level 1:colcon.colcon_core.package_identification:_identify(src/code) by extension 'ignore_ament_install'
[0.182s] Level 1:colcon.colcon_core.package_identification:_identify(src/code) by extensions ['colcon_pkg']
[0.182s] Level 1:colcon.colcon_core.package_identification:_identify(src/code) by extension 'colcon_pkg'
[0.182s] Level 1:colcon.colcon_core.package_identification:_identify(src/code) by extensions ['colcon_meta']
[0.182s] Level 1:colcon.colcon_core.package_identification:_identify(src/code) by extension 'colcon_meta'
[0.182s] Level 1:colcon.colcon_core.package_identification:_identify(src/code) by extensions ['ros']
[0.182s] Level 1:colcon.colcon_core.package_identification:_identify(src/code) by extension 'ros'
[0.184s] DEBUG:colcon.colcon_core.package_identification:Package 'src/code' with type 'ros.ament_python' and name 'code'
[0.184s] Level 1:colcon.colcon_core.package_identification:_identify(src/fr_ros2) by extensions ['ignore', 'ignore_ament_install']
[0.184s] Level 1:colcon.colcon_core.package_identification:_identify(src/fr_ros2) by extension 'ignore'
[0.184s] Level 1:colcon.colcon_core.package_identification:_identify(src/fr_ros2) by extension 'ignore_ament_install'
[0.184s] Level 1:colcon.colcon_core.package_identification:_identify(src/fr_ros2) by extensions ['colcon_pkg']
[0.184s] Level 1:colcon.colcon_core.package_identification:_identify(src/fr_ros2) by extension 'colcon_pkg'
[0.184s] Level 1:colcon.colcon_core.package_identification:_identify(src/fr_ros2) by extensions ['colcon_meta']
[0.184s] Level 1:colcon.colcon_core.package_identification:_identify(src/fr_ros2) by extension 'colcon_meta'
[0.184s] Level 1:colcon.colcon_core.package_identification:_identify(src/fr_ros2) by extensions ['ros']
[0.184s] Level 1:colcon.colcon_core.package_identification:_identify(src/fr_ros2) by extension 'ros'
[0.185s] DEBUG:colcon.colcon_core.package_identification:Package 'src/fr_ros2' with type 'ros.ament_cmake' and name 'fr_ros2'
[0.185s] Level 1:colcon.colcon_core.package_identification:_identify(src/frhal_msgs) by extensions ['ignore', 'ignore_ament_install']
[0.185s] Level 1:colcon.colcon_core.package_identification:_identify(src/frhal_msgs) by extension 'ignore'
[0.185s] Level 1:colcon.colcon_core.package_identification:_identify(src/frhal_msgs) by extension 'ignore_ament_install'
[0.185s] Level 1:colcon.colcon_core.package_identification:_identify(src/frhal_msgs) by extensions ['colcon_pkg']
[0.185s] Level 1:colcon.colcon_core.package_identification:_identify(src/frhal_msgs) by extension 'colcon_pkg'
[0.185s] Level 1:colcon.colcon_core.package_identification:_identify(src/frhal_msgs) by extensions ['colcon_meta']
[0.185s] Level 1:colcon.colcon_core.package_identification:_identify(src/frhal_msgs) by extension 'colcon_meta'
[0.185s] Level 1:colcon.colcon_core.package_identification:_identify(src/frhal_msgs) by extensions ['ros']
[0.185s] Level 1:colcon.colcon_core.package_identification:_identify(src/frhal_msgs) by extension 'ros'
[0.185s] DEBUG:colcon.colcon_core.package_identification:Package 'src/frhal_msgs' with type 'ros.ament_cmake' and name 'frhal_msgs'
[0.185s] Level 1:colcon.colcon_core.package_discovery:discover_packages(recursive) using defaults
[0.185s] Level 1:colcon.colcon_core.package_discovery:discover_packages(ignore) discover
[0.185s] Level 1:colcon.colcon_core.package_discovery:discover_packages(ignore) using defaults
[0.185s] Level 1:colcon.colcon_core.package_discovery:discover_packages(path) discover
[0.185s] Level 1:colcon.colcon_core.package_discovery:discover_packages(path) using defaults
[0.207s] Level 1:colcon.colcon_core.package_discovery:discover_packages(prefix_path) check parameters
[0.207s] Level 1:colcon.colcon_core.package_discovery:discover_packages(prefix_path) discover
[0.209s] DEBUG:colcon.colcon_installed_package_information.package_discovery:Found 273 installed packages in /opt/ros/humble
[0.209s] Level 1:colcon.colcon_core.package_discovery:discover_packages(prefix_path) using defaults
[0.233s] Level 5:colcon.colcon_core.verb:set package 'frhal_msgs' build argument 'cmake_args' from command line to 'None'
[0.233s] Level 5:colcon.colcon_core.verb:set package 'frhal_msgs' build argument 'cmake_target' from command line to 'None'
[0.233s] Level 5:colcon.colcon_core.verb:set package 'frhal_msgs' build argument 'cmake_target_skip_unavailable' from command line to 'False'
[0.233s] Level 5:colcon.colcon_core.verb:set package 'frhal_msgs' build argument 'cmake_clean_cache' from command line to 'False'
[0.233s] Level 5:colcon.colcon_core.verb:set package 'frhal_msgs' build argument 'cmake_clean_first' from command line to 'False'
[0.233s] Level 5:colcon.colcon_core.verb:set package 'frhal_msgs' build argument 'cmake_force_configure' from command line to 'False'
[0.233s] Level 5:colcon.colcon_core.verb:set package 'frhal_msgs' build argument 'ament_cmake_args' from command line to 'None'
[0.233s] Level 5:colcon.colcon_core.verb:set package 'frhal_msgs' build argument 'catkin_cmake_args' from command line to 'None'
[0.233s] Level 5:colcon.colcon_core.verb:set package 'frhal_msgs' build argument 'catkin_skip_building_tests' from command line to 'False'
[0.233s] DEBUG:colcon.colcon_core.verb:Building package 'frhal_msgs' with the following arguments: {'ament_cmake_args': None, 'build_base': '/home/mooz/ros2_ws/build/frhal_msgs', 'catkin_cmake_args': None, 'catkin_skip_building_tests': False, 'cmake_args': None, 'cmake_clean_cache': False, 'cmake_clean_first': False, 'cmake_force_configure': False, 'cmake_target': None, 'cmake_target_skip_unavailable': False, 'install_base': '/home/mooz/ros2_ws/install/frhal_msgs', 'merge_install': False, 'path': '/home/mooz/ros2_ws/src/frhal_msgs', 'symlink_install': False, 'test_result_base': None}
[0.234s] Level 5:colcon.colcon_core.verb:set package 'code' build argument 'cmake_args' from command line to 'None'
[0.234s] Level 5:colcon.colcon_core.verb:set package 'code' build argument 'cmake_target' from command line to 'None'
[0.234s] Level 5:colcon.colcon_core.verb:set package 'code' build argument 'cmake_target_skip_unavailable' from command line to 'False'
[0.234s] Level 5:colcon.colcon_core.verb:set package 'code' build argument 'cmake_clean_cache' from command line to 'False'
[0.234s] Level 5:colcon.colcon_core.verb:set package 'code' build argument 'cmake_clean_first' from command line to 'False'
[0.234s] Level 5:colcon.colcon_core.verb:set package 'code' build argument 'cmake_force_configure' from command line to 'False'
[0.234s] Level 5:colcon.colcon_core.verb:set package 'code' build argument 'ament_cmake_args' from command line to 'None'
[0.234s] Level 5:colcon.colcon_core.verb:set package 'code' build argument 'catkin_cmake_args' from command line to 'None'
[0.234s] Level 5:colcon.colcon_core.verb:set package 'code' build argument 'catkin_skip_building_tests' from command line to 'False'
[0.234s] DEBUG:colcon.colcon_core.verb:Building package 'code' with the following arguments: {'ament_cmake_args': None, 'build_base': '/home/mooz/ros2_ws/build/code', 'catkin_cmake_args': None, 'catkin_skip_building_tests': False, 'cmake_args': None, 'cmake_clean_cache': False, 'cmake_clean_first': False, 'cmake_force_configure': False, 'cmake_target': None, 'cmake_target_skip_unavailable': False, 'install_base': '/home/mooz/ros2_ws/install/code', 'merge_install': False, 'path': '/home/mooz/ros2_ws/src/code', 'symlink_install': False, 'test_result_base': None}
[0.234s] Level 5:colcon.colcon_core.verb:set package 'fr_ros2' build argument 'cmake_args' from command line to 'None'
[0.234s] Level 5:colcon.colcon_core.verb:set package 'fr_ros2' build argument 'cmake_target' from command line to 'None'
[0.234s] Level 5:colcon.colcon_core.verb:set package 'fr_ros2' build argument 'cmake_target_skip_unavailable' from command line to 'False'
[0.234s] Level 5:colcon.colcon_core.verb:set package 'fr_ros2' build argument 'cmake_clean_cache' from command line to 'False'
[0.234s] Level 5:colcon.colcon_core.verb:set package 'fr_ros2' build argument 'cmake_clean_first' from command line to 'False'
[0.234s] Level 5:colcon.colcon_core.verb:set package 'fr_ros2' build argument 'cmake_force_configure' from command line to 'False'
[0.234s] Level 5:colcon.colcon_core.verb:set package 'fr_ros2' build argument 'ament_cmake_args' from command line to 'None'
[0.234s] Level 5:colcon.colcon_core.verb:set package 'fr_ros2' build argument 'catkin_cmake_args' from command line to 'None'
[0.234s] Level 5:colcon.colcon_core.verb:set package 'fr_ros2' build argument 'catkin_skip_building_tests' from command line to 'False'
[0.234s] DEBUG:colcon.colcon_core.verb:Building package 'fr_ros2' with the following arguments: {'ament_cmake_args': None, 'build_base': '/home/mooz/ros2_ws/build/fr_ros2', 'catkin_cmake_args': None, 'catkin_skip_building_tests': False, 'cmake_args': None, 'cmake_clean_cache': False, 'cmake_clean_first': False, 'cmake_force_configure': False, 'cmake_target': None, 'cmake_target_skip_unavailable': False, 'install_base': '/home/mooz/ros2_ws/install/fr_ros2', 'merge_install': False, 'path': '/home/mooz/ros2_ws/src/fr_ros2', 'symlink_install': False, 'test_result_base': None}
[0.234s] INFO:colcon.colcon_core.executor:Executing jobs using 'parallel' executor
[0.235s] DEBUG:colcon.colcon_parallel_executor.executor.parallel:run_until_complete
[0.235s] INFO:colcon.colcon_ros.task.ament_cmake.build:Building ROS package in '/home/mooz/ros2_ws/src/frhal_msgs' with build type 'ament_cmake'
[0.235s] INFO:colcon.colcon_cmake.task.cmake.build:Building CMake package in '/home/mooz/ros2_ws/src/frhal_msgs'
[0.236s] INFO:colcon.colcon_core.plugin_system:Skipping extension 'colcon_core.shell.bat': Not used on non-Windows systems
[0.236s] INFO:colcon.colcon_core.shell:Skip shell extension 'powershell' for command environment: Not usable outside of PowerShell
[0.236s] DEBUG:colcon.colcon_core.shell:Skip shell extension 'dsv' for command environment
[0.245s] DEBUG:colcon.colcon_core.event_handler.log_command:Invoking command in '/home/mooz/ros2_ws/build/frhal_msgs': CMAKE_PREFIX_PATH=/opt/ros/humble /usr/bin/cmake --build /home/mooz/ros2_ws/build/frhal_msgs -- -j8 -l8
[0.485s] DEBUG:colcon.colcon_core.event_handler.log_command:Invoked command in '/home/mooz/ros2_ws/build/frhal_msgs' returned '0': CMAKE_PREFIX_PATH=/opt/ros/humble /usr/bin/cmake --build /home/mooz/ros2_ws/build/frhal_msgs -- -j8 -l8
[0.491s] DEBUG:colcon.colcon_core.event_handler.log_command:Invoking command in '/home/mooz/ros2_ws/build/frhal_msgs': CMAKE_PREFIX_PATH=/opt/ros/humble /usr/bin/cmake --install /home/mooz/ros2_ws/build/frhal_msgs
[0.530s] Level 1:colcon.colcon_core.environment:create_environment_scripts_only(frhal_msgs)
[0.530s] DEBUG:colcon.colcon_core.event_handler.log_command:Invoked command in '/home/mooz/ros2_ws/build/frhal_msgs' returned '0': CMAKE_PREFIX_PATH=/opt/ros/humble /usr/bin/cmake --install /home/mooz/ros2_ws/build/frhal_msgs
[0.532s] Level 1:colcon.colcon_core.environment:checking '/home/mooz/ros2_ws/install/frhal_msgs' for CMake module files
[0.532s] Level 1:colcon.colcon_core.environment:checking '/home/mooz/ros2_ws/install/frhal_msgs' for CMake config files
[0.532s] Level 1:colcon.colcon_core.shell:create_environment_hook('frhal_msgs', 'cmake_prefix_path')
[0.532s] INFO:colcon.colcon_core.shell:Creating environment hook '/home/mooz/ros2_ws/install/frhal_msgs/share/frhal_msgs/hook/cmake_prefix_path.ps1'
[0.533s] INFO:colcon.colcon_core.shell:Creating environment descriptor '/home/mooz/ros2_ws/install/frhal_msgs/share/frhal_msgs/hook/cmake_prefix_path.dsv'
[0.533s] INFO:colcon.colcon_core.shell:Creating environment hook '/home/mooz/ros2_ws/install/frhal_msgs/share/frhal_msgs/hook/cmake_prefix_path.sh'
[0.534s] Level 1:colcon.colcon_core.environment:checking '/home/mooz/ros2_ws/install/frhal_msgs/lib'
[0.534s] Level 1:colcon.colcon_core.shell:create_environment_hook('frhal_msgs', 'ld_library_path_lib')
[0.534s] INFO:colcon.colcon_core.shell:Creating environment hook '/home/mooz/ros2_ws/install/frhal_msgs/share/frhal_msgs/hook/ld_library_path_lib.ps1'
[0.534s] INFO:colcon.colcon_core.shell:Creating environment descriptor '/home/mooz/ros2_ws/install/frhal_msgs/share/frhal_msgs/hook/ld_library_path_lib.dsv'
[0.535s] INFO:colcon.colcon_core.shell:Creating environment hook '/home/mooz/ros2_ws/install/frhal_msgs/share/frhal_msgs/hook/ld_library_path_lib.sh'
[0.535s] Level 1:colcon.colcon_core.environment:checking '/home/mooz/ros2_ws/install/frhal_msgs/bin'
[0.535s] Level 1:colcon.colcon_core.environment:checking '/home/mooz/ros2_ws/install/frhal_msgs/lib/pkgconfig/frhal_msgs.pc'
[0.535s] Level 1:colcon.colcon_core.environment:checking '/home/mooz/ros2_ws/install/frhal_msgs/lib/python3.10/site-packages'
[0.535s] Level 1:colcon.colcon_core.environment:checking '/home/mooz/ros2_ws/install/frhal_msgs/bin'
[0.535s] INFO:colcon.colcon_core.shell:Creating package script '/home/mooz/ros2_ws/install/frhal_msgs/share/frhal_msgs/package.ps1'
[0.536s] INFO:colcon.colcon_core.shell:Creating package descriptor '/home/mooz/ros2_ws/install/frhal_msgs/share/frhal_msgs/package.dsv'
[0.537s] INFO:colcon.colcon_core.shell:Creating package script '/home/mooz/ros2_ws/install/frhal_msgs/share/frhal_msgs/package.sh'
[0.537s] INFO:colcon.colcon_core.shell:Creating package script '/home/mooz/ros2_ws/install/frhal_msgs/share/frhal_msgs/package.bash'
[0.538s] INFO:colcon.colcon_core.shell:Creating package script '/home/mooz/ros2_ws/install/frhal_msgs/share/frhal_msgs/package.zsh'
[0.538s] Level 1:colcon.colcon_core.environment:create_file_with_runtime_dependencies(/home/mooz/ros2_ws/install/frhal_msgs/share/colcon-core/packages/frhal_msgs)
[0.539s] Level 1:colcon.colcon_core.environment:create_environment_scripts_only(frhal_msgs)
[0.539s] Level 1:colcon.colcon_core.environment:checking '/home/mooz/ros2_ws/install/frhal_msgs' for CMake module files
[0.539s] Level 1:colcon.colcon_core.environment:checking '/home/mooz/ros2_ws/install/frhal_msgs' for CMake config files
[0.539s] Level 1:colcon.colcon_core.shell:create_environment_hook('frhal_msgs', 'cmake_prefix_path')
[0.539s] INFO:colcon.colcon_core.shell:Creating environment hook '/home/mooz/ros2_ws/install/frhal_msgs/share/frhal_msgs/hook/cmake_prefix_path.ps1'
[0.540s] INFO:colcon.colcon_core.shell:Creating environment descriptor '/home/mooz/ros2_ws/install/frhal_msgs/share/frhal_msgs/hook/cmake_prefix_path.dsv'
[0.540s] INFO:colcon.colcon_core.shell:Creating environment hook '/home/mooz/ros2_ws/install/frhal_msgs/share/frhal_msgs/hook/cmake_prefix_path.sh'
[0.540s] Level 1:colcon.colcon_core.environment:checking '/home/mooz/ros2_ws/install/frhal_msgs/lib'
[0.540s] Level 1:colcon.colcon_core.shell:create_environment_hook('frhal_msgs', 'ld_library_path_lib')
[0.540s] INFO:colcon.colcon_core.shell:Creating environment hook '/home/mooz/ros2_ws/install/frhal_msgs/share/frhal_msgs/hook/ld_library_path_lib.ps1'
[0.541s] INFO:colcon.colcon_core.shell:Creating environment descriptor '/home/mooz/ros2_ws/install/frhal_msgs/share/frhal_msgs/hook/ld_library_path_lib.dsv'
[0.541s] INFO:colcon.colcon_core.shell:Creating environment hook '/home/mooz/ros2_ws/install/frhal_msgs/share/frhal_msgs/hook/ld_library_path_lib.sh'
[0.541s] Level 1:colcon.colcon_core.environment:checking '/home/mooz/ros2_ws/install/frhal_msgs/bin'
[0.541s] Level 1:colcon.colcon_core.environment:checking '/home/mooz/ros2_ws/install/frhal_msgs/lib/pkgconfig/frhal_msgs.pc'
[0.541s] Level 1:colcon.colcon_core.environment:checking '/home/mooz/ros2_ws/install/frhal_msgs/lib/python3.10/site-packages'
[0.542s] Level 1:colcon.colcon_core.environment:checking '/home/mooz/ros2_ws/install/frhal_msgs/bin'
[0.542s] INFO:colcon.colcon_core.shell:Creating package script '/home/mooz/ros2_ws/install/frhal_msgs/share/frhal_msgs/package.ps1'
[0.542s] INFO:colcon.colcon_core.shell:Creating package descriptor '/home/mooz/ros2_ws/install/frhal_msgs/share/frhal_msgs/package.dsv'
[0.542s] INFO:colcon.colcon_core.shell:Creating package script '/home/mooz/ros2_ws/install/frhal_msgs/share/frhal_msgs/package.sh'
[0.543s] INFO:colcon.colcon_core.shell:Creating package script '/home/mooz/ros2_ws/install/frhal_msgs/share/frhal_msgs/package.bash'
[0.543s] INFO:colcon.colcon_core.shell:Creating package script '/home/mooz/ros2_ws/install/frhal_msgs/share/frhal_msgs/package.zsh'
[0.543s] Level 1:colcon.colcon_core.environment:create_file_with_runtime_dependencies(/home/mooz/ros2_ws/install/frhal_msgs/share/colcon-core/packages/frhal_msgs)
[0.543s] INFO:colcon.colcon_ros.task.ament_python.build:Building ROS package in '/home/mooz/ros2_ws/src/code' with build type 'ament_python'
[0.543s] Level 1:colcon.colcon_core.shell:create_environment_hook('code', 'ament_prefix_path')
[0.544s] INFO:colcon.colcon_core.shell:Creating environment hook '/home/mooz/ros2_ws/install/code/share/code/hook/ament_prefix_path.ps1'
[0.544s] INFO:colcon.colcon_core.shell:Creating environment descriptor '/home/mooz/ros2_ws/install/code/share/code/hook/ament_prefix_path.dsv'
[0.544s] INFO:colcon.colcon_core.shell:Creating environment hook '/home/mooz/ros2_ws/install/code/share/code/hook/ament_prefix_path.sh'
[0.545s] INFO:colcon.colcon_core.shell:Skip shell extension 'powershell' for command environment: Not usable outside of PowerShell
[0.545s] DEBUG:colcon.colcon_core.shell:Skip shell extension 'dsv' for command environment
[0.546s] INFO:colcon.colcon_ros.task.ament_cmake.build:Building ROS package in '/home/mooz/ros2_ws/src/fr_ros2' with build type 'ament_cmake'
[0.547s] INFO:colcon.colcon_cmake.task.cmake.build:Building CMake package in '/home/mooz/ros2_ws/src/fr_ros2'
[0.547s] INFO:colcon.colcon_core.shell:Skip shell extension 'powershell' for command environment: Not usable outside of PowerShell
[0.547s] DEBUG:colcon.colcon_core.shell:Skip shell extension 'dsv' for command environment
[0.718s] INFO:colcon.colcon_core.task.python.build:Building Python package in '/home/mooz/ros2_ws/src/code'
[0.718s] INFO:colcon.colcon_core.shell:Skip shell extension 'powershell' for command environment: Not usable outside of PowerShell
[0.718s] DEBUG:colcon.colcon_core.shell:Skip shell extension 'dsv' for command environment
[0.723s] DEBUG:colcon.colcon_core.event_handler.log_command:Invoking command in '/home/mooz/ros2_ws/build/fr_ros2': AMENT_PREFIX_PATH=/home/mooz/ros2_ws/install/frhal_msgs:${AMENT_PREFIX_PATH} CMAKE_PREFIX_PATH=/home/mooz/ros2_ws/install/frhal_msgs:/opt/ros/humble LD_LIBRARY_PATH=/home/mooz/ros2_ws/install/frhal_msgs/lib:${LD_LIBRARY_PATH} PYTHONPATH=/home/mooz/ros2_ws/install/frhal_msgs/local/lib/python3.10/dist-packages:${PYTHONPATH} /usr/bin/cmake --build /home/mooz/ros2_ws/build/fr_ros2 -- -j8 -l8
[0.776s] DEBUG:colcon.colcon_core.event_handler.log_command:Invoked command in '/home/mooz/ros2_ws/build/fr_ros2' returned '0': AMENT_PREFIX_PATH=/home/mooz/ros2_ws/install/frhal_msgs:${AMENT_PREFIX_PATH} CMAKE_PREFIX_PATH=/home/mooz/ros2_ws/install/frhal_msgs:/opt/ros/humble LD_LIBRARY_PATH=/home/mooz/ros2_ws/install/frhal_msgs/lib:${LD_LIBRARY_PATH} PYTHONPATH=/home/mooz/ros2_ws/install/frhal_msgs/local/lib/python3.10/dist-packages:${PYTHONPATH} /usr/bin/cmake --build /home/mooz/ros2_ws/build/fr_ros2 -- -j8 -l8
[0.776s] DEBUG:colcon.colcon_core.event_handler.log_command:Invoking command in '/home/mooz/ros2_ws/build/fr_ros2': AMENT_PREFIX_PATH=/home/mooz/ros2_ws/install/frhal_msgs:${AMENT_PREFIX_PATH} CMAKE_PREFIX_PATH=/home/mooz/ros2_ws/install/frhal_msgs:/opt/ros/humble LD_LIBRARY_PATH=/home/mooz/ros2_ws/install/frhal_msgs/lib:${LD_LIBRARY_PATH} PYTHONPATH=/home/mooz/ros2_ws/install/frhal_msgs/local/lib/python3.10/dist-packages:${PYTHONPATH} /usr/bin/cmake --install /home/mooz/ros2_ws/build/fr_ros2
[0.784s] Level 1:colcon.colcon_core.environment:create_environment_scripts_only(fr_ros2)
[0.784s] Level 1:colcon.colcon_core.environment:checking '/home/mooz/ros2_ws/install/fr_ros2' for CMake module files
[0.785s] DEBUG:colcon.colcon_core.event_handler.log_command:Invoked command in '/home/mooz/ros2_ws/build/fr_ros2' returned '0': AMENT_PREFIX_PATH=/home/mooz/ros2_ws/install/frhal_msgs:${AMENT_PREFIX_PATH} CMAKE_PREFIX_PATH=/home/mooz/ros2_ws/install/frhal_msgs:/opt/ros/humble LD_LIBRARY_PATH=/home/mooz/ros2_ws/install/frhal_msgs/lib:${LD_LIBRARY_PATH} PYTHONPATH=/home/mooz/ros2_ws/install/frhal_msgs/local/lib/python3.10/dist-packages:${PYTHONPATH} /usr/bin/cmake --install /home/mooz/ros2_ws/build/fr_ros2
[0.785s] Level 1:colcon.colcon_core.environment:checking '/home/mooz/ros2_ws/install/fr_ros2' for CMake config files
[0.785s] Level 1:colcon.colcon_core.shell:create_environment_hook('fr_ros2', 'cmake_prefix_path')
[0.785s] INFO:colcon.colcon_core.shell:Creating environment hook '/home/mooz/ros2_ws/install/fr_ros2/share/fr_ros2/hook/cmake_prefix_path.ps1'
[0.785s] INFO:colcon.colcon_core.shell:Creating environment descriptor '/home/mooz/ros2_ws/install/fr_ros2/share/fr_ros2/hook/cmake_prefix_path.dsv'
[0.786s] INFO:colcon.colcon_core.shell:Creating environment hook '/home/mooz/ros2_ws/install/fr_ros2/share/fr_ros2/hook/cmake_prefix_path.sh'
[0.786s] Level 1:colcon.colcon_core.environment:checking '/home/mooz/ros2_ws/install/fr_ros2/lib'
[0.786s] Level 1:colcon.colcon_core.environment:checking '/home/mooz/ros2_ws/install/fr_ros2/bin'
[0.786s] Level 1:colcon.colcon_core.environment:checking '/home/mooz/ros2_ws/install/fr_ros2/lib/pkgconfig/fr_ros2.pc'
[0.786s] Level 1:colcon.colcon_core.environment:checking '/home/mooz/ros2_ws/install/fr_ros2/lib/python3.10/site-packages'
[0.787s] Level 1:colcon.colcon_core.environment:checking '/home/mooz/ros2_ws/install/fr_ros2/bin'
[0.787s] INFO:colcon.colcon_core.shell:Creating package script '/home/mooz/ros2_ws/install/fr_ros2/share/fr_ros2/package.ps1'
[0.787s] INFO:colcon.colcon_core.shell:Creating package descriptor '/home/mooz/ros2_ws/install/fr_ros2/share/fr_ros2/package.dsv'
[0.787s] INFO:colcon.colcon_core.shell:Creating package script '/home/mooz/ros2_ws/install/fr_ros2/share/fr_ros2/package.sh'
[0.788s] INFO:colcon.colcon_core.shell:Creating package script '/home/mooz/ros2_ws/install/fr_ros2/share/fr_ros2/package.bash'
[0.788s] INFO:colcon.colcon_core.shell:Creating package script '/home/mooz/ros2_ws/install/fr_ros2/share/fr_ros2/package.zsh'
[0.788s] Level 1:colcon.colcon_core.environment:create_file_with_runtime_dependencies(/home/mooz/ros2_ws/install/fr_ros2/share/colcon-core/packages/fr_ros2)
[0.788s] Level 1:colcon.colcon_core.environment:create_environment_scripts_only(fr_ros2)
[0.789s] Level 1:colcon.colcon_core.environment:checking '/home/mooz/ros2_ws/install/fr_ros2' for CMake module files
[0.789s] Level 1:colcon.colcon_core.environment:checking '/home/mooz/ros2_ws/install/fr_ros2' for CMake config files
[0.789s] Level 1:colcon.colcon_core.shell:create_environment_hook('fr_ros2', 'cmake_prefix_path')
[0.789s] INFO:colcon.colcon_core.shell:Creating environment hook '/home/mooz/ros2_ws/install/fr_ros2/share/fr_ros2/hook/cmake_prefix_path.ps1'
[0.789s] INFO:colcon.colcon_core.shell:Creating environment descriptor '/home/mooz/ros2_ws/install/fr_ros2/share/fr_ros2/hook/cmake_prefix_path.dsv'
[0.790s] INFO:colcon.colcon_core.shell:Creating environment hook '/home/mooz/ros2_ws/install/fr_ros2/share/fr_ros2/hook/cmake_prefix_path.sh'
[0.790s] Level 1:colcon.colcon_core.environment:checking '/home/mooz/ros2_ws/install/fr_ros2/lib'
[0.790s] Level 1:colcon.colcon_core.environment:checking '/home/mooz/ros2_ws/install/fr_ros2/bin'
[0.790s] Level 1:colcon.colcon_core.environment:checking '/home/mooz/ros2_ws/install/fr_ros2/lib/pkgconfig/fr_ros2.pc'
[0.790s] Level 1:colcon.colcon_core.environment:checking '/home/mooz/ros2_ws/install/fr_ros2/lib/python3.10/site-packages'
[0.791s] Level 1:colcon.colcon_core.environment:checking '/home/mooz/ros2_ws/install/fr_ros2/bin'
[0.791s] INFO:colcon.colcon_core.shell:Creating package script '/home/mooz/ros2_ws/install/fr_ros2/share/fr_ros2/package.ps1'
[0.791s] INFO:colcon.colcon_core.shell:Creating package descriptor '/home/mooz/ros2_ws/install/fr_ros2/share/fr_ros2/package.dsv'
[0.791s] INFO:colcon.colcon_core.shell:Creating package script '/home/mooz/ros2_ws/install/fr_ros2/share/fr_ros2/package.sh'
[0.792s] INFO:colcon.colcon_core.shell:Creating package script '/home/mooz/ros2_ws/install/fr_ros2/share/fr_ros2/package.bash'
[0.792s] INFO:colcon.colcon_core.shell:Creating package script '/home/mooz/ros2_ws/install/fr_ros2/share/fr_ros2/package.zsh'
[0.792s] Level 1:colcon.colcon_core.environment:create_file_with_runtime_dependencies(/home/mooz/ros2_ws/install/fr_ros2/share/colcon-core/packages/fr_ros2)
[0.954s] DEBUG:colcon.colcon_core.task.python.build:Available setuptools commands: develop, symlink_data, bdist, check, build, install, install_egg_info, install_data, saveopts, build_clib, clean, install_lib, bdist_rpm, rotate, easy_install, test, install_headers, bdist_dumb, install_scripts, sdist, upload_docs, upload, setopt, build_py, dist_info, alias, register, bdist_egg, egg_info, build_ext, build_scripts
[0.956s] DEBUG:colcon.colcon_core.event_handler.log_command:Invoking command in '/home/mooz/ros2_ws/src/code': AMENT_PREFIX_PATH=/home/mooz/ros2_ws/install/frhal_msgs:${AMENT_PREFIX_PATH} CMAKE_PREFIX_PATH=/home/mooz/ros2_ws/install/frhal_msgs LD_LIBRARY_PATH=/home/mooz/ros2_ws/install/frhal_msgs/lib:${LD_LIBRARY_PATH} PYTHONPATH=/home/mooz/ros2_ws/build/code/prefix_override:/usr/lib/python3/dist-packages/colcon_core/task/python/colcon_distutils_commands:/home/mooz/ros2_ws/install/code/lib/python3.10/site-packages:/home/mooz/ros2_ws/install/frhal_msgs/local/lib/python3.10/dist-packages:${PYTHONPATH} /usr/bin/python3 -W ignore:setup.py install is deprecated -W ignore:easy_install command is deprecated setup.py egg_info --egg-base ../../build/code build --build-base /home/mooz/ros2_ws/build/code/build install --record /home/mooz/ros2_ws/build/code/install.log --install-scripts $base/lib/code --single-version-externally-managed install_data
[1.142s] Level 1:colcon.colcon_core.environment:checking '/home/mooz/ros2_ws/install/code' for CMake module files
[1.142s] DEBUG:colcon.colcon_core.event_handler.log_command:Invoked command in '/home/mooz/ros2_ws/src/code' returned '0': AMENT_PREFIX_PATH=/home/mooz/ros2_ws/install/frhal_msgs:${AMENT_PREFIX_PATH} CMAKE_PREFIX_PATH=/home/mooz/ros2_ws/install/frhal_msgs LD_LIBRARY_PATH=/home/mooz/ros2_ws/install/frhal_msgs/lib:${LD_LIBRARY_PATH} PYTHONPATH=/home/mooz/ros2_ws/build/code/prefix_override:/usr/lib/python3/dist-packages/colcon_core/task/python/colcon_distutils_commands:/home/mooz/ros2_ws/install/code/lib/python3.10/site-packages:/home/mooz/ros2_ws/install/frhal_msgs/local/lib/python3.10/dist-packages:${PYTHONPATH} /usr/bin/python3 -W ignore:setup.py install is deprecated -W ignore:easy_install command is deprecated setup.py egg_info --egg-base ../../build/code build --build-base /home/mooz/ros2_ws/build/code/build install --record /home/mooz/ros2_ws/build/code/install.log --install-scripts $base/lib/code --single-version-externally-managed install_data
[1.142s] Level 1:colcon.colcon_core.environment:checking '/home/mooz/ros2_ws/install/code' for CMake config files
[1.143s] Level 1:colcon.colcon_core.environment:checking '/home/mooz/ros2_ws/install/code/lib'
[1.143s] Level 1:colcon.colcon_core.environment:checking '/home/mooz/ros2_ws/install/code/bin'
[1.143s] Level 1:colcon.colcon_core.environment:checking '/home/mooz/ros2_ws/install/code/lib/pkgconfig/code.pc'
[1.143s] Level 1:colcon.colcon_core.environment:checking '/home/mooz/ros2_ws/install/code/lib/python3.10/site-packages'
[1.143s] Level 1:colcon.colcon_core.shell:create_environment_hook('code', 'pythonpath')
[1.143s] INFO:colcon.colcon_core.shell:Creating environment hook '/home/mooz/ros2_ws/install/code/share/code/hook/pythonpath.ps1'
[1.143s] INFO:colcon.colcon_core.shell:Creating environment descriptor '/home/mooz/ros2_ws/install/code/share/code/hook/pythonpath.dsv'
[1.144s] INFO:colcon.colcon_core.shell:Creating environment hook '/home/mooz/ros2_ws/install/code/share/code/hook/pythonpath.sh'
[1.144s] Level 1:colcon.colcon_core.environment:checking '/home/mooz/ros2_ws/install/code/bin'
[1.144s] Level 1:colcon.colcon_core.environment:create_environment_scripts_only(code)
[1.144s] INFO:colcon.colcon_core.shell:Creating package script '/home/mooz/ros2_ws/install/code/share/code/package.ps1'
[1.145s] INFO:colcon.colcon_core.shell:Creating package descriptor '/home/mooz/ros2_ws/install/code/share/code/package.dsv'
[1.145s] INFO:colcon.colcon_core.shell:Creating package script '/home/mooz/ros2_ws/install/code/share/code/package.sh'
[1.145s] INFO:colcon.colcon_core.shell:Creating package script '/home/mooz/ros2_ws/install/code/share/code/package.bash'
[1.145s] INFO:colcon.colcon_core.shell:Creating package script '/home/mooz/ros2_ws/install/code/share/code/package.zsh'
[1.146s] Level 1:colcon.colcon_core.environment:create_file_with_runtime_dependencies(/home/mooz/ros2_ws/install/code/share/colcon-core/packages/code)
[1.146s] DEBUG:colcon.colcon_parallel_executor.executor.parallel:closing loop
[1.146s] DEBUG:colcon.colcon_parallel_executor.executor.parallel:loop closed
[1.146s] DEBUG:colcon.colcon_parallel_executor.executor.parallel:run_until_complete finished with '0'
[1.146s] DEBUG:colcon.colcon_core.event_reactor:joining thread
[1.150s] INFO:colcon.colcon_core.plugin_system:Skipping extension 'colcon_notification.desktop_notification.terminal_notifier': Not used on non-Darwin systems
[1.150s] INFO:colcon.colcon_core.plugin_system:Skipping extension 'colcon_notification.desktop_notification.win32': Not used on non-Windows systems
[1.150s] INFO:colcon.colcon_notification.desktop_notification:Sending desktop notification using 'notify2'
[1.158s] DEBUG:colcon.colcon_core.event_reactor:joined thread
[1.158s] INFO:colcon.colcon_core.shell:Creating prefix script '/home/mooz/ros2_ws/install/local_setup.ps1'
[1.159s] INFO:colcon.colcon_core.shell:Creating prefix util module '/home/mooz/ros2_ws/install/_local_setup_util_ps1.py'
[1.160s] INFO:colcon.colcon_core.shell:Creating prefix chain script '/home/mooz/ros2_ws/install/setup.ps1'
[1.161s] INFO:colcon.colcon_core.shell:Creating prefix script '/home/mooz/ros2_ws/install/local_setup.sh'
[1.161s] INFO:colcon.colcon_core.shell:Creating prefix util module '/home/mooz/ros2_ws/install/_local_setup_util_sh.py'
[1.162s] INFO:colcon.colcon_core.shell:Creating prefix chain script '/home/mooz/ros2_ws/install/setup.sh'
[1.162s] INFO:colcon.colcon_core.shell:Creating prefix script '/home/mooz/ros2_ws/install/local_setup.bash'
[1.163s] INFO:colcon.colcon_core.shell:Creating prefix chain script '/home/mooz/ros2_ws/install/setup.bash'
[1.164s] INFO:colcon.colcon_core.shell:Creating prefix script '/home/mooz/ros2_ws/install/local_setup.zsh'
[1.164s] INFO:colcon.colcon_core.shell:Creating prefix chain script '/home/mooz/ros2_ws/install/setup.zsh'
