running develop
running egg_info
writing code.egg-info/PKG-INFO
writing dependency_links to code.egg-info/dependency_links.txt
writing entry points to code.egg-info/entry_points.txt
writing requirements to code.egg-info/requires.txt
writing top-level names to code.egg-info/top_level.txt
reading manifest file 'code.egg-info/SOURCES.txt'
writing manifest file 'code.egg-info/SOURCES.txt'
running build_ext
Creating /home/mooz/ros2_ws/install/code/lib/python3.10/site-packages/code.egg-link (link to .)
Installing Inversa_suscriber script to /home/mooz/ros2_ws/install/code/lib/code
Installing MoveL script to /home/mooz/ros2_ws/install/code/lib/code
Installing Publicador_Subscritor script to /home/mooz/ros2_ws/install/code/lib/code
Installing Publicador_tcp script to /home/mooz/ros2_ws/install/code/lib/code
Installing command_client script to /home/mooz/ros2_ws/install/code/lib/code
Installing command_publisher script to /home/mooz/ros2_ws/install/code/lib/code
Installing command_server script to /home/mooz/ros2_ws/install/code/lib/code
Installing command_subscriber script to /home/mooz/ros2_ws/install/code/lib/code
Installing mgd script to /home/mooz/ros2_ws/install/code/lib/code
Installing mgd1 script to /home/mooz/ros2_ws/install/code/lib/code
Installing publisher_subscriber script to /home/mooz/ros2_ws/install/code/lib/code
Installing robot_controller script to /home/mooz/ros2_ws/install/code/lib/code
Installing robot_publicador script to /home/mooz/ros2_ws/install/code/lib/code
Installing robot_publisher script to /home/mooz/ros2_ws/install/code/lib/code
Installing robot_teleop script to /home/mooz/ros2_ws/install/code/lib/code
Installing troubleshooting script to /home/mooz/ros2_ws/install/code/lib/code

Installed /home/mooz/ros2_ws/build/code
running symlink_data
symbolically linking /home/mooz/ros2_ws/build/code/resource/code -> /home/mooz/ros2_ws/install/code/share/ament_index/resource_index/packages
symbolically linking /home/mooz/ros2_ws/build/code/package.xml -> /home/mooz/ros2_ws/install/code/share/code
