[0.624s] Invoking command in '/home/mooz/ros2_ws/build/code': AMENT_PREFIX_PATH=/home/mooz/ros2_ws/install/frhal_msgs:${AMENT_PREFIX_PATH} CMAKE_PREFIX_PATH=/home/mooz/ros2_ws/install/frhal_msgs LD_LIBRARY_PATH=/home/mooz/ros2_ws/install/frhal_msgs/lib:${LD_LIBRARY_PATH} PYTHONPATH=/home/mooz/ros2_ws/build/code/prefix_override:/usr/lib/python3/dist-packages/colcon_core/task/python/colcon_distutils_commands:/home/mooz/ros2_ws/install/code/lib/python3.10/site-packages:/home/mooz/ros2_ws/install/frhal_msgs/local/lib/python3.10/dist-packages:${PYTHONPATH} /usr/bin/python3 -W ignore:setup.py install is deprecated -W ignore:easy_install command is deprecated setup.py develop --editable --build-directory /home/mooz/ros2_ws/build/code/build --no-deps symlink_data --force
[0.795s] running develop
[0.892s] running egg_info
[0.892s] writing code.egg-info/PKG-INFO
[0.892s] writing dependency_links to code.egg-info/dependency_links.txt
[0.892s] writing entry points to code.egg-info/entry_points.txt
[0.892s] writing requirements to code.egg-info/requires.txt
[0.892s] writing top-level names to code.egg-info/top_level.txt
[0.893s] reading manifest file 'code.egg-info/SOURCES.txt'
[0.894s] writing manifest file 'code.egg-info/SOURCES.txt'
[0.895s] running build_ext
[0.895s] Creating /home/mooz/ros2_ws/install/code/lib/python3.10/site-packages/code.egg-link (link to .)
[0.895s] Installing Inversa_suscriber script to /home/mooz/ros2_ws/install/code/lib/code
[0.895s] Installing MoveL script to /home/mooz/ros2_ws/install/code/lib/code
[0.896s] Installing Publicador_Subscritor script to /home/mooz/ros2_ws/install/code/lib/code
[0.896s] Installing Publicador_tcp script to /home/mooz/ros2_ws/install/code/lib/code
[0.896s] Installing command_client script to /home/mooz/ros2_ws/install/code/lib/code
[0.896s] Installing command_publisher script to /home/mooz/ros2_ws/install/code/lib/code
[0.896s] Installing command_server script to /home/mooz/ros2_ws/install/code/lib/code
[0.896s] Installing command_subscriber script to /home/mooz/ros2_ws/install/code/lib/code
[0.896s] Installing mgd script to /home/mooz/ros2_ws/install/code/lib/code
[0.896s] Installing mgd1 script to /home/mooz/ros2_ws/install/code/lib/code
[0.896s] Installing publisher_subscriber script to /home/mooz/ros2_ws/install/code/lib/code
[0.896s] Installing robot_controller script to /home/mooz/ros2_ws/install/code/lib/code
[0.896s] Installing robot_publicador script to /home/mooz/ros2_ws/install/code/lib/code
[0.896s] Installing robot_publisher script to /home/mooz/ros2_ws/install/code/lib/code
[0.896s] Installing robot_teleop script to /home/mooz/ros2_ws/install/code/lib/code
[0.896s] Installing troubleshooting script to /home/mooz/ros2_ws/install/code/lib/code
[0.896s] 
[0.896s] Installed /home/mooz/ros2_ws/build/code
[0.896s] running symlink_data
[0.896s] symbolically linking /home/mooz/ros2_ws/build/code/resource/code -> /home/mooz/ros2_ws/install/code/share/ament_index/resource_index/packages
[0.897s] symbolically linking /home/mooz/ros2_ws/build/code/package.xml -> /home/mooz/ros2_ws/install/code/share/code
[0.916s] Invoked command in '/home/mooz/ros2_ws/build/code' returned '0': AMENT_PREFIX_PATH=/home/mooz/ros2_ws/install/frhal_msgs:${AMENT_PREFIX_PATH} CMAKE_PREFIX_PATH=/home/mooz/ros2_ws/install/frhal_msgs LD_LIBRARY_PATH=/home/mooz/ros2_ws/install/frhal_msgs/lib:${LD_LIBRARY_PATH} PYTHONPATH=/home/mooz/ros2_ws/build/code/prefix_override:/usr/lib/python3/dist-packages/colcon_core/task/python/colcon_distutils_commands:/home/mooz/ros2_ws/install/code/lib/python3.10/site-packages:/home/mooz/ros2_ws/install/frhal_msgs/local/lib/python3.10/dist-packages:${PYTHONPATH} /usr/bin/python3 -W ignore:setup.py install is deprecated -W ignore:easy_install command is deprecated setup.py develop --editable --build-directory /home/mooz/ros2_ws/build/code/build --no-deps symlink_data --force
