[0.276s] DEBUG:colcon:Command line arguments: ['/usr/bin/colcon', 'build', '--packages-select', 'fr_ros2']
[0.276s] DEBUG:colcon:Parsed command line arguments: Namespace(log_base=None, log_level=None, verb_name='build', build_base='build', install_base='install', merge_install=False, symlink_install=False, test_result_base=None, continue_on_error=False, executor='parallel', parallel_workers=8, event_handlers=None, ignore_user_meta=False, metas=['./colcon.meta'], base_paths=['.'], packages_ignore=None, packages_ignore_regex=None, paths=None, packages_up_to=None, packages_up_to_regex=None, packages_above=None, packages_above_and_dependencies=None, packages_above_depth=None, packages_select_by_dep=None, packages_skip_by_dep=None, packages_skip_up_to=None, packages_select_build_failed=False, packages_skip_build_finished=False, packages_select_test_failures=False, packages_skip_test_passed=False, packages_select=['fr_ros2'], packages_skip=None, packages_select_regex=None, packages_skip_regex=None, packages_start=None, packages_end=None, allow_overriding=[], cmake_args=None, cmake_target=None, cmake_target_skip_unavailable=False, cmake_clean_cache=False, cmake_clean_first=False, cmake_force_configure=False, ament_cmake_args=None, catkin_cmake_args=None, catkin_skip_building_tests=False, mixin_files=None, mixin=None, verb_parser=<colcon_mixin.mixin.mixin_argument.MixinArgumentDecorator object at 0x708ac8e517e0>, verb_extension=<colcon_core.verb.build.BuildVerb object at 0x708ac8e50fd0>, main=<bound method BuildVerb.main of <colcon_core.verb.build.BuildVerb object at 0x708ac8e50fd0>>, mixin_verb=('build',))
[0.639s] Level 1:colcon.colcon_core.package_discovery:discover_packages(colcon_meta) check parameters
[0.639s] Level 1:colcon.colcon_core.package_discovery:discover_packages(recursive) check parameters
[0.639s] Level 1:colcon.colcon_core.package_discovery:discover_packages(ignore) check parameters
[0.639s] Level 1:colcon.colcon_core.package_discovery:discover_packages(path) check parameters
[0.639s] Level 1:colcon.colcon_core.package_discovery:discover_packages(colcon_meta) discover
[0.639s] Level 1:colcon.colcon_core.package_discovery:discover_packages(recursive) discover
[0.639s] INFO:colcon.colcon_core.package_discovery:Crawling recursively for packages in '/home/mooz/ros2_ws'
[0.639s] Level 1:colcon.colcon_core.package_identification:_identify(.) by extensions ['ignore', 'ignore_ament_install']
[0.639s] Level 1:colcon.colcon_core.package_identification:_identify(.) by extension 'ignore'
[0.639s] Level 1:colcon.colcon_core.package_identification:_identify(.) by extension 'ignore_ament_install'
[0.639s] Level 1:colcon.colcon_core.package_identification:_identify(.) by extensions ['colcon_pkg']
[0.640s] Level 1:colcon.colcon_core.package_identification:_identify(.) by extension 'colcon_pkg'
[0.640s] Level 1:colcon.colcon_core.package_identification:_identify(.) by extensions ['colcon_meta']
[0.640s] Level 1:colcon.colcon_core.package_identification:_identify(.) by extension 'colcon_meta'
[0.640s] Level 1:colcon.colcon_core.package_identification:_identify(.) by extensions ['ros']
[0.640s] Level 1:colcon.colcon_core.package_identification:_identify(.) by extension 'ros'
[0.663s] Level 1:colcon.colcon_core.package_identification:_identify(.) by extensions ['cmake', 'python']
[0.663s] Level 1:colcon.colcon_core.package_identification:_identify(.) by extension 'cmake'
[0.663s] Level 1:colcon.colcon_core.package_identification:_identify(.) by extension 'python'
[0.663s] Level 1:colcon.colcon_core.package_identification:_identify(.) by extensions ['python_setup_py']
[0.664s] Level 1:colcon.colcon_core.package_identification:_identify(.) by extension 'python_setup_py'
[0.664s] Level 1:colcon.colcon_core.package_identification:_identify(build) by extensions ['ignore', 'ignore_ament_install']
[0.664s] Level 1:colcon.colcon_core.package_identification:_identify(build) by extension 'ignore'
[0.664s] Level 1:colcon.colcon_core.package_identification:_identify(build) ignored
[0.664s] Level 1:colcon.colcon_core.package_identification:_identify(install) by extensions ['ignore', 'ignore_ament_install']
[0.664s] Level 1:colcon.colcon_core.package_identification:_identify(install) by extension 'ignore'
[0.664s] Level 1:colcon.colcon_core.package_identification:_identify(install) ignored
[0.664s] Level 1:colcon.colcon_core.package_identification:_identify(log) by extensions ['ignore', 'ignore_ament_install']
[0.665s] Level 1:colcon.colcon_core.package_identification:_identify(log) by extension 'ignore'
[0.665s] Level 1:colcon.colcon_core.package_identification:_identify(log) ignored
[0.665s] Level 1:colcon.colcon_core.package_identification:_identify(src) by extensions ['ignore', 'ignore_ament_install']
[0.665s] Level 1:colcon.colcon_core.package_identification:_identify(src) by extension 'ignore'
[0.665s] Level 1:colcon.colcon_core.package_identification:_identify(src) by extension 'ignore_ament_install'
[0.665s] Level 1:colcon.colcon_core.package_identification:_identify(src) by extensions ['colcon_pkg']
[0.665s] Level 1:colcon.colcon_core.package_identification:_identify(src) by extension 'colcon_pkg'
[0.665s] Level 1:colcon.colcon_core.package_identification:_identify(src) by extensions ['colcon_meta']
[0.665s] Level 1:colcon.colcon_core.package_identification:_identify(src) by extension 'colcon_meta'
[0.665s] Level 1:colcon.colcon_core.package_identification:_identify(src) by extensions ['ros']
[0.665s] Level 1:colcon.colcon_core.package_identification:_identify(src) by extension 'ros'
[0.665s] Level 1:colcon.colcon_core.package_identification:_identify(src) by extensions ['cmake', 'python']
[0.665s] Level 1:colcon.colcon_core.package_identification:_identify(src) by extension 'cmake'
[0.665s] Level 1:colcon.colcon_core.package_identification:_identify(src) by extension 'python'
[0.665s] Level 1:colcon.colcon_core.package_identification:_identify(src) by extensions ['python_setup_py']
[0.666s] Level 1:colcon.colcon_core.package_identification:_identify(src) by extension 'python_setup_py'
[0.666s] Level 1:colcon.colcon_core.package_identification:_identify(src/code) by extensions ['ignore', 'ignore_ament_install']
[0.666s] Level 1:colcon.colcon_core.package_identification:_identify(src/code) by extension 'ignore'
[0.666s] Level 1:colcon.colcon_core.package_identification:_identify(src/code) by extension 'ignore_ament_install'
[0.666s] Level 1:colcon.colcon_core.package_identification:_identify(src/code) by extensions ['colcon_pkg']
[0.666s] Level 1:colcon.colcon_core.package_identification:_identify(src/code) by extension 'colcon_pkg'
[0.666s] Level 1:colcon.colcon_core.package_identification:_identify(src/code) by extensions ['colcon_meta']
[0.666s] Level 1:colcon.colcon_core.package_identification:_identify(src/code) by extension 'colcon_meta'
[0.666s] Level 1:colcon.colcon_core.package_identification:_identify(src/code) by extensions ['ros']
[0.666s] Level 1:colcon.colcon_core.package_identification:_identify(src/code) by extension 'ros'
[0.672s] DEBUG:colcon.colcon_core.package_identification:Package 'src/code' with type 'ros.ament_python' and name 'code'
[0.672s] Level 1:colcon.colcon_core.package_identification:_identify(src/fr_ros2) by extensions ['ignore', 'ignore_ament_install']
[0.672s] Level 1:colcon.colcon_core.package_identification:_identify(src/fr_ros2) by extension 'ignore'
[0.672s] Level 1:colcon.colcon_core.package_identification:_identify(src/fr_ros2) by extension 'ignore_ament_install'
[0.672s] Level 1:colcon.colcon_core.package_identification:_identify(src/fr_ros2) by extensions ['colcon_pkg']
[0.672s] Level 1:colcon.colcon_core.package_identification:_identify(src/fr_ros2) by extension 'colcon_pkg'
[0.672s] Level 1:colcon.colcon_core.package_identification:_identify(src/fr_ros2) by extensions ['colcon_meta']
[0.672s] Level 1:colcon.colcon_core.package_identification:_identify(src/fr_ros2) by extension 'colcon_meta'
[0.672s] Level 1:colcon.colcon_core.package_identification:_identify(src/fr_ros2) by extensions ['ros']
[0.672s] Level 1:colcon.colcon_core.package_identification:_identify(src/fr_ros2) by extension 'ros'
[0.674s] DEBUG:colcon.colcon_core.package_identification:Package 'src/fr_ros2' with type 'ros.ament_cmake' and name 'fr_ros2'
[0.674s] Level 1:colcon.colcon_core.package_identification:_identify(src/frhal_msgs) by extensions ['ignore', 'ignore_ament_install']
[0.674s] Level 1:colcon.colcon_core.package_identification:_identify(src/frhal_msgs) by extension 'ignore'
[0.674s] Level 1:colcon.colcon_core.package_identification:_identify(src/frhal_msgs) by extension 'ignore_ament_install'
[0.674s] Level 1:colcon.colcon_core.package_identification:_identify(src/frhal_msgs) by extensions ['colcon_pkg']
[0.674s] Level 1:colcon.colcon_core.package_identification:_identify(src/frhal_msgs) by extension 'colcon_pkg'
[0.674s] Level 1:colcon.colcon_core.package_identification:_identify(src/frhal_msgs) by extensions ['colcon_meta']
[0.674s] Level 1:colcon.colcon_core.package_identification:_identify(src/frhal_msgs) by extension 'colcon_meta'
[0.674s] Level 1:colcon.colcon_core.package_identification:_identify(src/frhal_msgs) by extensions ['ros']
[0.674s] Level 1:colcon.colcon_core.package_identification:_identify(src/frhal_msgs) by extension 'ros'
[0.675s] DEBUG:colcon.colcon_core.package_identification:Package 'src/frhal_msgs' with type 'ros.ament_cmake' and name 'frhal_msgs'
[0.675s] Level 1:colcon.colcon_core.package_discovery:discover_packages(recursive) using defaults
[0.675s] Level 1:colcon.colcon_core.package_discovery:discover_packages(ignore) discover
[0.676s] Level 1:colcon.colcon_core.package_discovery:discover_packages(ignore) using defaults
[0.676s] Level 1:colcon.colcon_core.package_discovery:discover_packages(path) discover
[0.676s] Level 1:colcon.colcon_core.package_discovery:discover_packages(path) using defaults
[0.732s] INFO:colcon.colcon_core.package_selection:Skipping not selected package 'frhal_msgs' in 'src/frhal_msgs'
[0.732s] INFO:colcon.colcon_core.package_selection:Skipping not selected package 'code' in 'src/code'
[0.733s] Level 1:colcon.colcon_core.package_discovery:discover_packages(prefix_path) check parameters
[0.733s] Level 1:colcon.colcon_core.package_discovery:discover_packages(prefix_path) discover
[0.737s] DEBUG:colcon.colcon_installed_package_information.package_discovery:Found 278 installed packages in /opt/ros/humble
[0.740s] Level 1:colcon.colcon_core.package_discovery:discover_packages(prefix_path) using defaults
[0.804s] Level 5:colcon.colcon_core.verb:set package 'fr_ros2' build argument 'cmake_args' from command line to 'None'
[0.804s] Level 5:colcon.colcon_core.verb:set package 'fr_ros2' build argument 'cmake_target' from command line to 'None'
[0.804s] Level 5:colcon.colcon_core.verb:set package 'fr_ros2' build argument 'cmake_target_skip_unavailable' from command line to 'False'
[0.804s] Level 5:colcon.colcon_core.verb:set package 'fr_ros2' build argument 'cmake_clean_cache' from command line to 'False'
[0.804s] Level 5:colcon.colcon_core.verb:set package 'fr_ros2' build argument 'cmake_clean_first' from command line to 'False'
[0.804s] Level 5:colcon.colcon_core.verb:set package 'fr_ros2' build argument 'cmake_force_configure' from command line to 'False'
[0.804s] Level 5:colcon.colcon_core.verb:set package 'fr_ros2' build argument 'ament_cmake_args' from command line to 'None'
[0.805s] Level 5:colcon.colcon_core.verb:set package 'fr_ros2' build argument 'catkin_cmake_args' from command line to 'None'
[0.805s] Level 5:colcon.colcon_core.verb:set package 'fr_ros2' build argument 'catkin_skip_building_tests' from command line to 'False'
[0.805s] DEBUG:colcon.colcon_core.verb:Building package 'fr_ros2' with the following arguments: {'ament_cmake_args': None, 'build_base': '/home/mooz/ros2_ws/build/fr_ros2', 'catkin_cmake_args': None, 'catkin_skip_building_tests': False, 'cmake_args': None, 'cmake_clean_cache': False, 'cmake_clean_first': False, 'cmake_force_configure': False, 'cmake_target': None, 'cmake_target_skip_unavailable': False, 'install_base': '/home/mooz/ros2_ws/install/fr_ros2', 'merge_install': False, 'path': '/home/mooz/ros2_ws/src/fr_ros2', 'symlink_install': False, 'test_result_base': None}
[0.805s] INFO:colcon.colcon_core.executor:Executing jobs using 'parallel' executor
[0.807s] DEBUG:colcon.colcon_parallel_executor.executor.parallel:run_until_complete
[0.807s] INFO:colcon.colcon_ros.task.ament_cmake.build:Building ROS package in '/home/mooz/ros2_ws/src/fr_ros2' with build type 'ament_cmake'
[0.807s] INFO:colcon.colcon_cmake.task.cmake.build:Building CMake package in '/home/mooz/ros2_ws/src/fr_ros2'
[0.812s] INFO:colcon.colcon_core.plugin_system:Skipping extension 'colcon_core.shell.bat': Not used on non-Windows systems
[0.812s] INFO:colcon.colcon_core.shell:Skip shell extension 'powershell' for command environment: Not usable outside of PowerShell
[0.813s] DEBUG:colcon.colcon_core.shell:Skip shell extension 'dsv' for command environment
[0.832s] DEBUG:colcon.colcon_core.event_handler.log_command:Invoking command in '/home/mooz/ros2_ws/build/fr_ros2': AMENT_PREFIX_PATH=/home/mooz/ros2_ws/install/frhal_msgs:${AMENT_PREFIX_PATH} CMAKE_PREFIX_PATH=/home/mooz/ros2_ws/install/frhal_msgs:/opt/ros/humble LD_LIBRARY_PATH=/home/mooz/ros2_ws/install/frhal_msgs/lib:${LD_LIBRARY_PATH} PYTHONPATH=/home/mooz/ros2_ws/install/frhal_msgs/local/lib/python3.10/dist-packages:${PYTHONPATH} /usr/bin/cmake --build /home/mooz/ros2_ws/build/fr_ros2 -- -j8 -l8
[11.902s] DEBUG:colcon.colcon_core.event_handler.log_command:Invoked command in '/home/mooz/ros2_ws/build/fr_ros2' returned '0': AMENT_PREFIX_PATH=/home/mooz/ros2_ws/install/frhal_msgs:${AMENT_PREFIX_PATH} CMAKE_PREFIX_PATH=/home/mooz/ros2_ws/install/frhal_msgs:/opt/ros/humble LD_LIBRARY_PATH=/home/mooz/ros2_ws/install/frhal_msgs/lib:${LD_LIBRARY_PATH} PYTHONPATH=/home/mooz/ros2_ws/install/frhal_msgs/local/lib/python3.10/dist-packages:${PYTHONPATH} /usr/bin/cmake --build /home/mooz/ros2_ws/build/fr_ros2 -- -j8 -l8
[11.916s] DEBUG:colcon.colcon_core.event_handler.log_command:Invoking command in '/home/mooz/ros2_ws/build/fr_ros2': AMENT_PREFIX_PATH=/home/mooz/ros2_ws/install/frhal_msgs:${AMENT_PREFIX_PATH} CMAKE_PREFIX_PATH=/home/mooz/ros2_ws/install/frhal_msgs:/opt/ros/humble LD_LIBRARY_PATH=/home/mooz/ros2_ws/install/frhal_msgs/lib:${LD_LIBRARY_PATH} PYTHONPATH=/home/mooz/ros2_ws/install/frhal_msgs/local/lib/python3.10/dist-packages:${PYTHONPATH} /usr/bin/cmake --install /home/mooz/ros2_ws/build/fr_ros2
[11.943s] Level 1:colcon.colcon_core.environment:create_environment_scripts_only(fr_ros2)
[11.944s] DEBUG:colcon.colcon_core.event_handler.log_command:Invoked command in '/home/mooz/ros2_ws/build/fr_ros2' returned '0': AMENT_PREFIX_PATH=/home/mooz/ros2_ws/install/frhal_msgs:${AMENT_PREFIX_PATH} CMAKE_PREFIX_PATH=/home/mooz/ros2_ws/install/frhal_msgs:/opt/ros/humble LD_LIBRARY_PATH=/home/mooz/ros2_ws/install/frhal_msgs/lib:${LD_LIBRARY_PATH} PYTHONPATH=/home/mooz/ros2_ws/install/frhal_msgs/local/lib/python3.10/dist-packages:${PYTHONPATH} /usr/bin/cmake --install /home/mooz/ros2_ws/build/fr_ros2
[11.948s] Level 1:colcon.colcon_core.environment:checking '/home/mooz/ros2_ws/install/fr_ros2' for CMake module files
[11.949s] Level 1:colcon.colcon_core.environment:checking '/home/mooz/ros2_ws/install/fr_ros2' for CMake config files
[11.949s] Level 1:colcon.colcon_core.shell:create_environment_hook('fr_ros2', 'cmake_prefix_path')
[11.950s] INFO:colcon.colcon_core.shell:Creating environment hook '/home/mooz/ros2_ws/install/fr_ros2/share/fr_ros2/hook/cmake_prefix_path.ps1'
[11.951s] INFO:colcon.colcon_core.shell:Creating environment descriptor '/home/mooz/ros2_ws/install/fr_ros2/share/fr_ros2/hook/cmake_prefix_path.dsv'
[11.952s] INFO:colcon.colcon_core.shell:Creating environment hook '/home/mooz/ros2_ws/install/fr_ros2/share/fr_ros2/hook/cmake_prefix_path.sh'
[11.953s] Level 1:colcon.colcon_core.environment:checking '/home/mooz/ros2_ws/install/fr_ros2/lib'
[11.953s] Level 1:colcon.colcon_core.environment:checking '/home/mooz/ros2_ws/install/fr_ros2/bin'
[11.953s] Level 1:colcon.colcon_core.environment:checking '/home/mooz/ros2_ws/install/fr_ros2/lib/pkgconfig/fr_ros2.pc'
[11.954s] Level 1:colcon.colcon_core.environment:checking '/home/mooz/ros2_ws/install/fr_ros2/lib/python3.10/site-packages'
[11.954s] Level 1:colcon.colcon_core.environment:checking '/home/mooz/ros2_ws/install/fr_ros2/bin'
[11.955s] INFO:colcon.colcon_core.shell:Creating package script '/home/mooz/ros2_ws/install/fr_ros2/share/fr_ros2/package.ps1'
[11.957s] INFO:colcon.colcon_core.shell:Creating package descriptor '/home/mooz/ros2_ws/install/fr_ros2/share/fr_ros2/package.dsv'
[11.958s] INFO:colcon.colcon_core.shell:Creating package script '/home/mooz/ros2_ws/install/fr_ros2/share/fr_ros2/package.sh'
[11.959s] INFO:colcon.colcon_core.shell:Creating package script '/home/mooz/ros2_ws/install/fr_ros2/share/fr_ros2/package.bash'
[11.960s] INFO:colcon.colcon_core.shell:Creating package script '/home/mooz/ros2_ws/install/fr_ros2/share/fr_ros2/package.zsh'
[11.962s] Level 1:colcon.colcon_core.environment:create_file_with_runtime_dependencies(/home/mooz/ros2_ws/install/fr_ros2/share/colcon-core/packages/fr_ros2)
[11.962s] Level 1:colcon.colcon_core.environment:create_environment_scripts_only(fr_ros2)
[11.963s] Level 1:colcon.colcon_core.environment:checking '/home/mooz/ros2_ws/install/fr_ros2' for CMake module files
[11.964s] Level 1:colcon.colcon_core.environment:checking '/home/mooz/ros2_ws/install/fr_ros2' for CMake config files
[11.964s] Level 1:colcon.colcon_core.shell:create_environment_hook('fr_ros2', 'cmake_prefix_path')
[11.964s] INFO:colcon.colcon_core.shell:Creating environment hook '/home/mooz/ros2_ws/install/fr_ros2/share/fr_ros2/hook/cmake_prefix_path.ps1'
[11.964s] INFO:colcon.colcon_core.shell:Creating environment descriptor '/home/mooz/ros2_ws/install/fr_ros2/share/fr_ros2/hook/cmake_prefix_path.dsv'
[11.965s] INFO:colcon.colcon_core.shell:Creating environment hook '/home/mooz/ros2_ws/install/fr_ros2/share/fr_ros2/hook/cmake_prefix_path.sh'
[11.966s] Level 1:colcon.colcon_core.environment:checking '/home/mooz/ros2_ws/install/fr_ros2/lib'
[11.966s] Level 1:colcon.colcon_core.environment:checking '/home/mooz/ros2_ws/install/fr_ros2/bin'
[11.966s] Level 1:colcon.colcon_core.environment:checking '/home/mooz/ros2_ws/install/fr_ros2/lib/pkgconfig/fr_ros2.pc'
[11.966s] Level 1:colcon.colcon_core.environment:checking '/home/mooz/ros2_ws/install/fr_ros2/lib/python3.10/site-packages'
[11.967s] Level 1:colcon.colcon_core.environment:checking '/home/mooz/ros2_ws/install/fr_ros2/bin'
[11.967s] INFO:colcon.colcon_core.shell:Creating package script '/home/mooz/ros2_ws/install/fr_ros2/share/fr_ros2/package.ps1'
[11.968s] INFO:colcon.colcon_core.shell:Creating package descriptor '/home/mooz/ros2_ws/install/fr_ros2/share/fr_ros2/package.dsv'
[11.968s] INFO:colcon.colcon_core.shell:Creating package script '/home/mooz/ros2_ws/install/fr_ros2/share/fr_ros2/package.sh'
[11.969s] INFO:colcon.colcon_core.shell:Creating package script '/home/mooz/ros2_ws/install/fr_ros2/share/fr_ros2/package.bash'
[11.970s] INFO:colcon.colcon_core.shell:Creating package script '/home/mooz/ros2_ws/install/fr_ros2/share/fr_ros2/package.zsh'
[11.970s] Level 1:colcon.colcon_core.environment:create_file_with_runtime_dependencies(/home/mooz/ros2_ws/install/fr_ros2/share/colcon-core/packages/fr_ros2)
[11.971s] DEBUG:colcon.colcon_parallel_executor.executor.parallel:closing loop
[11.971s] DEBUG:colcon.colcon_parallel_executor.executor.parallel:loop closed
[11.971s] DEBUG:colcon.colcon_parallel_executor.executor.parallel:run_until_complete finished with '0'
[11.971s] DEBUG:colcon.colcon_core.event_reactor:joining thread
[11.983s] INFO:colcon.colcon_core.plugin_system:Skipping extension 'colcon_notification.desktop_notification.terminal_notifier': Not used on non-Darwin systems
[11.983s] INFO:colcon.colcon_core.plugin_system:Skipping extension 'colcon_notification.desktop_notification.win32': Not used on non-Windows systems
[11.983s] INFO:colcon.colcon_notification.desktop_notification:Sending desktop notification using 'notify2'
[12.039s] DEBUG:colcon.colcon_core.event_reactor:joined thread
[12.039s] INFO:colcon.colcon_core.shell:Creating prefix script '/home/mooz/ros2_ws/install/local_setup.ps1'
[12.041s] INFO:colcon.colcon_core.shell:Creating prefix util module '/home/mooz/ros2_ws/install/_local_setup_util_ps1.py'
[12.044s] INFO:colcon.colcon_core.shell:Creating prefix chain script '/home/mooz/ros2_ws/install/setup.ps1'
[12.046s] INFO:colcon.colcon_core.shell:Creating prefix script '/home/mooz/ros2_ws/install/local_setup.sh'
[12.047s] INFO:colcon.colcon_core.shell:Creating prefix util module '/home/mooz/ros2_ws/install/_local_setup_util_sh.py'
[12.047s] INFO:colcon.colcon_core.shell:Creating prefix chain script '/home/mooz/ros2_ws/install/setup.sh'
[12.049s] INFO:colcon.colcon_core.shell:Creating prefix script '/home/mooz/ros2_ws/install/local_setup.bash'
[12.050s] INFO:colcon.colcon_core.shell:Creating prefix chain script '/home/mooz/ros2_ws/install/setup.bash'
[12.052s] INFO:colcon.colcon_core.shell:Creating prefix script '/home/mooz/ros2_ws/install/local_setup.zsh'
[12.052s] INFO:colcon.colcon_core.shell:Creating prefix chain script '/home/mooz/ros2_ws/install/setup.zsh'
