[0.107s] DEBUG:colcon:Command line arguments: ['/usr/bin/colcon', 'build']
[0.107s] DEBUG:colcon:Parsed command line arguments: Namespace(log_base=None, log_level=None, verb_name='build', build_base='build', install_base='install', merge_install=False, symlink_install=False, test_result_base=None, continue_on_error=False, executor='parallel', parallel_workers=8, event_handlers=None, ignore_user_meta=False, metas=['./colcon.meta'], base_paths=['.'], packages_ignore=None, packages_ignore_regex=None, paths=None, packages_up_to=None, packages_up_to_regex=None, packages_above=None, packages_above_and_dependencies=None, packages_above_depth=None, packages_select_by_dep=None, packages_skip_by_dep=None, packages_skip_up_to=None, packages_select_build_failed=False, packages_skip_build_finished=False, packages_select_test_failures=False, packages_skip_test_passed=False, packages_select=None, packages_skip=None, packages_select_regex=None, packages_skip_regex=None, packages_start=None, packages_end=None, allow_overriding=[], cmake_args=None, cmake_target=None, cmake_target_skip_unavailable=False, cmake_clean_cache=False, cmake_clean_first=False, cmake_force_configure=False, ament_cmake_args=None, catkin_cmake_args=None, catkin_skip_building_tests=False, mixin_files=None, mixin=None, verb_parser=<colcon_mixin.mixin.mixin_argument.MixinArgumentDecorator object at 0x7c0e9ad595d0>, verb_extension=<colcon_core.verb.build.BuildVerb object at 0x7c0e9ad58dc0>, main=<bound method BuildVerb.main of <colcon_core.verb.build.BuildVerb object at 0x7c0e9ad58dc0>>, mixin_verb=('build',))
[0.256s] Level 1:colcon.colcon_core.package_discovery:discover_packages(colcon_meta) check parameters
[0.256s] Level 1:colcon.colcon_core.package_discovery:discover_packages(recursive) check parameters
[0.256s] Level 1:colcon.colcon_core.package_discovery:discover_packages(ignore) check parameters
[0.256s] Level 1:colcon.colcon_core.package_discovery:discover_packages(path) check parameters
[0.256s] Level 1:colcon.colcon_core.package_discovery:discover_packages(colcon_meta) discover
[0.256s] Level 1:colcon.colcon_core.package_discovery:discover_packages(recursive) discover
[0.256s] INFO:colcon.colcon_core.package_discovery:Crawling recursively for packages in '/home/mooz/ros2_ws'
[0.257s] Level 1:colcon.colcon_core.package_identification:_identify(.) by extensions ['ignore', 'ignore_ament_install']
[0.257s] Level 1:colcon.colcon_core.package_identification:_identify(.) by extension 'ignore'
[0.257s] Level 1:colcon.colcon_core.package_identification:_identify(.) by extension 'ignore_ament_install'
[0.257s] Level 1:colcon.colcon_core.package_identification:_identify(.) by extensions ['colcon_pkg']
[0.257s] Level 1:colcon.colcon_core.package_identification:_identify(.) by extension 'colcon_pkg'
[0.257s] Level 1:colcon.colcon_core.package_identification:_identify(.) by extensions ['colcon_meta']
[0.257s] Level 1:colcon.colcon_core.package_identification:_identify(.) by extension 'colcon_meta'
[0.257s] Level 1:colcon.colcon_core.package_identification:_identify(.) by extensions ['ros']
[0.257s] Level 1:colcon.colcon_core.package_identification:_identify(.) by extension 'ros'
[0.266s] Level 1:colcon.colcon_core.package_identification:_identify(.) by extensions ['cmake', 'python']
[0.267s] Level 1:colcon.colcon_core.package_identification:_identify(.) by extension 'cmake'
[0.267s] Level 1:colcon.colcon_core.package_identification:_identify(.) by extension 'python'
[0.267s] Level 1:colcon.colcon_core.package_identification:_identify(.) by extensions ['python_setup_py']
[0.267s] Level 1:colcon.colcon_core.package_identification:_identify(.) by extension 'python_setup_py'
[0.267s] Level 1:colcon.colcon_core.package_identification:_identify(build) by extensions ['ignore', 'ignore_ament_install']
[0.267s] Level 1:colcon.colcon_core.package_identification:_identify(build) by extension 'ignore'
[0.267s] Level 1:colcon.colcon_core.package_identification:_identify(build) ignored
[0.267s] Level 1:colcon.colcon_core.package_identification:_identify(install) by extensions ['ignore', 'ignore_ament_install']
[0.267s] Level 1:colcon.colcon_core.package_identification:_identify(install) by extension 'ignore'
[0.267s] Level 1:colcon.colcon_core.package_identification:_identify(install) ignored
[0.267s] Level 1:colcon.colcon_core.package_identification:_identify(log) by extensions ['ignore', 'ignore_ament_install']
[0.267s] Level 1:colcon.colcon_core.package_identification:_identify(log) by extension 'ignore'
[0.267s] Level 1:colcon.colcon_core.package_identification:_identify(log) ignored
[0.267s] Level 1:colcon.colcon_core.package_identification:_identify(src) by extensions ['ignore', 'ignore_ament_install']
[0.267s] Level 1:colcon.colcon_core.package_identification:_identify(src) by extension 'ignore'
[0.267s] Level 1:colcon.colcon_core.package_identification:_identify(src) by extension 'ignore_ament_install'
[0.267s] Level 1:colcon.colcon_core.package_identification:_identify(src) by extensions ['colcon_pkg']
[0.267s] Level 1:colcon.colcon_core.package_identification:_identify(src) by extension 'colcon_pkg'
[0.267s] Level 1:colcon.colcon_core.package_identification:_identify(src) by extensions ['colcon_meta']
[0.267s] Level 1:colcon.colcon_core.package_identification:_identify(src) by extension 'colcon_meta'
[0.267s] Level 1:colcon.colcon_core.package_identification:_identify(src) by extensions ['ros']
[0.268s] Level 1:colcon.colcon_core.package_identification:_identify(src) by extension 'ros'
[0.268s] Level 1:colcon.colcon_core.package_identification:_identify(src) by extensions ['cmake', 'python']
[0.268s] Level 1:colcon.colcon_core.package_identification:_identify(src) by extension 'cmake'
[0.268s] Level 1:colcon.colcon_core.package_identification:_identify(src) by extension 'python'
[0.268s] Level 1:colcon.colcon_core.package_identification:_identify(src) by extensions ['python_setup_py']
[0.268s] Level 1:colcon.colcon_core.package_identification:_identify(src) by extension 'python_setup_py'
[0.268s] Level 1:colcon.colcon_core.package_identification:_identify(src/code) by extensions ['ignore', 'ignore_ament_install']
[0.268s] Level 1:colcon.colcon_core.package_identification:_identify(src/code) by extension 'ignore'
[0.268s] Level 1:colcon.colcon_core.package_identification:_identify(src/code) by extension 'ignore_ament_install'
[0.268s] Level 1:colcon.colcon_core.package_identification:_identify(src/code) by extensions ['colcon_pkg']
[0.268s] Level 1:colcon.colcon_core.package_identification:_identify(src/code) by extension 'colcon_pkg'
[0.268s] Level 1:colcon.colcon_core.package_identification:_identify(src/code) by extensions ['colcon_meta']
[0.268s] Level 1:colcon.colcon_core.package_identification:_identify(src/code) by extension 'colcon_meta'
[0.268s] Level 1:colcon.colcon_core.package_identification:_identify(src/code) by extensions ['ros']
[0.268s] Level 1:colcon.colcon_core.package_identification:_identify(src/code) by extension 'ros'
[0.271s] DEBUG:colcon.colcon_core.package_identification:Package 'src/code' with type 'ros.ament_python' and name 'code'
[0.271s] Level 1:colcon.colcon_core.package_identification:_identify(src/fr_ros2) by extensions ['ignore', 'ignore_ament_install']
[0.271s] Level 1:colcon.colcon_core.package_identification:_identify(src/fr_ros2) by extension 'ignore'
[0.271s] Level 1:colcon.colcon_core.package_identification:_identify(src/fr_ros2) by extension 'ignore_ament_install'
[0.271s] Level 1:colcon.colcon_core.package_identification:_identify(src/fr_ros2) by extensions ['colcon_pkg']
[0.271s] Level 1:colcon.colcon_core.package_identification:_identify(src/fr_ros2) by extension 'colcon_pkg'
[0.271s] Level 1:colcon.colcon_core.package_identification:_identify(src/fr_ros2) by extensions ['colcon_meta']
[0.271s] Level 1:colcon.colcon_core.package_identification:_identify(src/fr_ros2) by extension 'colcon_meta'
[0.271s] Level 1:colcon.colcon_core.package_identification:_identify(src/fr_ros2) by extensions ['ros']
[0.271s] Level 1:colcon.colcon_core.package_identification:_identify(src/fr_ros2) by extension 'ros'
[0.271s] DEBUG:colcon.colcon_core.package_identification:Package 'src/fr_ros2' with type 'ros.ament_cmake' and name 'fr_ros2'
[0.272s] Level 1:colcon.colcon_core.package_identification:_identify(src/frhal_msgs) by extensions ['ignore', 'ignore_ament_install']
[0.272s] Level 1:colcon.colcon_core.package_identification:_identify(src/frhal_msgs) by extension 'ignore'
[0.272s] Level 1:colcon.colcon_core.package_identification:_identify(src/frhal_msgs) by extension 'ignore_ament_install'
[0.272s] Level 1:colcon.colcon_core.package_identification:_identify(src/frhal_msgs) by extensions ['colcon_pkg']
[0.272s] Level 1:colcon.colcon_core.package_identification:_identify(src/frhal_msgs) by extension 'colcon_pkg'
[0.272s] Level 1:colcon.colcon_core.package_identification:_identify(src/frhal_msgs) by extensions ['colcon_meta']
[0.272s] Level 1:colcon.colcon_core.package_identification:_identify(src/frhal_msgs) by extension 'colcon_meta'
[0.272s] Level 1:colcon.colcon_core.package_identification:_identify(src/frhal_msgs) by extensions ['ros']
[0.272s] Level 1:colcon.colcon_core.package_identification:_identify(src/frhal_msgs) by extension 'ros'
[0.272s] DEBUG:colcon.colcon_core.package_identification:Package 'src/frhal_msgs' with type 'ros.ament_cmake' and name 'frhal_msgs'
[0.272s] Level 1:colcon.colcon_core.package_discovery:discover_packages(recursive) using defaults
[0.272s] Level 1:colcon.colcon_core.package_discovery:discover_packages(ignore) discover
[0.272s] Level 1:colcon.colcon_core.package_discovery:discover_packages(ignore) using defaults
[0.272s] Level 1:colcon.colcon_core.package_discovery:discover_packages(path) discover
[0.272s] Level 1:colcon.colcon_core.package_discovery:discover_packages(path) using defaults
[0.299s] Level 1:colcon.colcon_core.package_discovery:discover_packages(prefix_path) check parameters
[0.299s] Level 1:colcon.colcon_core.package_discovery:discover_packages(prefix_path) discover
[0.300s] DEBUG:colcon.colcon_installed_package_information.package_discovery:Found 278 installed packages in /opt/ros/humble
[0.302s] Level 1:colcon.colcon_core.package_discovery:discover_packages(prefix_path) using defaults
[0.328s] Level 5:colcon.colcon_core.verb:set package 'frhal_msgs' build argument 'cmake_args' from command line to 'None'
[0.328s] Level 5:colcon.colcon_core.verb:set package 'frhal_msgs' build argument 'cmake_target' from command line to 'None'
[0.328s] Level 5:colcon.colcon_core.verb:set package 'frhal_msgs' build argument 'cmake_target_skip_unavailable' from command line to 'False'
[0.328s] Level 5:colcon.colcon_core.verb:set package 'frhal_msgs' build argument 'cmake_clean_cache' from command line to 'False'
[0.328s] Level 5:colcon.colcon_core.verb:set package 'frhal_msgs' build argument 'cmake_clean_first' from command line to 'False'
[0.328s] Level 5:colcon.colcon_core.verb:set package 'frhal_msgs' build argument 'cmake_force_configure' from command line to 'False'
[0.328s] Level 5:colcon.colcon_core.verb:set package 'frhal_msgs' build argument 'ament_cmake_args' from command line to 'None'
[0.328s] Level 5:colcon.colcon_core.verb:set package 'frhal_msgs' build argument 'catkin_cmake_args' from command line to 'None'
[0.328s] Level 5:colcon.colcon_core.verb:set package 'frhal_msgs' build argument 'catkin_skip_building_tests' from command line to 'False'
[0.328s] DEBUG:colcon.colcon_core.verb:Building package 'frhal_msgs' with the following arguments: {'ament_cmake_args': None, 'build_base': '/home/mooz/ros2_ws/build/frhal_msgs', 'catkin_cmake_args': None, 'catkin_skip_building_tests': False, 'cmake_args': None, 'cmake_clean_cache': False, 'cmake_clean_first': False, 'cmake_force_configure': False, 'cmake_target': None, 'cmake_target_skip_unavailable': False, 'install_base': '/home/mooz/ros2_ws/install/frhal_msgs', 'merge_install': False, 'path': '/home/mooz/ros2_ws/src/frhal_msgs', 'symlink_install': False, 'test_result_base': None}
[0.328s] Level 5:colcon.colcon_core.verb:set package 'code' build argument 'cmake_args' from command line to 'None'
[0.328s] Level 5:colcon.colcon_core.verb:set package 'code' build argument 'cmake_target' from command line to 'None'
[0.328s] Level 5:colcon.colcon_core.verb:set package 'code' build argument 'cmake_target_skip_unavailable' from command line to 'False'
[0.328s] Level 5:colcon.colcon_core.verb:set package 'code' build argument 'cmake_clean_cache' from command line to 'False'
[0.328s] Level 5:colcon.colcon_core.verb:set package 'code' build argument 'cmake_clean_first' from command line to 'False'
[0.328s] Level 5:colcon.colcon_core.verb:set package 'code' build argument 'cmake_force_configure' from command line to 'False'
[0.328s] Level 5:colcon.colcon_core.verb:set package 'code' build argument 'ament_cmake_args' from command line to 'None'
[0.328s] Level 5:colcon.colcon_core.verb:set package 'code' build argument 'catkin_cmake_args' from command line to 'None'
[0.328s] Level 5:colcon.colcon_core.verb:set package 'code' build argument 'catkin_skip_building_tests' from command line to 'False'
[0.328s] DEBUG:colcon.colcon_core.verb:Building package 'code' with the following arguments: {'ament_cmake_args': None, 'build_base': '/home/mooz/ros2_ws/build/code', 'catkin_cmake_args': None, 'catkin_skip_building_tests': False, 'cmake_args': None, 'cmake_clean_cache': False, 'cmake_clean_first': False, 'cmake_force_configure': False, 'cmake_target': None, 'cmake_target_skip_unavailable': False, 'install_base': '/home/mooz/ros2_ws/install/code', 'merge_install': False, 'path': '/home/mooz/ros2_ws/src/code', 'symlink_install': False, 'test_result_base': None}
[0.328s] Level 5:colcon.colcon_core.verb:set package 'fr_ros2' build argument 'cmake_args' from command line to 'None'
[0.328s] Level 5:colcon.colcon_core.verb:set package 'fr_ros2' build argument 'cmake_target' from command line to 'None'
[0.328s] Level 5:colcon.colcon_core.verb:set package 'fr_ros2' build argument 'cmake_target_skip_unavailable' from command line to 'False'
[0.328s] Level 5:colcon.colcon_core.verb:set package 'fr_ros2' build argument 'cmake_clean_cache' from command line to 'False'
[0.328s] Level 5:colcon.colcon_core.verb:set package 'fr_ros2' build argument 'cmake_clean_first' from command line to 'False'
[0.328s] Level 5:colcon.colcon_core.verb:set package 'fr_ros2' build argument 'cmake_force_configure' from command line to 'False'
[0.329s] Level 5:colcon.colcon_core.verb:set package 'fr_ros2' build argument 'ament_cmake_args' from command line to 'None'
[0.329s] Level 5:colcon.colcon_core.verb:set package 'fr_ros2' build argument 'catkin_cmake_args' from command line to 'None'
[0.329s] Level 5:colcon.colcon_core.verb:set package 'fr_ros2' build argument 'catkin_skip_building_tests' from command line to 'False'
[0.329s] DEBUG:colcon.colcon_core.verb:Building package 'fr_ros2' with the following arguments: {'ament_cmake_args': None, 'build_base': '/home/mooz/ros2_ws/build/fr_ros2', 'catkin_cmake_args': None, 'catkin_skip_building_tests': False, 'cmake_args': None, 'cmake_clean_cache': False, 'cmake_clean_first': False, 'cmake_force_configure': False, 'cmake_target': None, 'cmake_target_skip_unavailable': False, 'install_base': '/home/mooz/ros2_ws/install/fr_ros2', 'merge_install': False, 'path': '/home/mooz/ros2_ws/src/fr_ros2', 'symlink_install': False, 'test_result_base': None}
[0.329s] INFO:colcon.colcon_core.executor:Executing jobs using 'parallel' executor
[0.329s] DEBUG:colcon.colcon_parallel_executor.executor.parallel:run_until_complete
[0.330s] INFO:colcon.colcon_ros.task.ament_cmake.build:Building ROS package in '/home/mooz/ros2_ws/src/frhal_msgs' with build type 'ament_cmake'
[0.330s] INFO:colcon.colcon_cmake.task.cmake.build:Building CMake package in '/home/mooz/ros2_ws/src/frhal_msgs'
[0.331s] INFO:colcon.colcon_core.plugin_system:Skipping extension 'colcon_core.shell.bat': Not used on non-Windows systems
[0.331s] INFO:colcon.colcon_core.shell:Skip shell extension 'powershell' for command environment: Not usable outside of PowerShell
[0.331s] DEBUG:colcon.colcon_core.shell:Skip shell extension 'dsv' for command environment
[0.337s] DEBUG:colcon.colcon_core.event_handler.log_command:Invoking command in '/home/mooz/ros2_ws/build/frhal_msgs': CMAKE_PREFIX_PATH=/opt/ros/humble /usr/bin/cmake --build /home/mooz/ros2_ws/build/frhal_msgs -- -j8 -l8
[0.611s] DEBUG:colcon.colcon_core.event_handler.log_command:Invoked command in '/home/mooz/ros2_ws/build/frhal_msgs' returned '0': CMAKE_PREFIX_PATH=/opt/ros/humble /usr/bin/cmake --build /home/mooz/ros2_ws/build/frhal_msgs -- -j8 -l8
[0.618s] DEBUG:colcon.colcon_core.event_handler.log_command:Invoking command in '/home/mooz/ros2_ws/build/frhal_msgs': CMAKE_PREFIX_PATH=/opt/ros/humble /usr/bin/cmake --install /home/mooz/ros2_ws/build/frhal_msgs
[0.663s] Level 1:colcon.colcon_core.environment:create_environment_scripts_only(frhal_msgs)
[0.663s] DEBUG:colcon.colcon_core.event_handler.log_command:Invoked command in '/home/mooz/ros2_ws/build/frhal_msgs' returned '0': CMAKE_PREFIX_PATH=/opt/ros/humble /usr/bin/cmake --install /home/mooz/ros2_ws/build/frhal_msgs
[0.666s] Level 1:colcon.colcon_core.environment:checking '/home/mooz/ros2_ws/install/frhal_msgs' for CMake module files
[0.666s] Level 1:colcon.colcon_core.environment:checking '/home/mooz/ros2_ws/install/frhal_msgs' for CMake config files
[0.668s] Level 1:colcon.colcon_core.shell:create_environment_hook('frhal_msgs', 'cmake_prefix_path')
[0.668s] INFO:colcon.colcon_core.shell:Creating environment hook '/home/mooz/ros2_ws/install/frhal_msgs/share/frhal_msgs/hook/cmake_prefix_path.ps1'
[0.669s] INFO:colcon.colcon_core.shell:Creating environment descriptor '/home/mooz/ros2_ws/install/frhal_msgs/share/frhal_msgs/hook/cmake_prefix_path.dsv'
[0.669s] INFO:colcon.colcon_core.shell:Creating environment hook '/home/mooz/ros2_ws/install/frhal_msgs/share/frhal_msgs/hook/cmake_prefix_path.sh'
[0.670s] Level 1:colcon.colcon_core.environment:checking '/home/mooz/ros2_ws/install/frhal_msgs/lib'
[0.670s] Level 1:colcon.colcon_core.shell:create_environment_hook('frhal_msgs', 'ld_library_path_lib')
[0.670s] INFO:colcon.colcon_core.shell:Creating environment hook '/home/mooz/ros2_ws/install/frhal_msgs/share/frhal_msgs/hook/ld_library_path_lib.ps1'
[0.670s] INFO:colcon.colcon_core.shell:Creating environment descriptor '/home/mooz/ros2_ws/install/frhal_msgs/share/frhal_msgs/hook/ld_library_path_lib.dsv'
[0.670s] INFO:colcon.colcon_core.shell:Creating environment hook '/home/mooz/ros2_ws/install/frhal_msgs/share/frhal_msgs/hook/ld_library_path_lib.sh'
[0.671s] Level 1:colcon.colcon_core.environment:checking '/home/mooz/ros2_ws/install/frhal_msgs/bin'
[0.671s] Level 1:colcon.colcon_core.environment:checking '/home/mooz/ros2_ws/install/frhal_msgs/lib/pkgconfig/frhal_msgs.pc'
[0.671s] Level 1:colcon.colcon_core.environment:checking '/home/mooz/ros2_ws/install/frhal_msgs/lib/python3.10/site-packages'
[0.671s] Level 1:colcon.colcon_core.environment:checking '/home/mooz/ros2_ws/install/frhal_msgs/bin'
[0.671s] INFO:colcon.colcon_core.shell:Creating package script '/home/mooz/ros2_ws/install/frhal_msgs/share/frhal_msgs/package.ps1'
[0.672s] INFO:colcon.colcon_core.shell:Creating package descriptor '/home/mooz/ros2_ws/install/frhal_msgs/share/frhal_msgs/package.dsv'
[0.673s] INFO:colcon.colcon_core.shell:Creating package script '/home/mooz/ros2_ws/install/frhal_msgs/share/frhal_msgs/package.sh'
[0.673s] INFO:colcon.colcon_core.shell:Creating package script '/home/mooz/ros2_ws/install/frhal_msgs/share/frhal_msgs/package.bash'
[0.674s] INFO:colcon.colcon_core.shell:Creating package script '/home/mooz/ros2_ws/install/frhal_msgs/share/frhal_msgs/package.zsh'
[0.674s] Level 1:colcon.colcon_core.environment:create_file_with_runtime_dependencies(/home/mooz/ros2_ws/install/frhal_msgs/share/colcon-core/packages/frhal_msgs)
[0.675s] Level 1:colcon.colcon_core.environment:create_environment_scripts_only(frhal_msgs)
[0.675s] Level 1:colcon.colcon_core.environment:checking '/home/mooz/ros2_ws/install/frhal_msgs' for CMake module files
[0.675s] Level 1:colcon.colcon_core.environment:checking '/home/mooz/ros2_ws/install/frhal_msgs' for CMake config files
[0.676s] Level 1:colcon.colcon_core.shell:create_environment_hook('frhal_msgs', 'cmake_prefix_path')
[0.676s] INFO:colcon.colcon_core.shell:Creating environment hook '/home/mooz/ros2_ws/install/frhal_msgs/share/frhal_msgs/hook/cmake_prefix_path.ps1'
[0.676s] INFO:colcon.colcon_core.shell:Creating environment descriptor '/home/mooz/ros2_ws/install/frhal_msgs/share/frhal_msgs/hook/cmake_prefix_path.dsv'
[0.676s] INFO:colcon.colcon_core.shell:Creating environment hook '/home/mooz/ros2_ws/install/frhal_msgs/share/frhal_msgs/hook/cmake_prefix_path.sh'
[0.676s] Level 1:colcon.colcon_core.environment:checking '/home/mooz/ros2_ws/install/frhal_msgs/lib'
[0.677s] Level 1:colcon.colcon_core.shell:create_environment_hook('frhal_msgs', 'ld_library_path_lib')
[0.677s] INFO:colcon.colcon_core.shell:Creating environment hook '/home/mooz/ros2_ws/install/frhal_msgs/share/frhal_msgs/hook/ld_library_path_lib.ps1'
[0.677s] INFO:colcon.colcon_core.shell:Creating environment descriptor '/home/mooz/ros2_ws/install/frhal_msgs/share/frhal_msgs/hook/ld_library_path_lib.dsv'
[0.677s] INFO:colcon.colcon_core.shell:Creating environment hook '/home/mooz/ros2_ws/install/frhal_msgs/share/frhal_msgs/hook/ld_library_path_lib.sh'
[0.677s] Level 1:colcon.colcon_core.environment:checking '/home/mooz/ros2_ws/install/frhal_msgs/bin'
[0.677s] Level 1:colcon.colcon_core.environment:checking '/home/mooz/ros2_ws/install/frhal_msgs/lib/pkgconfig/frhal_msgs.pc'
[0.678s] Level 1:colcon.colcon_core.environment:checking '/home/mooz/ros2_ws/install/frhal_msgs/lib/python3.10/site-packages'
[0.678s] Level 1:colcon.colcon_core.environment:checking '/home/mooz/ros2_ws/install/frhal_msgs/bin'
[0.678s] INFO:colcon.colcon_core.shell:Creating package script '/home/mooz/ros2_ws/install/frhal_msgs/share/frhal_msgs/package.ps1'
[0.678s] INFO:colcon.colcon_core.shell:Creating package descriptor '/home/mooz/ros2_ws/install/frhal_msgs/share/frhal_msgs/package.dsv'
[0.679s] INFO:colcon.colcon_core.shell:Creating package script '/home/mooz/ros2_ws/install/frhal_msgs/share/frhal_msgs/package.sh'
[0.679s] INFO:colcon.colcon_core.shell:Creating package script '/home/mooz/ros2_ws/install/frhal_msgs/share/frhal_msgs/package.bash'
[0.679s] INFO:colcon.colcon_core.shell:Creating package script '/home/mooz/ros2_ws/install/frhal_msgs/share/frhal_msgs/package.zsh'
[0.680s] Level 1:colcon.colcon_core.environment:create_file_with_runtime_dependencies(/home/mooz/ros2_ws/install/frhal_msgs/share/colcon-core/packages/frhal_msgs)
[0.680s] INFO:colcon.colcon_ros.task.ament_python.build:Building ROS package in '/home/mooz/ros2_ws/src/code' with build type 'ament_python'
[0.680s] Level 1:colcon.colcon_core.shell:create_environment_hook('code', 'ament_prefix_path')
[0.680s] INFO:colcon.colcon_core.shell:Creating environment hook '/home/mooz/ros2_ws/install/code/share/code/hook/ament_prefix_path.ps1'
[0.680s] INFO:colcon.colcon_core.shell:Creating environment descriptor '/home/mooz/ros2_ws/install/code/share/code/hook/ament_prefix_path.dsv'
[0.681s] INFO:colcon.colcon_core.shell:Creating environment hook '/home/mooz/ros2_ws/install/code/share/code/hook/ament_prefix_path.sh'
[0.681s] INFO:colcon.colcon_core.shell:Skip shell extension 'powershell' for command environment: Not usable outside of PowerShell
[0.681s] DEBUG:colcon.colcon_core.shell:Skip shell extension 'dsv' for command environment
[0.683s] INFO:colcon.colcon_ros.task.ament_cmake.build:Building ROS package in '/home/mooz/ros2_ws/src/fr_ros2' with build type 'ament_cmake'
[0.683s] INFO:colcon.colcon_cmake.task.cmake.build:Building CMake package in '/home/mooz/ros2_ws/src/fr_ros2'
[0.683s] INFO:colcon.colcon_core.shell:Skip shell extension 'powershell' for command environment: Not usable outside of PowerShell
[0.683s] DEBUG:colcon.colcon_core.shell:Skip shell extension 'dsv' for command environment
[0.860s] INFO:colcon.colcon_core.task.python.build:Building Python package in '/home/mooz/ros2_ws/src/code'
[0.861s] INFO:colcon.colcon_core.shell:Skip shell extension 'powershell' for command environment: Not usable outside of PowerShell
[0.861s] DEBUG:colcon.colcon_core.shell:Skip shell extension 'dsv' for command environment
[0.870s] DEBUG:colcon.colcon_core.event_handler.log_command:Invoking command in '/home/mooz/ros2_ws/build/fr_ros2': AMENT_PREFIX_PATH=/home/mooz/ros2_ws/install/frhal_msgs:${AMENT_PREFIX_PATH} CMAKE_PREFIX_PATH=/home/mooz/ros2_ws/install/frhal_msgs:/opt/ros/humble LD_LIBRARY_PATH=/home/mooz/ros2_ws/install/frhal_msgs/lib:${LD_LIBRARY_PATH} PYTHONPATH=/home/mooz/ros2_ws/install/frhal_msgs/local/lib/python3.10/dist-packages:${PYTHONPATH} /usr/bin/cmake --build /home/mooz/ros2_ws/build/fr_ros2 -- -j8 -l8
[0.928s] DEBUG:colcon.colcon_core.event_handler.log_command:Invoked command in '/home/mooz/ros2_ws/build/fr_ros2' returned '0': AMENT_PREFIX_PATH=/home/mooz/ros2_ws/install/frhal_msgs:${AMENT_PREFIX_PATH} CMAKE_PREFIX_PATH=/home/mooz/ros2_ws/install/frhal_msgs:/opt/ros/humble LD_LIBRARY_PATH=/home/mooz/ros2_ws/install/frhal_msgs/lib:${LD_LIBRARY_PATH} PYTHONPATH=/home/mooz/ros2_ws/install/frhal_msgs/local/lib/python3.10/dist-packages:${PYTHONPATH} /usr/bin/cmake --build /home/mooz/ros2_ws/build/fr_ros2 -- -j8 -l8
[0.930s] DEBUG:colcon.colcon_core.event_handler.log_command:Invoking command in '/home/mooz/ros2_ws/build/fr_ros2': AMENT_PREFIX_PATH=/home/mooz/ros2_ws/install/frhal_msgs:${AMENT_PREFIX_PATH} CMAKE_PREFIX_PATH=/home/mooz/ros2_ws/install/frhal_msgs:/opt/ros/humble LD_LIBRARY_PATH=/home/mooz/ros2_ws/install/frhal_msgs/lib:${LD_LIBRARY_PATH} PYTHONPATH=/home/mooz/ros2_ws/install/frhal_msgs/local/lib/python3.10/dist-packages:${PYTHONPATH} /usr/bin/cmake --install /home/mooz/ros2_ws/build/fr_ros2
[0.938s] Level 1:colcon.colcon_core.environment:create_environment_scripts_only(fr_ros2)
[0.938s] Level 1:colcon.colcon_core.environment:checking '/home/mooz/ros2_ws/install/fr_ros2' for CMake module files
[0.939s] DEBUG:colcon.colcon_core.event_handler.log_command:Invoked command in '/home/mooz/ros2_ws/build/fr_ros2' returned '0': AMENT_PREFIX_PATH=/home/mooz/ros2_ws/install/frhal_msgs:${AMENT_PREFIX_PATH} CMAKE_PREFIX_PATH=/home/mooz/ros2_ws/install/frhal_msgs:/opt/ros/humble LD_LIBRARY_PATH=/home/mooz/ros2_ws/install/frhal_msgs/lib:${LD_LIBRARY_PATH} PYTHONPATH=/home/mooz/ros2_ws/install/frhal_msgs/local/lib/python3.10/dist-packages:${PYTHONPATH} /usr/bin/cmake --install /home/mooz/ros2_ws/build/fr_ros2
[0.939s] Level 1:colcon.colcon_core.environment:checking '/home/mooz/ros2_ws/install/fr_ros2' for CMake config files
[0.939s] Level 1:colcon.colcon_core.shell:create_environment_hook('fr_ros2', 'cmake_prefix_path')
[0.939s] INFO:colcon.colcon_core.shell:Creating environment hook '/home/mooz/ros2_ws/install/fr_ros2/share/fr_ros2/hook/cmake_prefix_path.ps1'
[0.940s] INFO:colcon.colcon_core.shell:Creating environment descriptor '/home/mooz/ros2_ws/install/fr_ros2/share/fr_ros2/hook/cmake_prefix_path.dsv'
[0.940s] INFO:colcon.colcon_core.shell:Creating environment hook '/home/mooz/ros2_ws/install/fr_ros2/share/fr_ros2/hook/cmake_prefix_path.sh'
[0.940s] Level 1:colcon.colcon_core.environment:checking '/home/mooz/ros2_ws/install/fr_ros2/lib'
[0.940s] Level 1:colcon.colcon_core.environment:checking '/home/mooz/ros2_ws/install/fr_ros2/bin'
[0.940s] Level 1:colcon.colcon_core.environment:checking '/home/mooz/ros2_ws/install/fr_ros2/lib/pkgconfig/fr_ros2.pc'
[0.941s] Level 1:colcon.colcon_core.environment:checking '/home/mooz/ros2_ws/install/fr_ros2/lib/python3.10/site-packages'
[0.941s] Level 1:colcon.colcon_core.environment:checking '/home/mooz/ros2_ws/install/fr_ros2/bin'
[0.941s] INFO:colcon.colcon_core.shell:Creating package script '/home/mooz/ros2_ws/install/fr_ros2/share/fr_ros2/package.ps1'
[0.941s] INFO:colcon.colcon_core.shell:Creating package descriptor '/home/mooz/ros2_ws/install/fr_ros2/share/fr_ros2/package.dsv'
[0.942s] INFO:colcon.colcon_core.shell:Creating package script '/home/mooz/ros2_ws/install/fr_ros2/share/fr_ros2/package.sh'
[0.942s] INFO:colcon.colcon_core.shell:Creating package script '/home/mooz/ros2_ws/install/fr_ros2/share/fr_ros2/package.bash'
[0.942s] INFO:colcon.colcon_core.shell:Creating package script '/home/mooz/ros2_ws/install/fr_ros2/share/fr_ros2/package.zsh'
[0.942s] Level 1:colcon.colcon_core.environment:create_file_with_runtime_dependencies(/home/mooz/ros2_ws/install/fr_ros2/share/colcon-core/packages/fr_ros2)
[0.943s] Level 1:colcon.colcon_core.environment:create_environment_scripts_only(fr_ros2)
[0.943s] Level 1:colcon.colcon_core.environment:checking '/home/mooz/ros2_ws/install/fr_ros2' for CMake module files
[0.943s] Level 1:colcon.colcon_core.environment:checking '/home/mooz/ros2_ws/install/fr_ros2' for CMake config files
[0.943s] Level 1:colcon.colcon_core.shell:create_environment_hook('fr_ros2', 'cmake_prefix_path')
[0.943s] INFO:colcon.colcon_core.shell:Creating environment hook '/home/mooz/ros2_ws/install/fr_ros2/share/fr_ros2/hook/cmake_prefix_path.ps1'
[0.943s] INFO:colcon.colcon_core.shell:Creating environment descriptor '/home/mooz/ros2_ws/install/fr_ros2/share/fr_ros2/hook/cmake_prefix_path.dsv'
[0.944s] INFO:colcon.colcon_core.shell:Creating environment hook '/home/mooz/ros2_ws/install/fr_ros2/share/fr_ros2/hook/cmake_prefix_path.sh'
[0.944s] Level 1:colcon.colcon_core.environment:checking '/home/mooz/ros2_ws/install/fr_ros2/lib'
[0.944s] Level 1:colcon.colcon_core.environment:checking '/home/mooz/ros2_ws/install/fr_ros2/bin'
[0.944s] Level 1:colcon.colcon_core.environment:checking '/home/mooz/ros2_ws/install/fr_ros2/lib/pkgconfig/fr_ros2.pc'
[0.944s] Level 1:colcon.colcon_core.environment:checking '/home/mooz/ros2_ws/install/fr_ros2/lib/python3.10/site-packages'
[0.945s] Level 1:colcon.colcon_core.environment:checking '/home/mooz/ros2_ws/install/fr_ros2/bin'
[0.945s] INFO:colcon.colcon_core.shell:Creating package script '/home/mooz/ros2_ws/install/fr_ros2/share/fr_ros2/package.ps1'
[0.945s] INFO:colcon.colcon_core.shell:Creating package descriptor '/home/mooz/ros2_ws/install/fr_ros2/share/fr_ros2/package.dsv'
[0.945s] INFO:colcon.colcon_core.shell:Creating package script '/home/mooz/ros2_ws/install/fr_ros2/share/fr_ros2/package.sh'
[0.946s] INFO:colcon.colcon_core.shell:Creating package script '/home/mooz/ros2_ws/install/fr_ros2/share/fr_ros2/package.bash'
[0.946s] INFO:colcon.colcon_core.shell:Creating package script '/home/mooz/ros2_ws/install/fr_ros2/share/fr_ros2/package.zsh'
[0.946s] Level 1:colcon.colcon_core.environment:create_file_with_runtime_dependencies(/home/mooz/ros2_ws/install/fr_ros2/share/colcon-core/packages/fr_ros2)
[1.101s] DEBUG:colcon.colcon_core.task.python.build:Available setuptools commands: install_headers, install_lib, setopt, install_data, upload_docs, build_ext, build, build_scripts, bdist_dumb, check, develop, test, symlink_data, upload, dist_info, rotate, build_clib, bdist_egg, install_egg_info, sdist, bdist_rpm, register, alias, easy_install, saveopts, egg_info, install_scripts, clean, install, bdist, build_py
[1.103s] DEBUG:colcon.colcon_core.event_handler.log_command:Invoking command in '/home/mooz/ros2_ws/src/code': AMENT_PREFIX_PATH=/home/mooz/ros2_ws/install/frhal_msgs:${AMENT_PREFIX_PATH} CMAKE_PREFIX_PATH=/home/mooz/ros2_ws/install/frhal_msgs LD_LIBRARY_PATH=/home/mooz/ros2_ws/install/frhal_msgs/lib:${LD_LIBRARY_PATH} PYTHONPATH=/home/mooz/ros2_ws/build/code/prefix_override:/usr/lib/python3/dist-packages/colcon_core/task/python/colcon_distutils_commands:/home/mooz/ros2_ws/install/code/lib/python3.10/site-packages:/home/mooz/ros2_ws/install/frhal_msgs/local/lib/python3.10/dist-packages:${PYTHONPATH} /usr/bin/python3 -W ignore:setup.py install is deprecated -W ignore:easy_install command is deprecated setup.py egg_info --egg-base ../../build/code build --build-base /home/mooz/ros2_ws/build/code/build install --record /home/mooz/ros2_ws/build/code/install.log --install-scripts $base/lib/code --single-version-externally-managed install_data
[1.306s] Level 1:colcon.colcon_core.environment:checking '/home/mooz/ros2_ws/install/code' for CMake module files
[1.306s] DEBUG:colcon.colcon_core.event_handler.log_command:Invoked command in '/home/mooz/ros2_ws/src/code' returned '0': AMENT_PREFIX_PATH=/home/mooz/ros2_ws/install/frhal_msgs:${AMENT_PREFIX_PATH} CMAKE_PREFIX_PATH=/home/mooz/ros2_ws/install/frhal_msgs LD_LIBRARY_PATH=/home/mooz/ros2_ws/install/frhal_msgs/lib:${LD_LIBRARY_PATH} PYTHONPATH=/home/mooz/ros2_ws/build/code/prefix_override:/usr/lib/python3/dist-packages/colcon_core/task/python/colcon_distutils_commands:/home/mooz/ros2_ws/install/code/lib/python3.10/site-packages:/home/mooz/ros2_ws/install/frhal_msgs/local/lib/python3.10/dist-packages:${PYTHONPATH} /usr/bin/python3 -W ignore:setup.py install is deprecated -W ignore:easy_install command is deprecated setup.py egg_info --egg-base ../../build/code build --build-base /home/mooz/ros2_ws/build/code/build install --record /home/mooz/ros2_ws/build/code/install.log --install-scripts $base/lib/code --single-version-externally-managed install_data
[1.307s] Level 1:colcon.colcon_core.environment:checking '/home/mooz/ros2_ws/install/code' for CMake config files
[1.307s] Level 1:colcon.colcon_core.environment:checking '/home/mooz/ros2_ws/install/code/lib'
[1.307s] Level 1:colcon.colcon_core.environment:checking '/home/mooz/ros2_ws/install/code/bin'
[1.307s] Level 1:colcon.colcon_core.environment:checking '/home/mooz/ros2_ws/install/code/lib/pkgconfig/code.pc'
[1.307s] Level 1:colcon.colcon_core.environment:checking '/home/mooz/ros2_ws/install/code/lib/python3.10/site-packages'
[1.307s] Level 1:colcon.colcon_core.shell:create_environment_hook('code', 'pythonpath')
[1.307s] INFO:colcon.colcon_core.shell:Creating environment hook '/home/mooz/ros2_ws/install/code/share/code/hook/pythonpath.ps1'
[1.308s] INFO:colcon.colcon_core.shell:Creating environment descriptor '/home/mooz/ros2_ws/install/code/share/code/hook/pythonpath.dsv'
[1.308s] INFO:colcon.colcon_core.shell:Creating environment hook '/home/mooz/ros2_ws/install/code/share/code/hook/pythonpath.sh'
[1.309s] Level 1:colcon.colcon_core.environment:checking '/home/mooz/ros2_ws/install/code/bin'
[1.309s] Level 1:colcon.colcon_core.environment:create_environment_scripts_only(code)
[1.309s] INFO:colcon.colcon_core.shell:Creating package script '/home/mooz/ros2_ws/install/code/share/code/package.ps1'
[1.309s] INFO:colcon.colcon_core.shell:Creating package descriptor '/home/mooz/ros2_ws/install/code/share/code/package.dsv'
[1.309s] INFO:colcon.colcon_core.shell:Creating package script '/home/mooz/ros2_ws/install/code/share/code/package.sh'
[1.310s] INFO:colcon.colcon_core.shell:Creating package script '/home/mooz/ros2_ws/install/code/share/code/package.bash'
[1.310s] INFO:colcon.colcon_core.shell:Creating package script '/home/mooz/ros2_ws/install/code/share/code/package.zsh'
[1.310s] Level 1:colcon.colcon_core.environment:create_file_with_runtime_dependencies(/home/mooz/ros2_ws/install/code/share/colcon-core/packages/code)
[1.310s] DEBUG:colcon.colcon_parallel_executor.executor.parallel:closing loop
[1.311s] DEBUG:colcon.colcon_parallel_executor.executor.parallel:loop closed
[1.311s] DEBUG:colcon.colcon_parallel_executor.executor.parallel:run_until_complete finished with '0'
[1.311s] DEBUG:colcon.colcon_core.event_reactor:joining thread
[1.315s] INFO:colcon.colcon_core.plugin_system:Skipping extension 'colcon_notification.desktop_notification.terminal_notifier': Not used on non-Darwin systems
[1.315s] INFO:colcon.colcon_core.plugin_system:Skipping extension 'colcon_notification.desktop_notification.win32': Not used on non-Windows systems
[1.315s] INFO:colcon.colcon_notification.desktop_notification:Sending desktop notification using 'notify2'
[1.324s] DEBUG:colcon.colcon_core.event_reactor:joined thread
[1.324s] INFO:colcon.colcon_core.shell:Creating prefix script '/home/mooz/ros2_ws/install/local_setup.ps1'
[1.325s] INFO:colcon.colcon_core.shell:Creating prefix util module '/home/mooz/ros2_ws/install/_local_setup_util_ps1.py'
[1.327s] INFO:colcon.colcon_core.shell:Creating prefix chain script '/home/mooz/ros2_ws/install/setup.ps1'
[1.327s] INFO:colcon.colcon_core.shell:Creating prefix script '/home/mooz/ros2_ws/install/local_setup.sh'
[1.328s] INFO:colcon.colcon_core.shell:Creating prefix util module '/home/mooz/ros2_ws/install/_local_setup_util_sh.py'
[1.328s] INFO:colcon.colcon_core.shell:Creating prefix chain script '/home/mooz/ros2_ws/install/setup.sh'
[1.329s] INFO:colcon.colcon_core.shell:Creating prefix script '/home/mooz/ros2_ws/install/local_setup.bash'
[1.329s] INFO:colcon.colcon_core.shell:Creating prefix chain script '/home/mooz/ros2_ws/install/setup.bash'
[1.330s] INFO:colcon.colcon_core.shell:Creating prefix script '/home/mooz/ros2_ws/install/local_setup.zsh'
[1.330s] INFO:colcon.colcon_core.shell:Creating prefix chain script '/home/mooz/ros2_ws/install/setup.zsh'
