running egg_info
creating ../../build/code/code.egg-info
writing ../../build/code/code.egg-info/PKG-INFO
writing dependency_links to ../../build/code/code.egg-info/dependency_links.txt
writing entry points to ../../build/code/code.egg-info/entry_points.txt
writing requirements to ../../build/code/code.egg-info/requires.txt
writing top-level names to ../../build/code/code.egg-info/top_level.txt
writing manifest file '../../build/code/code.egg-info/SOURCES.txt'
reading manifest file '../../build/code/code.egg-info/SOURCES.txt'
writing manifest file '../../build/code/code.egg-info/SOURCES.txt'
running build
running install
running install_data
creating /home/mooz/ros2_ws/install/code/share/ament_index
creating /home/mooz/ros2_ws/install/code/share/ament_index/resource_index
creating /home/mooz/ros2_ws/install/code/share/ament_index/resource_index/packages
copying resource/code -> /home/mooz/ros2_ws/install/code/share/ament_index/resource_index/packages
copying package.xml -> /home/mooz/ros2_ws/install/code/share/code
running install_egg_info
Copying ../../build/code/code.egg-info to /home/mooz/ros2_ws/install/code/lib/python3.10/site-packages/code-0.0.0-py3.10.egg-info
running install_scripts
Installing Inversa_suscriber script to /home/mooz/ros2_ws/install/code/lib/code
Installing MoveL script to /home/mooz/ros2_ws/install/code/lib/code
Installing Publicador_Subscritor script to /home/mooz/ros2_ws/install/code/lib/code
Installing Publicador_tcp script to /home/mooz/ros2_ws/install/code/lib/code
Installing command_client script to /home/mooz/ros2_ws/install/code/lib/code
Installing command_publisher script to /home/mooz/ros2_ws/install/code/lib/code
Installing command_server script to /home/mooz/ros2_ws/install/code/lib/code
Installing command_subscriber script to /home/mooz/ros2_ws/install/code/lib/code
Installing mgd script to /home/mooz/ros2_ws/install/code/lib/code
Installing mgd1 script to /home/mooz/ros2_ws/install/code/lib/code
Installing publisher_subscriber script to /home/mooz/ros2_ws/install/code/lib/code
Installing robot_controller script to /home/mooz/ros2_ws/install/code/lib/code
Installing robot_publicador script to /home/mooz/ros2_ws/install/code/lib/code
Installing robot_publisher script to /home/mooz/ros2_ws/install/code/lib/code
Installing robot_teleop script to /home/mooz/ros2_ws/install/code/lib/code
Installing troubleshooting script to /home/mooz/ros2_ws/install/code/lib/code
writing list of installed files to '/home/mooz/ros2_ws/build/code/install.log'
