[0.007s] Invoking command in '/home/mooz/ros2_ws/build/frhal_msgs': CMAKE_PREFIX_PATH=/opt/ros/humble /usr/bin/cmake --build /home/mooz/ros2_ws/build/frhal_msgs -- -j8 -l8
[0.052s] [  5%] Built target frhal_msgs__cpp
[0.052s] [  5%] Built target frhal_msgs__rs
[0.054s] [ 15%] Built target frhal_msgs__rosidl_generator_c
[0.068s] [ 15%] Built target ament_cmake_python_copy_frhal_msgs
[0.077s] [ 45%] Built target frhal_msgs__rosidl_typesupport_fastrtps_c
[0.077s] [ 45%] Built target frhal_msgs__rosidl_typesupport_introspection_c
[0.077s] [ 45%] Built target frhal_msgs__rosidl_typesupport_cpp
[0.078s] [ 55%] Built target frhal_msgs__rosidl_typesupport_fastrtps_cpp
[0.078s] [ 65%] Built target frhal_msgs__rosidl_typesupport_introspection_cpp
[0.078s] [ 75%] Built target frhal_msgs__rosidl_typesupport_c
[0.092s] [ 75%] Built target frhal_msgs
[0.108s] [ 77%] Built target frhal_msgs__py
[0.125s] [ 85%] Built target frhal_msgs__rosidl_generator_py
[0.142s] [ 90%] Built target frhal_msgs__rosidl_typesupport_introspection_c__pyext
[0.142s] [ 95%] Built target frhal_msgs__rosidl_typesupport_fastrtps_c__pyext
[0.144s] [100%] Built target frhal_msgs__rosidl_typesupport_c__pyext
[0.249s] running egg_info
[0.250s] writing frhal_msgs.egg-info/PKG-INFO
[0.250s] writing dependency_links to frhal_msgs.egg-info/dependency_links.txt
[0.250s] writing top-level names to frhal_msgs.egg-info/top_level.txt
[0.252s] reading manifest file 'frhal_msgs.egg-info/SOURCES.txt'
[0.252s] writing manifest file 'frhal_msgs.egg-info/SOURCES.txt'
[0.273s] [100%] Built target ament_cmake_python_build_frhal_msgs_egg
[0.281s] Invoked command in '/home/mooz/ros2_ws/build/frhal_msgs' returned '0': CMAKE_PREFIX_PATH=/opt/ros/humble /usr/bin/cmake --build /home/mooz/ros2_ws/build/frhal_msgs -- -j8 -l8
[0.289s] Invoking command in '/home/mooz/ros2_ws/build/frhal_msgs': CMAKE_PREFIX_PATH=/opt/ros/humble /usr/bin/cmake --install /home/mooz/ros2_ws/build/frhal_msgs
[0.294s] -- Install configuration: ""
[0.294s] -- Up-to-date: /home/mooz/ros2_ws/install/frhal_msgs/share/ament_index/resource_index/rosidl_interfaces/frhal_msgs
[0.294s] -- Up-to-date: /home/mooz/ros2_ws/install/frhal_msgs/include/frhal_msgs/frhal_msgs
[0.294s] -- Up-to-date: /home/mooz/ros2_ws/install/frhal_msgs/include/frhal_msgs/frhal_msgs/srv
[0.294s] -- Up-to-date: /home/mooz/ros2_ws/install/frhal_msgs/include/frhal_msgs/frhal_msgs/srv/detail
[0.294s] -- Up-to-date: /home/mooz/ros2_ws/install/frhal_msgs/include/frhal_msgs/frhal_msgs/srv/detail/ros_cmd_interface__type_support.h
[0.294s] -- Up-to-date: /home/mooz/ros2_ws/install/frhal_msgs/include/frhal_msgs/frhal_msgs/srv/detail/ros_cmd_interface__functions.c
[0.294s] -- Up-to-date: /home/mooz/ros2_ws/install/frhal_msgs/include/frhal_msgs/frhal_msgs/srv/detail/ros_cmd_interface__struct.h
[0.294s] -- Up-to-date: /home/mooz/ros2_ws/install/frhal_msgs/include/frhal_msgs/frhal_msgs/srv/detail/ros_cmd_interface__functions.h
[0.295s] -- Up-to-date: /home/mooz/ros2_ws/install/frhal_msgs/include/frhal_msgs/frhal_msgs/srv/ros_cmd_interface.h
[0.295s] -- Up-to-date: /home/mooz/ros2_ws/install/frhal_msgs/include/frhal_msgs/frhal_msgs/msg
[0.295s] -- Up-to-date: /home/mooz/ros2_ws/install/frhal_msgs/include/frhal_msgs/frhal_msgs/msg/detail
[0.295s] -- Up-to-date: /home/mooz/ros2_ws/install/frhal_msgs/include/frhal_msgs/frhal_msgs/msg/detail/fr_state__functions.h
[0.295s] -- Up-to-date: /home/mooz/ros2_ws/install/frhal_msgs/include/frhal_msgs/frhal_msgs/msg/detail/fr_state__functions.c
[0.295s] -- Up-to-date: /home/mooz/ros2_ws/install/frhal_msgs/include/frhal_msgs/frhal_msgs/msg/detail/fr_state__struct.h
[0.295s] -- Up-to-date: /home/mooz/ros2_ws/install/frhal_msgs/include/frhal_msgs/frhal_msgs/msg/detail/fr_state__type_support.h
[0.295s] -- Up-to-date: /home/mooz/ros2_ws/install/frhal_msgs/include/frhal_msgs/frhal_msgs/msg/fr_state.h
[0.295s] -- Up-to-date: /home/mooz/ros2_ws/install/frhal_msgs/include/frhal_msgs/frhal_msgs/msg/rosidl_generator_c__visibility_control.h
[0.295s] -- Up-to-date: /home/mooz/ros2_ws/install/frhal_msgs/share/frhal_msgs/environment/library_path.sh
[0.295s] -- Up-to-date: /home/mooz/ros2_ws/install/frhal_msgs/share/frhal_msgs/environment/library_path.dsv
[0.295s] -- Up-to-date: /home/mooz/ros2_ws/install/frhal_msgs/lib/libfrhal_msgs__rosidl_generator_c.so
[0.295s] -- Up-to-date: /home/mooz/ros2_ws/install/frhal_msgs/include/frhal_msgs/frhal_msgs
[0.295s] -- Up-to-date: /home/mooz/ros2_ws/install/frhal_msgs/include/frhal_msgs/frhal_msgs/srv
[0.295s] -- Up-to-date: /home/mooz/ros2_ws/install/frhal_msgs/include/frhal_msgs/frhal_msgs/srv/detail
[0.295s] -- Up-to-date: /home/mooz/ros2_ws/install/frhal_msgs/include/frhal_msgs/frhal_msgs/srv/detail/ros_cmd_interface__rosidl_typesupport_fastrtps_c.h
[0.295s] -- Up-to-date: /home/mooz/ros2_ws/install/frhal_msgs/include/frhal_msgs/frhal_msgs/msg
[0.295s] -- Up-to-date: /home/mooz/ros2_ws/install/frhal_msgs/include/frhal_msgs/frhal_msgs/msg/detail
[0.295s] -- Up-to-date: /home/mooz/ros2_ws/install/frhal_msgs/include/frhal_msgs/frhal_msgs/msg/detail/fr_state__rosidl_typesupport_fastrtps_c.h
[0.295s] -- Up-to-date: /home/mooz/ros2_ws/install/frhal_msgs/include/frhal_msgs/frhal_msgs/msg/rosidl_typesupport_fastrtps_c__visibility_control.h
[0.295s] -- Up-to-date: /home/mooz/ros2_ws/install/frhal_msgs/lib/libfrhal_msgs__rosidl_typesupport_fastrtps_c.so
[0.296s] -- Up-to-date: /home/mooz/ros2_ws/install/frhal_msgs/include/frhal_msgs/frhal_msgs
[0.296s] -- Up-to-date: /home/mooz/ros2_ws/install/frhal_msgs/include/frhal_msgs/frhal_msgs/srv
[0.296s] -- Up-to-date: /home/mooz/ros2_ws/install/frhal_msgs/include/frhal_msgs/frhal_msgs/srv/detail
[0.296s] -- Up-to-date: /home/mooz/ros2_ws/install/frhal_msgs/include/frhal_msgs/frhal_msgs/srv/detail/ros_cmd_interface__type_support.c
[0.296s] -- Up-to-date: /home/mooz/ros2_ws/install/frhal_msgs/include/frhal_msgs/frhal_msgs/srv/detail/ros_cmd_interface__rosidl_typesupport_introspection_c.h
[0.296s] -- Up-to-date: /home/mooz/ros2_ws/install/frhal_msgs/include/frhal_msgs/frhal_msgs/msg
[0.296s] -- Up-to-date: /home/mooz/ros2_ws/install/frhal_msgs/include/frhal_msgs/frhal_msgs/msg/rosidl_typesupport_introspection_c__visibility_control.h
[0.296s] -- Up-to-date: /home/mooz/ros2_ws/install/frhal_msgs/include/frhal_msgs/frhal_msgs/msg/detail
[0.296s] -- Up-to-date: /home/mooz/ros2_ws/install/frhal_msgs/include/frhal_msgs/frhal_msgs/msg/detail/fr_state__type_support.c
[0.296s] -- Up-to-date: /home/mooz/ros2_ws/install/frhal_msgs/include/frhal_msgs/frhal_msgs/msg/detail/fr_state__rosidl_typesupport_introspection_c.h
[0.296s] -- Up-to-date: /home/mooz/ros2_ws/install/frhal_msgs/lib/libfrhal_msgs__rosidl_typesupport_introspection_c.so
[0.296s] -- Up-to-date: /home/mooz/ros2_ws/install/frhal_msgs/lib/libfrhal_msgs__rosidl_typesupport_c.so
[0.297s] -- Up-to-date: /home/mooz/ros2_ws/install/frhal_msgs/include/frhal_msgs/frhal_msgs
[0.297s] -- Up-to-date: /home/mooz/ros2_ws/install/frhal_msgs/include/frhal_msgs/frhal_msgs/srv
[0.297s] -- Up-to-date: /home/mooz/ros2_ws/install/frhal_msgs/include/frhal_msgs/frhal_msgs/srv/detail
[0.297s] -- Up-to-date: /home/mooz/ros2_ws/install/frhal_msgs/include/frhal_msgs/frhal_msgs/srv/detail/ros_cmd_interface__traits.hpp
[0.297s] -- Up-to-date: /home/mooz/ros2_ws/install/frhal_msgs/include/frhal_msgs/frhal_msgs/srv/detail/ros_cmd_interface__struct.hpp
[0.297s] -- Up-to-date: /home/mooz/ros2_ws/install/frhal_msgs/include/frhal_msgs/frhal_msgs/srv/detail/ros_cmd_interface__type_support.hpp
[0.297s] -- Up-to-date: /home/mooz/ros2_ws/install/frhal_msgs/include/frhal_msgs/frhal_msgs/srv/detail/ros_cmd_interface__builder.hpp
[0.297s] -- Up-to-date: /home/mooz/ros2_ws/install/frhal_msgs/include/frhal_msgs/frhal_msgs/srv/ros_cmd_interface.hpp
[0.297s] -- Up-to-date: /home/mooz/ros2_ws/install/frhal_msgs/include/frhal_msgs/frhal_msgs/msg
[0.297s] -- Up-to-date: /home/mooz/ros2_ws/install/frhal_msgs/include/frhal_msgs/frhal_msgs/msg/detail
[0.297s] -- Up-to-date: /home/mooz/ros2_ws/install/frhal_msgs/include/frhal_msgs/frhal_msgs/msg/detail/fr_state__traits.hpp
[0.297s] -- Up-to-date: /home/mooz/ros2_ws/install/frhal_msgs/include/frhal_msgs/frhal_msgs/msg/detail/fr_state__type_support.hpp
[0.297s] -- Up-to-date: /home/mooz/ros2_ws/install/frhal_msgs/include/frhal_msgs/frhal_msgs/msg/detail/fr_state__builder.hpp
[0.297s] -- Up-to-date: /home/mooz/ros2_ws/install/frhal_msgs/include/frhal_msgs/frhal_msgs/msg/detail/fr_state__struct.hpp
[0.297s] -- Up-to-date: /home/mooz/ros2_ws/install/frhal_msgs/include/frhal_msgs/frhal_msgs/msg/fr_state.hpp
[0.297s] -- Up-to-date: /home/mooz/ros2_ws/install/frhal_msgs/include/frhal_msgs/frhal_msgs/msg/rosidl_generator_cpp__visibility_control.hpp
[0.297s] -- Up-to-date: /home/mooz/ros2_ws/install/frhal_msgs/include/frhal_msgs/frhal_msgs
[0.297s] -- Up-to-date: /home/mooz/ros2_ws/install/frhal_msgs/include/frhal_msgs/frhal_msgs/srv
[0.297s] -- Up-to-date: /home/mooz/ros2_ws/install/frhal_msgs/include/frhal_msgs/frhal_msgs/srv/detail
[0.297s] -- Up-to-date: /home/mooz/ros2_ws/install/frhal_msgs/include/frhal_msgs/frhal_msgs/srv/detail/dds_fastrtps
[0.297s] -- Up-to-date: /home/mooz/ros2_ws/install/frhal_msgs/include/frhal_msgs/frhal_msgs/srv/detail/ros_cmd_interface__rosidl_typesupport_fastrtps_cpp.hpp
[0.298s] -- Up-to-date: /home/mooz/ros2_ws/install/frhal_msgs/include/frhal_msgs/frhal_msgs/msg
[0.298s] -- Up-to-date: /home/mooz/ros2_ws/install/frhal_msgs/include/frhal_msgs/frhal_msgs/msg/rosidl_typesupport_fastrtps_cpp__visibility_control.h
[0.298s] -- Up-to-date: /home/mooz/ros2_ws/install/frhal_msgs/include/frhal_msgs/frhal_msgs/msg/detail
[0.298s] -- Up-to-date: /home/mooz/ros2_ws/install/frhal_msgs/include/frhal_msgs/frhal_msgs/msg/detail/fr_state__rosidl_typesupport_fastrtps_cpp.hpp
[0.298s] -- Up-to-date: /home/mooz/ros2_ws/install/frhal_msgs/include/frhal_msgs/frhal_msgs/msg/detail/dds_fastrtps
[0.298s] -- Up-to-date: /home/mooz/ros2_ws/install/frhal_msgs/lib/libfrhal_msgs__rosidl_typesupport_fastrtps_cpp.so
[0.298s] -- Up-to-date: /home/mooz/ros2_ws/install/frhal_msgs/include/frhal_msgs/frhal_msgs
[0.298s] -- Up-to-date: /home/mooz/ros2_ws/install/frhal_msgs/include/frhal_msgs/frhal_msgs/srv
[0.298s] -- Up-to-date: /home/mooz/ros2_ws/install/frhal_msgs/include/frhal_msgs/frhal_msgs/srv/detail
[0.298s] -- Up-to-date: /home/mooz/ros2_ws/install/frhal_msgs/include/frhal_msgs/frhal_msgs/srv/detail/ros_cmd_interface__rosidl_typesupport_introspection_cpp.hpp
[0.298s] -- Up-to-date: /home/mooz/ros2_ws/install/frhal_msgs/include/frhal_msgs/frhal_msgs/srv/detail/ros_cmd_interface__type_support.cpp
[0.298s] -- Up-to-date: /home/mooz/ros2_ws/install/frhal_msgs/include/frhal_msgs/frhal_msgs/msg
[0.298s] -- Up-to-date: /home/mooz/ros2_ws/install/frhal_msgs/include/frhal_msgs/frhal_msgs/msg/detail
[0.298s] -- Up-to-date: /home/mooz/ros2_ws/install/frhal_msgs/include/frhal_msgs/frhal_msgs/msg/detail/fr_state__rosidl_typesupport_introspection_cpp.hpp
[0.298s] -- Up-to-date: /home/mooz/ros2_ws/install/frhal_msgs/include/frhal_msgs/frhal_msgs/msg/detail/fr_state__type_support.cpp
[0.299s] -- Up-to-date: /home/mooz/ros2_ws/install/frhal_msgs/lib/libfrhal_msgs__rosidl_typesupport_introspection_cpp.so
[0.299s] -- Up-to-date: /home/mooz/ros2_ws/install/frhal_msgs/lib/libfrhal_msgs__rosidl_typesupport_cpp.so
[0.299s] -- Up-to-date: /home/mooz/ros2_ws/install/frhal_msgs/share/frhal_msgs/environment/pythonpath.sh
[0.299s] -- Up-to-date: /home/mooz/ros2_ws/install/frhal_msgs/share/frhal_msgs/environment/pythonpath.dsv
[0.299s] -- Up-to-date: /home/mooz/ros2_ws/install/frhal_msgs/local/lib/python3.10/dist-packages/frhal_msgs-0.0.0-py3.10.egg-info
[0.299s] -- Installing: /home/mooz/ros2_ws/install/frhal_msgs/local/lib/python3.10/dist-packages/frhal_msgs-0.0.0-py3.10.egg-info/SOURCES.txt
[0.299s] -- Installing: /home/mooz/ros2_ws/install/frhal_msgs/local/lib/python3.10/dist-packages/frhal_msgs-0.0.0-py3.10.egg-info/PKG-INFO
[0.299s] -- Installing: /home/mooz/ros2_ws/install/frhal_msgs/local/lib/python3.10/dist-packages/frhal_msgs-0.0.0-py3.10.egg-info/top_level.txt
[0.299s] -- Installing: /home/mooz/ros2_ws/install/frhal_msgs/local/lib/python3.10/dist-packages/frhal_msgs-0.0.0-py3.10.egg-info/dependency_links.txt
[0.299s] -- Up-to-date: /home/mooz/ros2_ws/install/frhal_msgs/local/lib/python3.10/dist-packages/frhal_msgs
[0.300s] -- Up-to-date: /home/mooz/ros2_ws/install/frhal_msgs/local/lib/python3.10/dist-packages/frhal_msgs/_frhal_msgs_s.ep.rosidl_typesupport_introspection_c.c
[0.300s] -- Up-to-date: /home/mooz/ros2_ws/install/frhal_msgs/local/lib/python3.10/dist-packages/frhal_msgs/__init__.py
[0.300s] -- Up-to-date: /home/mooz/ros2_ws/install/frhal_msgs/local/lib/python3.10/dist-packages/frhal_msgs/frhal_msgs_s__rosidl_typesupport_fastrtps_c.cpython-310-x86_64-linux-gnu.so
[0.300s] -- Up-to-date: /home/mooz/ros2_ws/install/frhal_msgs/local/lib/python3.10/dist-packages/frhal_msgs/srv
[0.300s] -- Up-to-date: /home/mooz/ros2_ws/install/frhal_msgs/local/lib/python3.10/dist-packages/frhal_msgs/srv/_ros_cmd_interface.py
[0.300s] -- Up-to-date: /home/mooz/ros2_ws/install/frhal_msgs/local/lib/python3.10/dist-packages/frhal_msgs/srv/__init__.py
[0.300s] -- Up-to-date: /home/mooz/ros2_ws/install/frhal_msgs/local/lib/python3.10/dist-packages/frhal_msgs/srv/_ros_cmd_interface_s.c
[0.300s] -- Up-to-date: /home/mooz/ros2_ws/install/frhal_msgs/local/lib/python3.10/dist-packages/frhal_msgs/frhal_msgs_s__rosidl_typesupport_c.cpython-310-x86_64-linux-gnu.so
[0.300s] -- Up-to-date: /home/mooz/ros2_ws/install/frhal_msgs/local/lib/python3.10/dist-packages/frhal_msgs/_frhal_msgs_s.ep.rosidl_typesupport_c.c
[0.300s] -- Up-to-date: /home/mooz/ros2_ws/install/frhal_msgs/local/lib/python3.10/dist-packages/frhal_msgs/frhal_msgs_s__rosidl_typesupport_introspection_c.cpython-310-x86_64-linux-gnu.so
[0.300s] -- Up-to-date: /home/mooz/ros2_ws/install/frhal_msgs/local/lib/python3.10/dist-packages/frhal_msgs/libfrhal_msgs__rosidl_generator_py.so
[0.300s] -- Up-to-date: /home/mooz/ros2_ws/install/frhal_msgs/local/lib/python3.10/dist-packages/frhal_msgs/msg
[0.300s] -- Up-to-date: /home/mooz/ros2_ws/install/frhal_msgs/local/lib/python3.10/dist-packages/frhal_msgs/msg/_fr_state_s.c
[0.300s] -- Up-to-date: /home/mooz/ros2_ws/install/frhal_msgs/local/lib/python3.10/dist-packages/frhal_msgs/msg/__init__.py
[0.300s] -- Up-to-date: /home/mooz/ros2_ws/install/frhal_msgs/local/lib/python3.10/dist-packages/frhal_msgs/msg/_fr_state.py
[0.300s] -- Up-to-date: /home/mooz/ros2_ws/install/frhal_msgs/local/lib/python3.10/dist-packages/frhal_msgs/_frhal_msgs_s.ep.rosidl_typesupport_fastrtps_c.c
[0.324s] Listing '/home/mooz/ros2_ws/install/frhal_msgs/local/lib/python3.10/dist-packages/frhal_msgs'...
[0.324s] Listing '/home/mooz/ros2_ws/install/frhal_msgs/local/lib/python3.10/dist-packages/frhal_msgs/msg'...
[0.324s] Listing '/home/mooz/ros2_ws/install/frhal_msgs/local/lib/python3.10/dist-packages/frhal_msgs/srv'...
[0.328s] -- Up-to-date: /home/mooz/ros2_ws/install/frhal_msgs/local/lib/python3.10/dist-packages/frhal_msgs/frhal_msgs_s__rosidl_typesupport_fastrtps_c.cpython-310-x86_64-linux-gnu.so
[0.328s] -- Up-to-date: /home/mooz/ros2_ws/install/frhal_msgs/local/lib/python3.10/dist-packages/frhal_msgs/frhal_msgs_s__rosidl_typesupport_introspection_c.cpython-310-x86_64-linux-gnu.so
[0.328s] -- Up-to-date: /home/mooz/ros2_ws/install/frhal_msgs/local/lib/python3.10/dist-packages/frhal_msgs/frhal_msgs_s__rosidl_typesupport_c.cpython-310-x86_64-linux-gnu.so
[0.329s] -- Up-to-date: /home/mooz/ros2_ws/install/frhal_msgs/lib/libfrhal_msgs__rosidl_generator_py.so
[0.329s] -- Up-to-date: /home/mooz/ros2_ws/install/frhal_msgs/share/ament_index/resource_index/rust_packages/frhal_msgs
[0.329s] -- Up-to-date: /home/mooz/ros2_ws/install/frhal_msgs/share/frhal_msgs/rust
[0.329s] -- Up-to-date: /home/mooz/ros2_ws/install/frhal_msgs/share/frhal_msgs/rust/build.rs
[0.329s] -- Up-to-date: /home/mooz/ros2_ws/install/frhal_msgs/share/frhal_msgs/rust/src
[0.329s] -- Up-to-date: /home/mooz/ros2_ws/install/frhal_msgs/share/frhal_msgs/rust/src/msg.rs
[0.329s] -- Up-to-date: /home/mooz/ros2_ws/install/frhal_msgs/share/frhal_msgs/rust/src/srv.rs
[0.329s] -- Up-to-date: /home/mooz/ros2_ws/install/frhal_msgs/share/frhal_msgs/rust/src/srv
[0.329s] -- Up-to-date: /home/mooz/ros2_ws/install/frhal_msgs/share/frhal_msgs/rust/src/srv/rmw.rs
[0.329s] -- Up-to-date: /home/mooz/ros2_ws/install/frhal_msgs/share/frhal_msgs/rust/src/lib.rs
[0.329s] -- Up-to-date: /home/mooz/ros2_ws/install/frhal_msgs/share/frhal_msgs/rust/src/msg
[0.329s] -- Up-to-date: /home/mooz/ros2_ws/install/frhal_msgs/share/frhal_msgs/rust/src/msg/rmw.rs
[0.329s] -- Up-to-date: /home/mooz/ros2_ws/install/frhal_msgs/share/frhal_msgs/rust/Cargo.toml
[0.329s] -- Up-to-date: /home/mooz/ros2_ws/install/frhal_msgs/share/frhal_msgs/srv/ROSCmdInterface.idl
[0.329s] -- Up-to-date: /home/mooz/ros2_ws/install/frhal_msgs/share/frhal_msgs/msg/FRState.idl
[0.329s] -- Up-to-date: /home/mooz/ros2_ws/install/frhal_msgs/share/frhal_msgs/srv/ROSCmdInterface.srv
[0.329s] -- Up-to-date: /home/mooz/ros2_ws/install/frhal_msgs/share/frhal_msgs/srv/ROSCmdInterface_Request.msg
[0.329s] -- Up-to-date: /home/mooz/ros2_ws/install/frhal_msgs/share/frhal_msgs/srv/ROSCmdInterface_Response.msg
[0.329s] -- Up-to-date: /home/mooz/ros2_ws/install/frhal_msgs/share/frhal_msgs/msg/FRState.msg
[0.330s] -- Up-to-date: /home/mooz/ros2_ws/install/frhal_msgs/share/ament_index/resource_index/package_run_dependencies/frhal_msgs
[0.330s] -- Up-to-date: /home/mooz/ros2_ws/install/frhal_msgs/share/ament_index/resource_index/parent_prefix_path/frhal_msgs
[0.330s] -- Up-to-date: /home/mooz/ros2_ws/install/frhal_msgs/share/frhal_msgs/environment/ament_prefix_path.sh
[0.330s] -- Up-to-date: /home/mooz/ros2_ws/install/frhal_msgs/share/frhal_msgs/environment/ament_prefix_path.dsv
[0.330s] -- Up-to-date: /home/mooz/ros2_ws/install/frhal_msgs/share/frhal_msgs/environment/path.sh
[0.330s] -- Up-to-date: /home/mooz/ros2_ws/install/frhal_msgs/share/frhal_msgs/environment/path.dsv
[0.330s] -- Up-to-date: /home/mooz/ros2_ws/install/frhal_msgs/share/frhal_msgs/local_setup.bash
[0.330s] -- Up-to-date: /home/mooz/ros2_ws/install/frhal_msgs/share/frhal_msgs/local_setup.sh
[0.330s] -- Up-to-date: /home/mooz/ros2_ws/install/frhal_msgs/share/frhal_msgs/local_setup.zsh
[0.330s] -- Up-to-date: /home/mooz/ros2_ws/install/frhal_msgs/share/frhal_msgs/local_setup.dsv
[0.330s] -- Installing: /home/mooz/ros2_ws/install/frhal_msgs/share/frhal_msgs/package.dsv
[0.330s] -- Up-to-date: /home/mooz/ros2_ws/install/frhal_msgs/share/ament_index/resource_index/packages/frhal_msgs
[0.330s] -- Up-to-date: /home/mooz/ros2_ws/install/frhal_msgs/share/frhal_msgs/cmake/export_frhal_msgs__rosidl_generator_cExport.cmake
[0.330s] -- Up-to-date: /home/mooz/ros2_ws/install/frhal_msgs/share/frhal_msgs/cmake/export_frhal_msgs__rosidl_generator_cExport-noconfig.cmake
[0.330s] -- Up-to-date: /home/mooz/ros2_ws/install/frhal_msgs/share/frhal_msgs/cmake/export_frhal_msgs__rosidl_typesupport_fastrtps_cExport.cmake
[0.330s] -- Up-to-date: /home/mooz/ros2_ws/install/frhal_msgs/share/frhal_msgs/cmake/export_frhal_msgs__rosidl_typesupport_fastrtps_cExport-noconfig.cmake
[0.330s] -- Up-to-date: /home/mooz/ros2_ws/install/frhal_msgs/share/frhal_msgs/cmake/frhal_msgs__rosidl_typesupport_introspection_cExport.cmake
[0.330s] -- Up-to-date: /home/mooz/ros2_ws/install/frhal_msgs/share/frhal_msgs/cmake/frhal_msgs__rosidl_typesupport_introspection_cExport-noconfig.cmake
[0.330s] -- Up-to-date: /home/mooz/ros2_ws/install/frhal_msgs/share/frhal_msgs/cmake/frhal_msgs__rosidl_typesupport_cExport.cmake
[0.330s] -- Up-to-date: /home/mooz/ros2_ws/install/frhal_msgs/share/frhal_msgs/cmake/frhal_msgs__rosidl_typesupport_cExport-noconfig.cmake
[0.330s] -- Up-to-date: /home/mooz/ros2_ws/install/frhal_msgs/share/frhal_msgs/cmake/export_frhal_msgs__rosidl_generator_cppExport.cmake
[0.330s] -- Up-to-date: /home/mooz/ros2_ws/install/frhal_msgs/share/frhal_msgs/cmake/export_frhal_msgs__rosidl_typesupport_fastrtps_cppExport.cmake
[0.330s] -- Up-to-date: /home/mooz/ros2_ws/install/frhal_msgs/share/frhal_msgs/cmake/export_frhal_msgs__rosidl_typesupport_fastrtps_cppExport-noconfig.cmake
[0.331s] -- Up-to-date: /home/mooz/ros2_ws/install/frhal_msgs/share/frhal_msgs/cmake/frhal_msgs__rosidl_typesupport_introspection_cppExport.cmake
[0.331s] -- Up-to-date: /home/mooz/ros2_ws/install/frhal_msgs/share/frhal_msgs/cmake/frhal_msgs__rosidl_typesupport_introspection_cppExport-noconfig.cmake
[0.331s] -- Up-to-date: /home/mooz/ros2_ws/install/frhal_msgs/share/frhal_msgs/cmake/frhal_msgs__rosidl_typesupport_cppExport.cmake
[0.331s] -- Up-to-date: /home/mooz/ros2_ws/install/frhal_msgs/share/frhal_msgs/cmake/frhal_msgs__rosidl_typesupport_cppExport-noconfig.cmake
[0.331s] -- Up-to-date: /home/mooz/ros2_ws/install/frhal_msgs/share/frhal_msgs/cmake/export_frhal_msgs__rosidl_generator_pyExport.cmake
[0.331s] -- Up-to-date: /home/mooz/ros2_ws/install/frhal_msgs/share/frhal_msgs/cmake/export_frhal_msgs__rosidl_generator_pyExport-noconfig.cmake
[0.331s] -- Up-to-date: /home/mooz/ros2_ws/install/frhal_msgs/share/frhal_msgs/cmake/rosidl_cmake-extras.cmake
[0.331s] -- Up-to-date: /home/mooz/ros2_ws/install/frhal_msgs/share/frhal_msgs/cmake/ament_cmake_export_include_directories-extras.cmake
[0.331s] -- Up-to-date: /home/mooz/ros2_ws/install/frhal_msgs/share/frhal_msgs/cmake/ament_cmake_export_libraries-extras.cmake
[0.331s] -- Up-to-date: /home/mooz/ros2_ws/install/frhal_msgs/share/frhal_msgs/cmake/ament_cmake_export_targets-extras.cmake
[0.331s] -- Up-to-date: /home/mooz/ros2_ws/install/frhal_msgs/share/frhal_msgs/cmake/rosidl_cmake_export_typesupport_targets-extras.cmake
[0.331s] -- Up-to-date: /home/mooz/ros2_ws/install/frhal_msgs/share/frhal_msgs/cmake/ament_cmake_export_dependencies-extras.cmake
[0.331s] -- Up-to-date: /home/mooz/ros2_ws/install/frhal_msgs/share/frhal_msgs/cmake/rosidl_cmake_export_typesupport_libraries-extras.cmake
[0.331s] -- Up-to-date: /home/mooz/ros2_ws/install/frhal_msgs/share/frhal_msgs/cmake/rosidl_cmake_aggregate_target-extras.cmake
[0.331s] -- Up-to-date: /home/mooz/ros2_ws/install/frhal_msgs/share/frhal_msgs/cmake/frhal_msgsConfig.cmake
[0.331s] -- Up-to-date: /home/mooz/ros2_ws/install/frhal_msgs/share/frhal_msgs/cmake/frhal_msgsConfig-version.cmake
[0.331s] -- Up-to-date: /home/mooz/ros2_ws/install/frhal_msgs/share/frhal_msgs/package.xml
[0.334s] Invoked command in '/home/mooz/ros2_ws/build/frhal_msgs' returned '0': CMAKE_PREFIX_PATH=/opt/ros/humble /usr/bin/cmake --install /home/mooz/ros2_ws/build/frhal_msgs
