[0.140s] DEBUG:colcon:Command line arguments: ['/usr/bin/colcon', 'build', '--packages-select', 'code', '--symlink-install']
[0.140s] DEBUG:colcon:Parsed command line arguments: Namespace(log_base=None, log_level=None, verb_name='build', build_base='build', install_base='install', merge_install=False, symlink_install=True, test_result_base=None, continue_on_error=False, executor='parallel', parallel_workers=8, event_handlers=None, ignore_user_meta=False, metas=['./colcon.meta'], base_paths=['.'], packages_ignore=None, packages_ignore_regex=None, paths=None, packages_up_to=None, packages_up_to_regex=None, packages_above=None, packages_above_and_dependencies=None, packages_above_depth=None, packages_select_by_dep=None, packages_skip_by_dep=None, packages_skip_up_to=None, packages_select_build_failed=False, packages_skip_build_finished=False, packages_select_test_failures=False, packages_skip_test_passed=False, packages_select=['code'], packages_skip=None, packages_select_regex=None, packages_skip_regex=None, packages_start=None, packages_end=None, allow_overriding=[], cmake_args=None, cmake_target=None, cmake_target_skip_unavailable=False, cmake_clean_cache=False, cmake_clean_first=False, cmake_force_configure=False, ament_cmake_args=None, catkin_cmake_args=None, catkin_skip_building_tests=False, mixin_files=None, mixin=None, verb_parser=<colcon_mixin.mixin.mixin_argument.MixinArgumentDecorator object at 0x7603f5955810>, verb_extension=<colcon_core.verb.build.BuildVerb object at 0x7603f5955000>, main=<bound method BuildVerb.main of <colcon_core.verb.build.BuildVerb object at 0x7603f5955000>>, mixin_verb=('build',))
[0.351s] Level 1:colcon.colcon_core.package_discovery:discover_packages(colcon_meta) check parameters
[0.351s] Level 1:colcon.colcon_core.package_discovery:discover_packages(recursive) check parameters
[0.351s] Level 1:colcon.colcon_core.package_discovery:discover_packages(ignore) check parameters
[0.351s] Level 1:colcon.colcon_core.package_discovery:discover_packages(path) check parameters
[0.351s] Level 1:colcon.colcon_core.package_discovery:discover_packages(colcon_meta) discover
[0.351s] Level 1:colcon.colcon_core.package_discovery:discover_packages(recursive) discover
[0.351s] INFO:colcon.colcon_core.package_discovery:Crawling recursively for packages in '/home/mooz/ros2_ws'
[0.351s] Level 1:colcon.colcon_core.package_identification:_identify(.) by extensions ['ignore', 'ignore_ament_install']
[0.351s] Level 1:colcon.colcon_core.package_identification:_identify(.) by extension 'ignore'
[0.351s] Level 1:colcon.colcon_core.package_identification:_identify(.) by extension 'ignore_ament_install'
[0.351s] Level 1:colcon.colcon_core.package_identification:_identify(.) by extensions ['colcon_pkg']
[0.351s] Level 1:colcon.colcon_core.package_identification:_identify(.) by extension 'colcon_pkg'
[0.352s] Level 1:colcon.colcon_core.package_identification:_identify(.) by extensions ['colcon_meta']
[0.352s] Level 1:colcon.colcon_core.package_identification:_identify(.) by extension 'colcon_meta'
[0.352s] Level 1:colcon.colcon_core.package_identification:_identify(.) by extensions ['ros']
[0.352s] Level 1:colcon.colcon_core.package_identification:_identify(.) by extension 'ros'
[0.368s] Level 1:colcon.colcon_core.package_identification:_identify(.) by extensions ['cmake', 'python']
[0.368s] Level 1:colcon.colcon_core.package_identification:_identify(.) by extension 'cmake'
[0.368s] Level 1:colcon.colcon_core.package_identification:_identify(.) by extension 'python'
[0.368s] Level 1:colcon.colcon_core.package_identification:_identify(.) by extensions ['python_setup_py']
[0.368s] Level 1:colcon.colcon_core.package_identification:_identify(.) by extension 'python_setup_py'
[0.368s] Level 1:colcon.colcon_core.package_identification:_identify(build) by extensions ['ignore', 'ignore_ament_install']
[0.368s] Level 1:colcon.colcon_core.package_identification:_identify(build) by extension 'ignore'
[0.368s] Level 1:colcon.colcon_core.package_identification:_identify(build) ignored
[0.368s] Level 1:colcon.colcon_core.package_identification:_identify(install) by extensions ['ignore', 'ignore_ament_install']
[0.369s] Level 1:colcon.colcon_core.package_identification:_identify(install) by extension 'ignore'
[0.369s] Level 1:colcon.colcon_core.package_identification:_identify(install) ignored
[0.369s] Level 1:colcon.colcon_core.package_identification:_identify(log) by extensions ['ignore', 'ignore_ament_install']
[0.369s] Level 1:colcon.colcon_core.package_identification:_identify(log) by extension 'ignore'
[0.369s] Level 1:colcon.colcon_core.package_identification:_identify(log) ignored
[0.369s] Level 1:colcon.colcon_core.package_identification:_identify(src) by extensions ['ignore', 'ignore_ament_install']
[0.369s] Level 1:colcon.colcon_core.package_identification:_identify(src) by extension 'ignore'
[0.369s] Level 1:colcon.colcon_core.package_identification:_identify(src) by extension 'ignore_ament_install'
[0.369s] Level 1:colcon.colcon_core.package_identification:_identify(src) by extensions ['colcon_pkg']
[0.369s] Level 1:colcon.colcon_core.package_identification:_identify(src) by extension 'colcon_pkg'
[0.369s] Level 1:colcon.colcon_core.package_identification:_identify(src) by extensions ['colcon_meta']
[0.369s] Level 1:colcon.colcon_core.package_identification:_identify(src) by extension 'colcon_meta'
[0.369s] Level 1:colcon.colcon_core.package_identification:_identify(src) by extensions ['ros']
[0.369s] Level 1:colcon.colcon_core.package_identification:_identify(src) by extension 'ros'
[0.369s] Level 1:colcon.colcon_core.package_identification:_identify(src) by extensions ['cmake', 'python']
[0.369s] Level 1:colcon.colcon_core.package_identification:_identify(src) by extension 'cmake'
[0.369s] Level 1:colcon.colcon_core.package_identification:_identify(src) by extension 'python'
[0.369s] Level 1:colcon.colcon_core.package_identification:_identify(src) by extensions ['python_setup_py']
[0.369s] Level 1:colcon.colcon_core.package_identification:_identify(src) by extension 'python_setup_py'
[0.370s] Level 1:colcon.colcon_core.package_identification:_identify(src/code) by extensions ['ignore', 'ignore_ament_install']
[0.370s] Level 1:colcon.colcon_core.package_identification:_identify(src/code) by extension 'ignore'
[0.370s] Level 1:colcon.colcon_core.package_identification:_identify(src/code) by extension 'ignore_ament_install'
[0.370s] Level 1:colcon.colcon_core.package_identification:_identify(src/code) by extensions ['colcon_pkg']
[0.370s] Level 1:colcon.colcon_core.package_identification:_identify(src/code) by extension 'colcon_pkg'
[0.370s] Level 1:colcon.colcon_core.package_identification:_identify(src/code) by extensions ['colcon_meta']
[0.370s] Level 1:colcon.colcon_core.package_identification:_identify(src/code) by extension 'colcon_meta'
[0.370s] Level 1:colcon.colcon_core.package_identification:_identify(src/code) by extensions ['ros']
[0.370s] Level 1:colcon.colcon_core.package_identification:_identify(src/code) by extension 'ros'
[0.373s] DEBUG:colcon.colcon_core.package_identification:Package 'src/code' with type 'ros.ament_python' and name 'code'
[0.373s] Level 1:colcon.colcon_core.package_identification:_identify(src/fr_ros2) by extensions ['ignore', 'ignore_ament_install']
[0.373s] Level 1:colcon.colcon_core.package_identification:_identify(src/fr_ros2) by extension 'ignore'
[0.373s] Level 1:colcon.colcon_core.package_identification:_identify(src/fr_ros2) by extension 'ignore_ament_install'
[0.373s] Level 1:colcon.colcon_core.package_identification:_identify(src/fr_ros2) by extensions ['colcon_pkg']
[0.373s] Level 1:colcon.colcon_core.package_identification:_identify(src/fr_ros2) by extension 'colcon_pkg'
[0.373s] Level 1:colcon.colcon_core.package_identification:_identify(src/fr_ros2) by extensions ['colcon_meta']
[0.373s] Level 1:colcon.colcon_core.package_identification:_identify(src/fr_ros2) by extension 'colcon_meta'
[0.373s] Level 1:colcon.colcon_core.package_identification:_identify(src/fr_ros2) by extensions ['ros']
[0.374s] Level 1:colcon.colcon_core.package_identification:_identify(src/fr_ros2) by extension 'ros'
[0.374s] DEBUG:colcon.colcon_core.package_identification:Package 'src/fr_ros2' with type 'ros.ament_cmake' and name 'fr_ros2'
[0.374s] Level 1:colcon.colcon_core.package_identification:_identify(src/frhal_msgs) by extensions ['ignore', 'ignore_ament_install']
[0.374s] Level 1:colcon.colcon_core.package_identification:_identify(src/frhal_msgs) by extension 'ignore'
[0.374s] Level 1:colcon.colcon_core.package_identification:_identify(src/frhal_msgs) by extension 'ignore_ament_install'
[0.374s] Level 1:colcon.colcon_core.package_identification:_identify(src/frhal_msgs) by extensions ['colcon_pkg']
[0.374s] Level 1:colcon.colcon_core.package_identification:_identify(src/frhal_msgs) by extension 'colcon_pkg'
[0.374s] Level 1:colcon.colcon_core.package_identification:_identify(src/frhal_msgs) by extensions ['colcon_meta']
[0.374s] Level 1:colcon.colcon_core.package_identification:_identify(src/frhal_msgs) by extension 'colcon_meta'
[0.374s] Level 1:colcon.colcon_core.package_identification:_identify(src/frhal_msgs) by extensions ['ros']
[0.374s] Level 1:colcon.colcon_core.package_identification:_identify(src/frhal_msgs) by extension 'ros'
[0.375s] DEBUG:colcon.colcon_core.package_identification:Package 'src/frhal_msgs' with type 'ros.ament_cmake' and name 'frhal_msgs'
[0.375s] Level 1:colcon.colcon_core.package_discovery:discover_packages(recursive) using defaults
[0.375s] Level 1:colcon.colcon_core.package_discovery:discover_packages(ignore) discover
[0.375s] Level 1:colcon.colcon_core.package_discovery:discover_packages(ignore) using defaults
[0.375s] Level 1:colcon.colcon_core.package_discovery:discover_packages(path) discover
[0.375s] Level 1:colcon.colcon_core.package_discovery:discover_packages(path) using defaults
[0.406s] INFO:colcon.colcon_core.package_selection:Skipping not selected package 'frhal_msgs' in 'src/frhal_msgs'
[0.406s] INFO:colcon.colcon_core.package_selection:Skipping not selected package 'fr_ros2' in 'src/fr_ros2'
[0.407s] Level 1:colcon.colcon_core.package_discovery:discover_packages(prefix_path) check parameters
[0.407s] Level 1:colcon.colcon_core.package_discovery:discover_packages(prefix_path) discover
[0.409s] DEBUG:colcon.colcon_installed_package_information.package_discovery:Found 278 installed packages in /opt/ros/humble
[0.411s] Level 1:colcon.colcon_core.package_discovery:discover_packages(prefix_path) using defaults
[0.437s] Level 5:colcon.colcon_core.verb:set package 'code' build argument 'cmake_args' from command line to 'None'
[0.437s] Level 5:colcon.colcon_core.verb:set package 'code' build argument 'cmake_target' from command line to 'None'
[0.437s] Level 5:colcon.colcon_core.verb:set package 'code' build argument 'cmake_target_skip_unavailable' from command line to 'False'
[0.437s] Level 5:colcon.colcon_core.verb:set package 'code' build argument 'cmake_clean_cache' from command line to 'False'
[0.437s] Level 5:colcon.colcon_core.verb:set package 'code' build argument 'cmake_clean_first' from command line to 'False'
[0.437s] Level 5:colcon.colcon_core.verb:set package 'code' build argument 'cmake_force_configure' from command line to 'False'
[0.437s] Level 5:colcon.colcon_core.verb:set package 'code' build argument 'ament_cmake_args' from command line to 'None'
[0.437s] Level 5:colcon.colcon_core.verb:set package 'code' build argument 'catkin_cmake_args' from command line to 'None'
[0.437s] Level 5:colcon.colcon_core.verb:set package 'code' build argument 'catkin_skip_building_tests' from command line to 'False'
[0.437s] DEBUG:colcon.colcon_core.verb:Building package 'code' with the following arguments: {'ament_cmake_args': None, 'build_base': '/home/mooz/ros2_ws/build/code', 'catkin_cmake_args': None, 'catkin_skip_building_tests': False, 'cmake_args': None, 'cmake_clean_cache': False, 'cmake_clean_first': False, 'cmake_force_configure': False, 'cmake_target': None, 'cmake_target_skip_unavailable': False, 'install_base': '/home/mooz/ros2_ws/install/code', 'merge_install': False, 'path': '/home/mooz/ros2_ws/src/code', 'symlink_install': True, 'test_result_base': None}
[0.437s] INFO:colcon.colcon_core.executor:Executing jobs using 'parallel' executor
[0.438s] DEBUG:colcon.colcon_parallel_executor.executor.parallel:run_until_complete
[0.438s] INFO:colcon.colcon_ros.task.ament_python.build:Building ROS package in '/home/mooz/ros2_ws/src/code' with build type 'ament_python'
[0.438s] Level 1:colcon.colcon_core.shell:create_environment_hook('code', 'ament_prefix_path')
[0.441s] INFO:colcon.colcon_core.plugin_system:Skipping extension 'colcon_core.shell.bat': Not used on non-Windows systems
[0.441s] INFO:colcon.colcon_core.shell:Creating environment hook '/home/mooz/ros2_ws/install/code/share/code/hook/ament_prefix_path.ps1'
[0.442s] INFO:colcon.colcon_core.shell:Creating environment descriptor '/home/mooz/ros2_ws/install/code/share/code/hook/ament_prefix_path.dsv'
[0.443s] INFO:colcon.colcon_core.shell:Creating environment hook '/home/mooz/ros2_ws/install/code/share/code/hook/ament_prefix_path.sh'
[0.443s] INFO:colcon.colcon_core.shell:Skip shell extension 'powershell' for command environment: Not usable outside of PowerShell
[0.443s] DEBUG:colcon.colcon_core.shell:Skip shell extension 'dsv' for command environment
[0.617s] INFO:colcon.colcon_core.task.python.build:Building Python package in '/home/mooz/ros2_ws/src/code'
[0.617s] INFO:colcon.colcon_core.shell:Skip shell extension 'powershell' for command environment: Not usable outside of PowerShell
[0.617s] DEBUG:colcon.colcon_core.shell:Skip shell extension 'dsv' for command environment
[0.869s] DEBUG:colcon.colcon_core.task.python.build:Available setuptools commands: install_headers, easy_install, build_scripts, alias, egg_info, develop, install, bdist_dumb, check, build_py, dist_info, test, build_ext, sdist, register, rotate, saveopts, build, setopt, install_scripts, clean, upload_docs, bdist, upload, bdist_egg, install_lib, symlink_data, bdist_rpm, install_data, install_egg_info, build_clib
[1.060s] DEBUG:colcon.colcon_core.task.python.build:Available setuptools 'develop' options: --allow-hosts, --editable, --local-snapshots-ok, --always-copy, --zip-ok, --verbose, --install-dir, --uninstall, --prefix, --egg-path, --help, --install-layout, --exclude-scripts, --index-url, --always-unzip, --quiet, --site-dirs, --script-dir, --multi-version, --optimize, --no-deps, --no-user-cfg, --no-find-links, --dry-run, --find-links, --user, --upgrade, --force-installation-into-system-dir, --record, --build-directory, --version
[1.061s] DEBUG:colcon.colcon_core.task.python.build:While undoing a previous installation files outside the Python library path are being ignored: /home/mooz/ros2_ws/install/code/share/ament_index/resource_index/packages/code
[1.061s] DEBUG:colcon.colcon_core.task.python.build:While undoing a previous installation files outside the Python library path are being ignored: /home/mooz/ros2_ws/install/code/share/code/package.xml
[1.061s] DEBUG:colcon.colcon_core.task.python.build:While undoing a previous installation files outside the Python library path are being ignored: /home/mooz/ros2_ws/install/code/lib/code/Inversa_suscriber
[1.061s] DEBUG:colcon.colcon_core.task.python.build:While undoing a previous installation files outside the Python library path are being ignored: /home/mooz/ros2_ws/install/code/lib/code/MoveL
[1.061s] DEBUG:colcon.colcon_core.task.python.build:While undoing a previous installation files outside the Python library path are being ignored: /home/mooz/ros2_ws/install/code/lib/code/Publicador_Subscritor
[1.061s] DEBUG:colcon.colcon_core.task.python.build:While undoing a previous installation files outside the Python library path are being ignored: /home/mooz/ros2_ws/install/code/lib/code/Publicador_tcp
[1.061s] DEBUG:colcon.colcon_core.task.python.build:While undoing a previous installation files outside the Python library path are being ignored: /home/mooz/ros2_ws/install/code/lib/code/command_client
[1.061s] DEBUG:colcon.colcon_core.task.python.build:While undoing a previous installation files outside the Python library path are being ignored: /home/mooz/ros2_ws/install/code/lib/code/command_publisher
[1.061s] DEBUG:colcon.colcon_core.task.python.build:While undoing a previous installation files outside the Python library path are being ignored: /home/mooz/ros2_ws/install/code/lib/code/command_server
[1.061s] DEBUG:colcon.colcon_core.task.python.build:While undoing a previous installation files outside the Python library path are being ignored: /home/mooz/ros2_ws/install/code/lib/code/command_subscriber
[1.061s] DEBUG:colcon.colcon_core.task.python.build:While undoing a previous installation files outside the Python library path are being ignored: /home/mooz/ros2_ws/install/code/lib/code/mgd
[1.061s] DEBUG:colcon.colcon_core.task.python.build:While undoing a previous installation files outside the Python library path are being ignored: /home/mooz/ros2_ws/install/code/lib/code/mgd1
[1.061s] DEBUG:colcon.colcon_core.task.python.build:While undoing a previous installation files outside the Python library path are being ignored: /home/mooz/ros2_ws/install/code/lib/code/publisher_subscriber
[1.061s] DEBUG:colcon.colcon_core.task.python.build:While undoing a previous installation files outside the Python library path are being ignored: /home/mooz/ros2_ws/install/code/lib/code/robot_controller
[1.061s] DEBUG:colcon.colcon_core.task.python.build:While undoing a previous installation files outside the Python library path are being ignored: /home/mooz/ros2_ws/install/code/lib/code/robot_publicador
[1.061s] DEBUG:colcon.colcon_core.task.python.build:While undoing a previous installation files outside the Python library path are being ignored: /home/mooz/ros2_ws/install/code/lib/code/robot_publisher
[1.061s] DEBUG:colcon.colcon_core.task.python.build:While undoing a previous installation files outside the Python library path are being ignored: /home/mooz/ros2_ws/install/code/lib/code/robot_teleop
[1.061s] DEBUG:colcon.colcon_core.task.python.build:While undoing a previous installation files outside the Python library path are being ignored: /home/mooz/ros2_ws/install/code/lib/code/troubleshooting
[1.063s] DEBUG:colcon.colcon_core.event_handler.log_command:Invoking command in '/home/mooz/ros2_ws/build/code': AMENT_PREFIX_PATH=/home/mooz/ros2_ws/install/frhal_msgs:${AMENT_PREFIX_PATH} CMAKE_PREFIX_PATH=/home/mooz/ros2_ws/install/frhal_msgs LD_LIBRARY_PATH=/home/mooz/ros2_ws/install/frhal_msgs/lib:${LD_LIBRARY_PATH} PYTHONPATH=/home/mooz/ros2_ws/build/code/prefix_override:/usr/lib/python3/dist-packages/colcon_core/task/python/colcon_distutils_commands:/home/mooz/ros2_ws/install/code/lib/python3.10/site-packages:/home/mooz/ros2_ws/install/frhal_msgs/local/lib/python3.10/dist-packages:${PYTHONPATH} /usr/bin/python3 -W ignore:setup.py install is deprecated -W ignore:easy_install command is deprecated setup.py develop --editable --build-directory /home/mooz/ros2_ws/build/code/build --no-deps symlink_data --force
[1.354s] Level 1:colcon.colcon_core.shell:create_environment_hook('code', 'pythonpath_develop')
[1.355s] INFO:colcon.colcon_core.shell:Creating environment hook '/home/mooz/ros2_ws/build/code/share/code/hook/pythonpath_develop.ps1'
[1.355s] DEBUG:colcon.colcon_core.event_handler.log_command:Invoked command in '/home/mooz/ros2_ws/build/code' returned '0': AMENT_PREFIX_PATH=/home/mooz/ros2_ws/install/frhal_msgs:${AMENT_PREFIX_PATH} CMAKE_PREFIX_PATH=/home/mooz/ros2_ws/install/frhal_msgs LD_LIBRARY_PATH=/home/mooz/ros2_ws/install/frhal_msgs/lib:${LD_LIBRARY_PATH} PYTHONPATH=/home/mooz/ros2_ws/build/code/prefix_override:/usr/lib/python3/dist-packages/colcon_core/task/python/colcon_distutils_commands:/home/mooz/ros2_ws/install/code/lib/python3.10/site-packages:/home/mooz/ros2_ws/install/frhal_msgs/local/lib/python3.10/dist-packages:${PYTHONPATH} /usr/bin/python3 -W ignore:setup.py install is deprecated -W ignore:easy_install command is deprecated setup.py develop --editable --build-directory /home/mooz/ros2_ws/build/code/build --no-deps symlink_data --force
[1.355s] INFO:colcon.colcon_core.shell:Creating environment descriptor '/home/mooz/ros2_ws/build/code/share/code/hook/pythonpath_develop.dsv'
[1.355s] INFO:colcon.colcon_core.shell:Creating environment hook '/home/mooz/ros2_ws/build/code/share/code/hook/pythonpath_develop.sh'
[1.360s] Level 1:colcon.colcon_core.environment:checking '/home/mooz/ros2_ws/install/code' for CMake module files
[1.360s] Level 1:colcon.colcon_core.environment:checking '/home/mooz/ros2_ws/install/code' for CMake config files
[1.360s] Level 1:colcon.colcon_core.environment:checking '/home/mooz/ros2_ws/install/code/lib'
[1.361s] Level 1:colcon.colcon_core.environment:checking '/home/mooz/ros2_ws/install/code/bin'
[1.361s] Level 1:colcon.colcon_core.environment:checking '/home/mooz/ros2_ws/install/code/lib/pkgconfig/code.pc'
[1.361s] Level 1:colcon.colcon_core.environment:checking '/home/mooz/ros2_ws/install/code/lib/python3.10/site-packages'
[1.361s] Level 1:colcon.colcon_core.shell:create_environment_hook('code', 'pythonpath')
[1.361s] INFO:colcon.colcon_core.shell:Creating environment hook '/home/mooz/ros2_ws/install/code/share/code/hook/pythonpath.ps1'
[1.361s] INFO:colcon.colcon_core.shell:Creating environment descriptor '/home/mooz/ros2_ws/install/code/share/code/hook/pythonpath.dsv'
[1.361s] INFO:colcon.colcon_core.shell:Creating environment hook '/home/mooz/ros2_ws/install/code/share/code/hook/pythonpath.sh'
[1.362s] Level 1:colcon.colcon_core.environment:checking '/home/mooz/ros2_ws/install/code/bin'
[1.362s] Level 1:colcon.colcon_core.environment:create_environment_scripts_only(code)
[1.362s] INFO:colcon.colcon_core.shell:Creating package script '/home/mooz/ros2_ws/install/code/share/code/package.ps1'
[1.363s] INFO:colcon.colcon_core.shell:Creating package descriptor '/home/mooz/ros2_ws/install/code/share/code/package.dsv'
[1.364s] INFO:colcon.colcon_core.shell:Creating package script '/home/mooz/ros2_ws/install/code/share/code/package.sh'
[1.364s] INFO:colcon.colcon_core.shell:Creating package script '/home/mooz/ros2_ws/install/code/share/code/package.bash'
[1.365s] INFO:colcon.colcon_core.shell:Creating package script '/home/mooz/ros2_ws/install/code/share/code/package.zsh'
[1.366s] Level 1:colcon.colcon_core.environment:create_file_with_runtime_dependencies(/home/mooz/ros2_ws/install/code/share/colcon-core/packages/code)
[1.366s] DEBUG:colcon.colcon_parallel_executor.executor.parallel:closing loop
[1.366s] DEBUG:colcon.colcon_parallel_executor.executor.parallel:loop closed
[1.366s] DEBUG:colcon.colcon_parallel_executor.executor.parallel:run_until_complete finished with '0'
[1.366s] DEBUG:colcon.colcon_core.event_reactor:joining thread
[1.374s] INFO:colcon.colcon_core.plugin_system:Skipping extension 'colcon_notification.desktop_notification.terminal_notifier': Not used on non-Darwin systems
[1.374s] INFO:colcon.colcon_core.plugin_system:Skipping extension 'colcon_notification.desktop_notification.win32': Not used on non-Windows systems
[1.374s] INFO:colcon.colcon_notification.desktop_notification:Sending desktop notification using 'notify2'
[1.399s] DEBUG:colcon.colcon_core.event_reactor:joined thread
[1.400s] INFO:colcon.colcon_core.shell:Creating prefix script '/home/mooz/ros2_ws/install/local_setup.ps1'
[1.400s] INFO:colcon.colcon_core.shell:Creating prefix util module '/home/mooz/ros2_ws/install/_local_setup_util_ps1.py'
[1.402s] INFO:colcon.colcon_core.shell:Creating prefix chain script '/home/mooz/ros2_ws/install/setup.ps1'
[1.402s] INFO:colcon.colcon_core.shell:Creating prefix script '/home/mooz/ros2_ws/install/local_setup.sh'
[1.403s] INFO:colcon.colcon_core.shell:Creating prefix util module '/home/mooz/ros2_ws/install/_local_setup_util_sh.py'
[1.403s] INFO:colcon.colcon_core.shell:Creating prefix chain script '/home/mooz/ros2_ws/install/setup.sh'
[1.404s] INFO:colcon.colcon_core.shell:Creating prefix script '/home/mooz/ros2_ws/install/local_setup.bash'
[1.404s] INFO:colcon.colcon_core.shell:Creating prefix chain script '/home/mooz/ros2_ws/install/setup.bash'
[1.405s] INFO:colcon.colcon_core.shell:Creating prefix script '/home/mooz/ros2_ws/install/local_setup.zsh'
[1.406s] INFO:colcon.colcon_core.shell:Creating prefix chain script '/home/mooz/ros2_ws/install/setup.zsh'
