[ 37%] Built target srv_test_client
[ 50%] Building CXX object CMakeFiles/ros2_cmd_server.dir/src/ROS_API.cpp.o
/home/mooz/ros2_ws/src/fr_ros2/src/ROS_API.cpp:297:114: warning: backslash and newline separated by space
  297 | void ROS_API::_ParseROSCommandData_callback(const std::shared_ptr<frhal_msgs::srv::ROSCmdInterface::Request> req,\
      |                                                                                                                   
/home/mooz/ros2_ws/src/fr_ros2/src/ROS_API.cpp: In constructor ‘ROS_API::ROS_API(std::string)’:
/home/mooz/ros2_ws/src/fr_ros2/src/ROS_API.cpp:52:56: warning: unsigned conversion from ‘int’ to ‘unsigned char’ changes value from ‘30000’ to ‘48’ [-Woverflow]
   52 |     this->declare_parameter<uint8_t>("gripper_maxtime",30000);
      |                                                        ^~~~~
/home/mooz/ros2_ws/src/fr_ros2/src/ROS_API.cpp: In member function ‘int ROS_API::_def_jnt_position(std::string)’:
/home/mooz/ros2_ws/src/fr_ros2/src/ROS_API.cpp:350:16: warning: comparison of integer expressions of different signedness: ‘int’ and ‘std::vector<JointPos>::size_type’ {aka ‘long unsigned int’} [-Wsign-compare]
  350 |         if(idx > _cmd_jnt_pos_list.size()+1 || idx <= 0){//如果大于当前容器最大值+1,那么要报错，因为序列容器中间无法留空
      |            ~~~~^~~~~~~~~~~~~~~~~~~~~~~~~~~~
/home/mooz/ros2_ws/src/fr_ros2/src/ROS_API.cpp:353:22: warning: comparison of integer expressions of different signedness: ‘int’ and ‘std::vector<JointPos>::size_type’ {aka ‘long unsigned int’} [-Wsign-compare]
  353 |         }else if(idx <= _cmd_jnt_pos_list.size()){//如果是小于等于当前的容量，那么就是点位信息覆盖
      |                  ~~~~^~~~~~~~~~~~~~~~~~~~~~~~~~~
/home/mooz/ros2_ws/src/fr_ros2/src/ROS_API.cpp:358:22: warning: comparison of integer expressions of different signedness: ‘int’ and ‘std::vector<JointPos>::size_type’ {aka ‘long unsigned int’} [-Wsign-compare]
  358 |         }else if(idx == _cmd_jnt_pos_list.size()+1){//添加元素
      |                  ~~~~^~~~~~~~~~~~~~~~~~~~~~~~~~~~~
/home/mooz/ros2_ws/src/fr_ros2/src/ROS_API.cpp: In member function ‘int ROS_API::_def_cart_position(std::string)’:
/home/mooz/ros2_ws/src/fr_ros2/src/ROS_API.cpp:393:16: warning: comparison of integer expressions of different signedness: ‘int’ and ‘std::vector<DescPose>::size_type’ {aka ‘long unsigned int’} [-Wsign-compare]
  393 |         if(idx > _cmd_cart_pos_list.size()+1 || idx <= 0){//如果大于当前容器最大值+1,那么要报错，因为序列容器中间无法留空
      |            ~~~~^~~~~~~~~~~~~~~~~~~~~~~~~~~~~
/home/mooz/ros2_ws/src/fr_ros2/src/ROS_API.cpp:396:22: warning: comparison of integer expressions of different signedness: ‘int’ and ‘std::vector<DescPose>::size_type’ {aka ‘long unsigned int’} [-Wsign-compare]
  396 |         }else if(idx <= _cmd_cart_pos_list.size()){//如果是小于等于当前的容量，那么就是点位信息覆盖
      |                  ~~~~^~~~~~~~~~~~~~~~~~~~~~~~~~~~
/home/mooz/ros2_ws/src/fr_ros2/src/ROS_API.cpp:403:22: warning: comparison of integer expressions of different signedness: ‘int’ and ‘std::vector<DescPose>::size_type’ {aka ‘long unsigned int’} [-Wsign-compare]
  403 |         }else if(idx == _cmd_cart_pos_list.size()+1){//添加元素
      |                  ~~~~^~~~~~~~~~~~~~~~~~~~~~~~~~~~~~
/home/mooz/ros2_ws/src/fr_ros2/src/ROS_API.cpp: In member function ‘std::string ROS_API::_get_variable(std::string)’:
/home/mooz/ros2_ws/src/fr_ros2/src/ROS_API.cpp:426:20: warning: comparison of integer expressions of different signedness: ‘int’ and ‘std::vector<JointPos>::size_type’ {aka ‘long unsigned int’} [-Wsign-compare]
  426 |             if(idx <= _cmd_jnt_pos_list.size() && idx > 0){
      |                ~~~~^~~~~~~~~~~~~~~~~~~~~~~~~~~
/home/mooz/ros2_ws/src/fr_ros2/src/ROS_API.cpp:440:24: warning: comparison of integer expressions of different signedness: ‘int’ and ‘std::vector<DescPose>::size_type’ {aka ‘long unsigned int’} [-Wsign-compare]
  440 |                 if(idx <= _cmd_cart_pos_list.size() && idx > 0){
      |                    ~~~~^~~~~~~~~~~~~~~~~~~~~~~~~~~~
/home/mooz/ros2_ws/src/fr_ros2/src/ROS_API.cpp: In member function ‘int ROS_API::MoveJ(std::string)’:
/home/mooz/ros2_ws/src/fr_ros2/src/ROS_API.cpp:700:18: warning: comparison of integer expressions of different signedness: ‘int’ and ‘std::vector<JointPos>::size_type’ {aka ‘long unsigned int’} [-Wsign-compare]
  700 |         if(index > _cmd_jnt_pos_list.size()){
      |            ~~~~~~^~~~~~~~~~~~~~~~~~~~~~~~~~
/home/mooz/ros2_ws/src/fr_ros2/src/ROS_API.cpp:742:18: warning: comparison of integer expressions of different signedness: ‘int’ and ‘std::vector<DescPose>::size_type’ {aka ‘long unsigned int’} [-Wsign-compare]
  742 |         if(index > _cmd_cart_pos_list.size()){
      |            ~~~~~~^~~~~~~~~~~~~~~~~~~~~~~~~~~
/home/mooz/ros2_ws/src/fr_ros2/src/ROS_API.cpp: In member function ‘int ROS_API::MoveL(std::string)’:
/home/mooz/ros2_ws/src/fr_ros2/src/ROS_API.cpp:818:18: warning: comparison of integer expressions of different signedness: ‘int’ and ‘std::vector<JointPos>::size_type’ {aka ‘long unsigned int’} [-Wsign-compare]
  818 |         if(index > _cmd_jnt_pos_list.size()){
      |            ~~~~~~^~~~~~~~~~~~~~~~~~~~~~~~~~
/home/mooz/ros2_ws/src/fr_ros2/src/ROS_API.cpp:854:18: warning: comparison of integer expressions of different signedness: ‘int’ and ‘std::vector<DescPose>::size_type’ {aka ‘long unsigned int’} [-Wsign-compare]
  854 |         if(index > _cmd_cart_pos_list.size()){
      |            ~~~~~~^~~~~~~~~~~~~~~~~~~~~~~~~~~
/home/mooz/ros2_ws/src/fr_ros2/src/ROS_API.cpp: In member function ‘int ROS_API::MoveC(std::string)’:
/home/mooz/ros2_ws/src/fr_ros2/src/ROS_API.cpp:930:18: warning: comparison of integer expressions of different signedness: ‘int’ and ‘std::vector<JointPos>::size_type’ {aka ‘long unsigned int’} [-Wsign-compare]
  930 |         if(index > _cmd_jnt_pos_list.size() || index2 > _cmd_jnt_pos_list.size()){
      |            ~~~~~~^~~~~~~~~~~~~~~~~~~~~~~~~~
/home/mooz/ros2_ws/src/fr_ros2/src/ROS_API.cpp:930:55: warning: comparison of integer expressions of different signedness: ‘int’ and ‘std::vector<JointPos>::size_type’ {aka ‘long unsigned int’} [-Wsign-compare]
  930 |         if(index > _cmd_jnt_pos_list.size() || index2 > _cmd_jnt_pos_list.size()){
      |                                                ~~~~~~~^~~~~~~~~~~~~~~~~~~~~~~~~~
/home/mooz/ros2_ws/src/fr_ros2/src/ROS_API.cpp:986:18: warning: comparison of integer expressions of different signedness: ‘int’ and ‘std::vector<DescPose>::size_type’ {aka ‘long unsigned int’} [-Wsign-compare]
  986 |         if(index > _cmd_cart_pos_list.size() || index2 > _cmd_cart_pos_list.size()){
      |            ~~~~~~^~~~~~~~~~~~~~~~~~~~~~~~~~~
/home/mooz/ros2_ws/src/fr_ros2/src/ROS_API.cpp:986:56: warning: comparison of integer expressions of different signedness: ‘int’ and ‘std::vector<DescPose>::size_type’ {aka ‘long unsigned int’} [-Wsign-compare]
  986 |         if(index > _cmd_cart_pos_list.size() || index2 > _cmd_cart_pos_list.size()){
      |                                                 ~~~~~~~^~~~~~~~~~~~~~~~~~~~~~~~~~~
/home/mooz/ros2_ws/src/fr_ros2/src/ROS_API.cpp: In member function ‘int ROS_API::Circle(std::string)’:
/home/mooz/ros2_ws/src/fr_ros2/src/ROS_API.cpp:1057:33: warning: unused parameter ‘para’ [-Wunused-parameter]
 1057 | int ROS_API::Circle(std::string para){
      |                     ~~~~~~~~~~~~^~~~
/home/mooz/ros2_ws/src/fr_ros2/src/ROS_API.cpp: In member function ‘int ROS_API::SplinePTP(std::string)’:
/home/mooz/ros2_ws/src/fr_ros2/src/ROS_API.cpp:1109:18: warning: comparison of integer expressions of different signedness: ‘int’ and ‘std::vector<JointPos>::size_type’ {aka ‘long unsigned int’} [-Wsign-compare]
 1109 |         if(index > _cmd_jnt_pos_list.size()){
      |            ~~~~~~^~~~~~~~~~~~~~~~~~~~~~~~~~
/home/mooz/ros2_ws/src/fr_ros2/src/ROS_API.cpp: In member function ‘int ROS_API::NewSplinePoint(std::string)’:
/home/mooz/ros2_ws/src/fr_ros2/src/ROS_API.cpp:1175:18: warning: comparison of integer expressions of different signedness: ‘int’ and ‘std::vector<DescPose>::size_type’ {aka ‘long unsigned int’} [-Wsign-compare]
 1175 |         if(index > _cmd_cart_pos_list.size()){
      |            ~~~~~~^~~~~~~~~~~~~~~~~~~~~~~~~~~
/home/mooz/ros2_ws/src/fr_ros2/src/ROS_API.cpp: In member function ‘int ROS_API::_send_data_factory_callback(std::string)’:
/home/mooz/ros2_ws/src/fr_ros2/src/ROS_API.cpp:261:1: warning: control reaches end of non-void function [-Wreturn-type]
  261 | }
      | ^
/home/mooz/ros2_ws/src/fr_ros2/src/ROS_API.cpp: In member function ‘std::string ROS_API::_get_variable(std::string)’:
/home/mooz/ros2_ws/src/fr_ros2/src/ROS_API.cpp:460:1: warning: control reaches end of non-void function [-Wreturn-type]
  460 | }
      | ^
[ 62%] Linking CXX executable ros2_cmd_server
[100%] Built target ros2_cmd_server
-- Install configuration: ""
-- Installing: /home/mooz/ros2_ws/install/fr_ros2/lib/fr_ros2/ros2_cmd_server
-- Set runtime path of "/home/mooz/ros2_ws/install/fr_ros2/lib/fr_ros2/ros2_cmd_server" to ""
-- Up-to-date: /home/mooz/ros2_ws/install/fr_ros2/lib/fr_ros2/srv_test_client
-- Up-to-date: /home/mooz/ros2_ws/install/fr_ros2/share/ament_index/resource_index/package_run_dependencies/fr_ros2
-- Up-to-date: /home/mooz/ros2_ws/install/fr_ros2/share/ament_index/resource_index/parent_prefix_path/fr_ros2
-- Up-to-date: /home/mooz/ros2_ws/install/fr_ros2/share/fr_ros2/environment/ament_prefix_path.sh
-- Up-to-date: /home/mooz/ros2_ws/install/fr_ros2/share/fr_ros2/environment/ament_prefix_path.dsv
-- Up-to-date: /home/mooz/ros2_ws/install/fr_ros2/share/fr_ros2/environment/path.sh
-- Up-to-date: /home/mooz/ros2_ws/install/fr_ros2/share/fr_ros2/environment/path.dsv
-- Up-to-date: /home/mooz/ros2_ws/install/fr_ros2/share/fr_ros2/local_setup.bash
-- Up-to-date: /home/mooz/ros2_ws/install/fr_ros2/share/fr_ros2/local_setup.sh
-- Up-to-date: /home/mooz/ros2_ws/install/fr_ros2/share/fr_ros2/local_setup.zsh
-- Up-to-date: /home/mooz/ros2_ws/install/fr_ros2/share/fr_ros2/local_setup.dsv
-- Installing: /home/mooz/ros2_ws/install/fr_ros2/share/fr_ros2/package.dsv
-- Up-to-date: /home/mooz/ros2_ws/install/fr_ros2/share/ament_index/resource_index/packages/fr_ros2
-- Up-to-date: /home/mooz/ros2_ws/install/fr_ros2/share/fr_ros2/cmake/fr_ros2Config.cmake
-- Up-to-date: /home/mooz/ros2_ws/install/fr_ros2/share/fr_ros2/cmake/fr_ros2Config-version.cmake
-- Up-to-date: /home/mooz/ros2_ws/install/fr_ros2/share/fr_ros2/package.xml
