-- The C compiler identification is GNU 11.4.0
-- The CXX compiler identification is GNU 11.4.0
-- Detecting C compiler ABI info
-- Detecting C compiler ABI info - done
-- Check for working C compiler: /usr/bin/cc - skipped
-- Detecting C compile features
-- Detecting C compile features - done
-- Detecting CXX compiler ABI info
-- Detecting CXX compiler ABI info - done
-- Check for working CXX compiler: /usr/bin/c++ - skipped
-- Detecting CXX compile features
-- Detecting CXX compile features - done
-- Found ament_cmake: 1.3.14 (/opt/ros/humble/share/ament_cmake/cmake)
-- Found Python3: /usr/bin/python3 (found version "3.10.12") found components: Interpreter 
-- Found rosidl_default_generators: 1.2.1 (/opt/ros/humble/share/rosidl_default_generators/cmake)
-- Using all available rosidl_typesupport_c: rosidl_typesupport_fastrtps_c;rosidl_typesupport_introspection_c
-- Found rosidl_adapter: 3.1.9 (/opt/ros/humble/share/rosidl_adapter/cmake)
-- Using all available rosidl_typesupport_cpp: rosidl_typesupport_fastrtps_cpp;rosidl_typesupport_introspection_cpp
-- Found ament_cmake_ros: 0.10.0 (/opt/ros/humble/share/ament_cmake_ros/cmake)
-- Using all available rosidl_typesupport_c: rosidl_typesupport_fastrtps_c;rosidl_typesupport_introspection_c
-- Using all available rosidl_typesupport_cpp: rosidl_typesupport_fastrtps_cpp;rosidl_typesupport_introspection_cpp
-- Found PythonInterp: /usr/bin/python3 (found suitable version "3.10.12", minimum required is "3.6") 
-- Found python_cmake_module: 0.10.0 (/opt/ros/humble/share/python_cmake_module/cmake)
-- Found PythonLibs: /usr/lib/x86_64-linux-gnu/libpython3.10.so (found suitable version "3.10.12", minimum required is "3.5") 
-- Using PYTHON_EXECUTABLE: /usr/bin/python3
-- Using PYTHON_INCLUDE_DIRS: /usr/include/python3.10
-- Using PYTHON_LIBRARIES: /usr/lib/x86_64-linux-gnu/libpython3.10.so
-- Found PythonExtra: .so  
-- Found ament_lint_auto: 0.12.15 (/opt/ros/humble/share/ament_lint_auto/cmake)
-- Added test 'lint_cmake' to check CMake code style
-- Added test 'xmllint' to check XML markup files
-- Configuring done
-- Generating done
-- Build files have been written to: /home/mooz/ros2_ws/build/frhal_msgs
[  2%] [34m[1mGenerating C code for ROS interfaces[0m
[  7%] [34m[1mGenerating C++ code for ROS interfaces[0m
[  7%] [34m[1mGenerating Rust code for ROS interfaces[0m
[  7%] Built target ament_cmake_python_copy_frhal_msgs
running egg_info
creating frhal_msgs.egg-info
writing frhal_msgs.egg-info/PKG-INFO
writing dependency_links to frhal_msgs.egg-info/dependency_links.txt
writing top-level names to frhal_msgs.egg-info/top_level.txt
writing manifest file 'frhal_msgs.egg-info/SOURCES.txt'
reading manifest file 'frhal_msgs.egg-info/SOURCES.txt'
writing manifest file 'frhal_msgs.egg-info/SOURCES.txt'
[  7%] Built target ament_cmake_python_build_frhal_msgs_egg
[  7%] Built target frhal_msgs__rs
[ 10%] [32mBuilding C object CMakeFiles/frhal_msgs__rosidl_generator_c.dir/rosidl_generator_c/frhal_msgs/srv/detail/ros_cmd_interface__functions.c.o[0m
[ 12%] [32mBuilding C object CMakeFiles/frhal_msgs__rosidl_generator_c.dir/rosidl_generator_c/frhal_msgs/msg/detail/fr_state__functions.c.o[0m
[ 12%] Built target frhal_msgs__cpp
[ 17%] [34m[1mGenerating C++ type support for eProsima Fast-RTPS[0m
[ 17%] [34m[1mGenerating C++ type support dispatch for ROS interfaces[0m
[ 20%] [34m[1mGenerating C++ introspection for ROS interfaces[0m
[ 22%] [32m[1mLinking C shared library libfrhal_msgs__rosidl_generator_c.so[0m
[ 22%] Built target frhal_msgs__rosidl_generator_c
[ 25%] [34m[1mGenerating C introspection for ROS interfaces[0m
[ 30%] [34m[1mGenerating C type support for eProsima Fast-RTPS[0m
[ 30%] [34m[1mGenerating C type support dispatch for ROS interfaces[0m
[ 32%] [32mBuilding CXX object CMakeFiles/frhal_msgs__rosidl_typesupport_cpp.dir/rosidl_typesupport_cpp/frhal_msgs/msg/fr_state__type_support.cpp.o[0m
[ 35%] [32mBuilding CXX object CMakeFiles/frhal_msgs__rosidl_typesupport_cpp.dir/rosidl_typesupport_cpp/frhal_msgs/srv/ros_cmd_interface__type_support.cpp.o[0m
[ 37%] [32mBuilding CXX object CMakeFiles/frhal_msgs__rosidl_typesupport_introspection_cpp.dir/rosidl_typesupport_introspection_cpp/frhal_msgs/srv/detail/ros_cmd_interface__type_support.cpp.o[0m
[ 40%] [32mBuilding CXX object CMakeFiles/frhal_msgs__rosidl_typesupport_introspection_cpp.dir/rosidl_typesupport_introspection_cpp/frhal_msgs/msg/detail/fr_state__type_support.cpp.o[0m
[ 42%] [32mBuilding CXX object CMakeFiles/frhal_msgs__rosidl_typesupport_fastrtps_cpp.dir/rosidl_typesupport_fastrtps_cpp/frhal_msgs/srv/detail/dds_fastrtps/ros_cmd_interface__type_support.cpp.o[0m
[ 45%] [32mBuilding CXX object CMakeFiles/frhal_msgs__rosidl_typesupport_c.dir/rosidl_typesupport_c/frhal_msgs/srv/ros_cmd_interface__type_support.cpp.o[0m
[ 47%] [32mBuilding CXX object CMakeFiles/frhal_msgs__rosidl_typesupport_c.dir/rosidl_typesupport_c/frhal_msgs/msg/fr_state__type_support.cpp.o[0m
[ 50%] [32mBuilding CXX object CMakeFiles/frhal_msgs__rosidl_typesupport_fastrtps_cpp.dir/rosidl_typesupport_fastrtps_cpp/frhal_msgs/msg/detail/dds_fastrtps/fr_state__type_support.cpp.o[0m
[ 52%] [32mBuilding C object CMakeFiles/frhal_msgs__rosidl_typesupport_introspection_c.dir/rosidl_typesupport_introspection_c/frhal_msgs/srv/detail/ros_cmd_interface__type_support.c.o[0m
[ 55%] [32m[1mLinking CXX shared library libfrhal_msgs__rosidl_typesupport_cpp.so[0m
[ 57%] [32m[1mLinking CXX shared library libfrhal_msgs__rosidl_typesupport_c.so[0m
[ 60%] [32mBuilding CXX object CMakeFiles/frhal_msgs__rosidl_typesupport_fastrtps_c.dir/rosidl_typesupport_fastrtps_c/frhal_msgs/srv/detail/ros_cmd_interface__type_support_c.cpp.o[0m
[ 62%] [32mBuilding C object CMakeFiles/frhal_msgs__rosidl_typesupport_introspection_c.dir/rosidl_typesupport_introspection_c/frhal_msgs/msg/detail/fr_state__type_support.c.o[0m
[ 62%] Built target frhal_msgs__rosidl_typesupport_cpp
[ 65%] [32mBuilding CXX object CMakeFiles/frhal_msgs__rosidl_typesupport_fastrtps_c.dir/rosidl_typesupport_fastrtps_c/frhal_msgs/msg/detail/fr_state__type_support_c.cpp.o[0m
[ 65%] Built target frhal_msgs__rosidl_typesupport_c
[ 67%] [32m[1mLinking C shared library libfrhal_msgs__rosidl_typesupport_introspection_c.so[0m
[ 67%] Built target frhal_msgs__rosidl_typesupport_introspection_c
[ 70%] [32m[1mLinking CXX shared library libfrhal_msgs__rosidl_typesupport_introspection_cpp.so[0m
[ 70%] Built target frhal_msgs__rosidl_typesupport_introspection_cpp
[ 72%] [32m[1mLinking CXX shared library libfrhal_msgs__rosidl_typesupport_fastrtps_cpp.so[0m
[ 72%] Built target frhal_msgs__rosidl_typesupport_fastrtps_cpp
[ 75%] [32m[1mLinking CXX shared library libfrhal_msgs__rosidl_typesupport_fastrtps_c.so[0m
[ 75%] Built target frhal_msgs__rosidl_typesupport_fastrtps_c
[ 75%] Built target frhal_msgs
[ 77%] [34m[1mGenerating Python code for ROS interfaces[0m
[ 77%] Built target frhal_msgs__py
[ 82%] [32mBuilding C object CMakeFiles/frhal_msgs__rosidl_generator_py.dir/rosidl_generator_py/frhal_msgs/msg/_fr_state_s.c.o[0m
[ 82%] [32mBuilding C object CMakeFiles/frhal_msgs__rosidl_generator_py.dir/rosidl_generator_py/frhal_msgs/srv/_ros_cmd_interface_s.c.o[0m
[ 85%] [32m[1mLinking C shared library rosidl_generator_py/frhal_msgs/libfrhal_msgs__rosidl_generator_py.so[0m
[ 85%] Built target frhal_msgs__rosidl_generator_py
[ 92%] [32mBuilding C object CMakeFiles/frhal_msgs__rosidl_typesupport_introspection_c__pyext.dir/rosidl_generator_py/frhal_msgs/_frhal_msgs_s.ep.rosidl_typesupport_introspection_c.c.o[0m
[ 92%] [32mBuilding C object CMakeFiles/frhal_msgs__rosidl_typesupport_fastrtps_c__pyext.dir/rosidl_generator_py/frhal_msgs/_frhal_msgs_s.ep.rosidl_typesupport_fastrtps_c.c.o[0m
[ 92%] [32mBuilding C object CMakeFiles/frhal_msgs__rosidl_typesupport_c__pyext.dir/rosidl_generator_py/frhal_msgs/_frhal_msgs_s.ep.rosidl_typesupport_c.c.o[0m
[ 97%] [32m[1mLinking C shared library rosidl_generator_py/frhal_msgs/frhal_msgs_s__rosidl_typesupport_c.cpython-310-x86_64-linux-gnu.so[0m
[ 97%] [32m[1mLinking C shared library rosidl_generator_py/frhal_msgs/frhal_msgs_s__rosidl_typesupport_introspection_c.cpython-310-x86_64-linux-gnu.so[0m
[100%] [32m[1mLinking C shared library rosidl_generator_py/frhal_msgs/frhal_msgs_s__rosidl_typesupport_fastrtps_c.cpython-310-x86_64-linux-gnu.so[0m
[100%] Built target frhal_msgs__rosidl_typesupport_c__pyext
[100%] Built target frhal_msgs__rosidl_typesupport_fastrtps_c__pyext
[100%] Built target frhal_msgs__rosidl_typesupport_introspection_c__pyext
-- Install configuration: ""
-- Installing: /home/mooz/ros2_ws/install/frhal_msgs/share/ament_index/resource_index/rosidl_interfaces/frhal_msgs
-- Installing: /home/mooz/ros2_ws/install/frhal_msgs/include/frhal_msgs/frhal_msgs
-- Installing: /home/mooz/ros2_ws/install/frhal_msgs/include/frhal_msgs/frhal_msgs/srv
-- Installing: /home/mooz/ros2_ws/install/frhal_msgs/include/frhal_msgs/frhal_msgs/srv/detail
-- Installing: /home/mooz/ros2_ws/install/frhal_msgs/include/frhal_msgs/frhal_msgs/srv/detail/ros_cmd_interface__type_support.h
-- Installing: /home/mooz/ros2_ws/install/frhal_msgs/include/frhal_msgs/frhal_msgs/srv/detail/ros_cmd_interface__functions.c
-- Installing: /home/mooz/ros2_ws/install/frhal_msgs/include/frhal_msgs/frhal_msgs/srv/detail/ros_cmd_interface__struct.h
-- Installing: /home/mooz/ros2_ws/install/frhal_msgs/include/frhal_msgs/frhal_msgs/srv/detail/ros_cmd_interface__functions.h
-- Installing: /home/mooz/ros2_ws/install/frhal_msgs/include/frhal_msgs/frhal_msgs/srv/ros_cmd_interface.h
-- Installing: /home/mooz/ros2_ws/install/frhal_msgs/include/frhal_msgs/frhal_msgs/msg
-- Installing: /home/mooz/ros2_ws/install/frhal_msgs/include/frhal_msgs/frhal_msgs/msg/detail
-- Installing: /home/mooz/ros2_ws/install/frhal_msgs/include/frhal_msgs/frhal_msgs/msg/detail/fr_state__functions.h
-- Installing: /home/mooz/ros2_ws/install/frhal_msgs/include/frhal_msgs/frhal_msgs/msg/detail/fr_state__functions.c
-- Installing: /home/mooz/ros2_ws/install/frhal_msgs/include/frhal_msgs/frhal_msgs/msg/detail/fr_state__struct.h
-- Installing: /home/mooz/ros2_ws/install/frhal_msgs/include/frhal_msgs/frhal_msgs/msg/detail/fr_state__type_support.h
-- Installing: /home/mooz/ros2_ws/install/frhal_msgs/include/frhal_msgs/frhal_msgs/msg/fr_state.h
-- Installing: /home/mooz/ros2_ws/install/frhal_msgs/include/frhal_msgs/frhal_msgs/msg/rosidl_generator_c__visibility_control.h
-- Installing: /home/mooz/ros2_ws/install/frhal_msgs/share/frhal_msgs/environment/library_path.sh
-- Installing: /home/mooz/ros2_ws/install/frhal_msgs/share/frhal_msgs/environment/library_path.dsv
-- Installing: /home/mooz/ros2_ws/install/frhal_msgs/lib/libfrhal_msgs__rosidl_generator_c.so
-- Set runtime path of "/home/mooz/ros2_ws/install/frhal_msgs/lib/libfrhal_msgs__rosidl_generator_c.so" to ""
-- Up-to-date: /home/mooz/ros2_ws/install/frhal_msgs/include/frhal_msgs/frhal_msgs
-- Up-to-date: /home/mooz/ros2_ws/install/frhal_msgs/include/frhal_msgs/frhal_msgs/srv
-- Up-to-date: /home/mooz/ros2_ws/install/frhal_msgs/include/frhal_msgs/frhal_msgs/srv/detail
-- Installing: /home/mooz/ros2_ws/install/frhal_msgs/include/frhal_msgs/frhal_msgs/srv/detail/ros_cmd_interface__rosidl_typesupport_fastrtps_c.h
-- Up-to-date: /home/mooz/ros2_ws/install/frhal_msgs/include/frhal_msgs/frhal_msgs/msg
-- Up-to-date: /home/mooz/ros2_ws/install/frhal_msgs/include/frhal_msgs/frhal_msgs/msg/detail
-- Installing: /home/mooz/ros2_ws/install/frhal_msgs/include/frhal_msgs/frhal_msgs/msg/detail/fr_state__rosidl_typesupport_fastrtps_c.h
-- Installing: /home/mooz/ros2_ws/install/frhal_msgs/include/frhal_msgs/frhal_msgs/msg/rosidl_typesupport_fastrtps_c__visibility_control.h
-- Installing: /home/mooz/ros2_ws/install/frhal_msgs/lib/libfrhal_msgs__rosidl_typesupport_fastrtps_c.so
-- Set runtime path of "/home/mooz/ros2_ws/install/frhal_msgs/lib/libfrhal_msgs__rosidl_typesupport_fastrtps_c.so" to ""
-- Up-to-date: /home/mooz/ros2_ws/install/frhal_msgs/include/frhal_msgs/frhal_msgs
-- Up-to-date: /home/mooz/ros2_ws/install/frhal_msgs/include/frhal_msgs/frhal_msgs/srv
-- Up-to-date: /home/mooz/ros2_ws/install/frhal_msgs/include/frhal_msgs/frhal_msgs/srv/detail
-- Installing: /home/mooz/ros2_ws/install/frhal_msgs/include/frhal_msgs/frhal_msgs/srv/detail/ros_cmd_interface__type_support.c
-- Installing: /home/mooz/ros2_ws/install/frhal_msgs/include/frhal_msgs/frhal_msgs/srv/detail/ros_cmd_interface__rosidl_typesupport_introspection_c.h
-- Up-to-date: /home/mooz/ros2_ws/install/frhal_msgs/include/frhal_msgs/frhal_msgs/msg
-- Installing: /home/mooz/ros2_ws/install/frhal_msgs/include/frhal_msgs/frhal_msgs/msg/rosidl_typesupport_introspection_c__visibility_control.h
-- Up-to-date: /home/mooz/ros2_ws/install/frhal_msgs/include/frhal_msgs/frhal_msgs/msg/detail
-- Installing: /home/mooz/ros2_ws/install/frhal_msgs/include/frhal_msgs/frhal_msgs/msg/detail/fr_state__type_support.c
-- Installing: /home/mooz/ros2_ws/install/frhal_msgs/include/frhal_msgs/frhal_msgs/msg/detail/fr_state__rosidl_typesupport_introspection_c.h
-- Installing: /home/mooz/ros2_ws/install/frhal_msgs/lib/libfrhal_msgs__rosidl_typesupport_introspection_c.so
-- Set runtime path of "/home/mooz/ros2_ws/install/frhal_msgs/lib/libfrhal_msgs__rosidl_typesupport_introspection_c.so" to ""
-- Installing: /home/mooz/ros2_ws/install/frhal_msgs/lib/libfrhal_msgs__rosidl_typesupport_c.so
-- Set runtime path of "/home/mooz/ros2_ws/install/frhal_msgs/lib/libfrhal_msgs__rosidl_typesupport_c.so" to ""
-- Up-to-date: /home/mooz/ros2_ws/install/frhal_msgs/include/frhal_msgs/frhal_msgs
-- Up-to-date: /home/mooz/ros2_ws/install/frhal_msgs/include/frhal_msgs/frhal_msgs/srv
-- Up-to-date: /home/mooz/ros2_ws/install/frhal_msgs/include/frhal_msgs/frhal_msgs/srv/detail
-- Installing: /home/mooz/ros2_ws/install/frhal_msgs/include/frhal_msgs/frhal_msgs/srv/detail/ros_cmd_interface__traits.hpp
-- Installing: /home/mooz/ros2_ws/install/frhal_msgs/include/frhal_msgs/frhal_msgs/srv/detail/ros_cmd_interface__struct.hpp
-- Installing: /home/mooz/ros2_ws/install/frhal_msgs/include/frhal_msgs/frhal_msgs/srv/detail/ros_cmd_interface__type_support.hpp
-- Installing: /home/mooz/ros2_ws/install/frhal_msgs/include/frhal_msgs/frhal_msgs/srv/detail/ros_cmd_interface__builder.hpp
-- Installing: /home/mooz/ros2_ws/install/frhal_msgs/include/frhal_msgs/frhal_msgs/srv/ros_cmd_interface.hpp
-- Up-to-date: /home/mooz/ros2_ws/install/frhal_msgs/include/frhal_msgs/frhal_msgs/msg
-- Up-to-date: /home/mooz/ros2_ws/install/frhal_msgs/include/frhal_msgs/frhal_msgs/msg/detail
-- Installing: /home/mooz/ros2_ws/install/frhal_msgs/include/frhal_msgs/frhal_msgs/msg/detail/fr_state__traits.hpp
-- Installing: /home/mooz/ros2_ws/install/frhal_msgs/include/frhal_msgs/frhal_msgs/msg/detail/fr_state__type_support.hpp
-- Installing: /home/mooz/ros2_ws/install/frhal_msgs/include/frhal_msgs/frhal_msgs/msg/detail/fr_state__builder.hpp
-- Installing: /home/mooz/ros2_ws/install/frhal_msgs/include/frhal_msgs/frhal_msgs/msg/detail/fr_state__struct.hpp
-- Installing: /home/mooz/ros2_ws/install/frhal_msgs/include/frhal_msgs/frhal_msgs/msg/fr_state.hpp
-- Installing: /home/mooz/ros2_ws/install/frhal_msgs/include/frhal_msgs/frhal_msgs/msg/rosidl_generator_cpp__visibility_control.hpp
-- Up-to-date: /home/mooz/ros2_ws/install/frhal_msgs/include/frhal_msgs/frhal_msgs
-- Up-to-date: /home/mooz/ros2_ws/install/frhal_msgs/include/frhal_msgs/frhal_msgs/srv
-- Up-to-date: /home/mooz/ros2_ws/install/frhal_msgs/include/frhal_msgs/frhal_msgs/srv/detail
-- Installing: /home/mooz/ros2_ws/install/frhal_msgs/include/frhal_msgs/frhal_msgs/srv/detail/dds_fastrtps
-- Installing: /home/mooz/ros2_ws/install/frhal_msgs/include/frhal_msgs/frhal_msgs/srv/detail/ros_cmd_interface__rosidl_typesupport_fastrtps_cpp.hpp
-- Up-to-date: /home/mooz/ros2_ws/install/frhal_msgs/include/frhal_msgs/frhal_msgs/msg
-- Installing: /home/mooz/ros2_ws/install/frhal_msgs/include/frhal_msgs/frhal_msgs/msg/rosidl_typesupport_fastrtps_cpp__visibility_control.h
-- Up-to-date: /home/mooz/ros2_ws/install/frhal_msgs/include/frhal_msgs/frhal_msgs/msg/detail
-- Installing: /home/mooz/ros2_ws/install/frhal_msgs/include/frhal_msgs/frhal_msgs/msg/detail/fr_state__rosidl_typesupport_fastrtps_cpp.hpp
-- Installing: /home/mooz/ros2_ws/install/frhal_msgs/include/frhal_msgs/frhal_msgs/msg/detail/dds_fastrtps
-- Installing: /home/mooz/ros2_ws/install/frhal_msgs/lib/libfrhal_msgs__rosidl_typesupport_fastrtps_cpp.so
-- Set runtime path of "/home/mooz/ros2_ws/install/frhal_msgs/lib/libfrhal_msgs__rosidl_typesupport_fastrtps_cpp.so" to ""
-- Up-to-date: /home/mooz/ros2_ws/install/frhal_msgs/include/frhal_msgs/frhal_msgs
-- Up-to-date: /home/mooz/ros2_ws/install/frhal_msgs/include/frhal_msgs/frhal_msgs/srv
-- Up-to-date: /home/mooz/ros2_ws/install/frhal_msgs/include/frhal_msgs/frhal_msgs/srv/detail
-- Installing: /home/mooz/ros2_ws/install/frhal_msgs/include/frhal_msgs/frhal_msgs/srv/detail/ros_cmd_interface__rosidl_typesupport_introspection_cpp.hpp
-- Installing: /home/mooz/ros2_ws/install/frhal_msgs/include/frhal_msgs/frhal_msgs/srv/detail/ros_cmd_interface__type_support.cpp
-- Up-to-date: /home/mooz/ros2_ws/install/frhal_msgs/include/frhal_msgs/frhal_msgs/msg
-- Up-to-date: /home/mooz/ros2_ws/install/frhal_msgs/include/frhal_msgs/frhal_msgs/msg/detail
-- Installing: /home/mooz/ros2_ws/install/frhal_msgs/include/frhal_msgs/frhal_msgs/msg/detail/fr_state__rosidl_typesupport_introspection_cpp.hpp
-- Installing: /home/mooz/ros2_ws/install/frhal_msgs/include/frhal_msgs/frhal_msgs/msg/detail/fr_state__type_support.cpp
-- Installing: /home/mooz/ros2_ws/install/frhal_msgs/lib/libfrhal_msgs__rosidl_typesupport_introspection_cpp.so
-- Set runtime path of "/home/mooz/ros2_ws/install/frhal_msgs/lib/libfrhal_msgs__rosidl_typesupport_introspection_cpp.so" to ""
-- Installing: /home/mooz/ros2_ws/install/frhal_msgs/lib/libfrhal_msgs__rosidl_typesupport_cpp.so
-- Set runtime path of "/home/mooz/ros2_ws/install/frhal_msgs/lib/libfrhal_msgs__rosidl_typesupport_cpp.so" to ""
-- Installing: /home/mooz/ros2_ws/install/frhal_msgs/share/frhal_msgs/environment/pythonpath.sh
-- Installing: /home/mooz/ros2_ws/install/frhal_msgs/share/frhal_msgs/environment/pythonpath.dsv
-- Installing: /home/mooz/ros2_ws/install/frhal_msgs/local/lib/python3.10/dist-packages/frhal_msgs-0.0.0-py3.10.egg-info
-- Installing: /home/mooz/ros2_ws/install/frhal_msgs/local/lib/python3.10/dist-packages/frhal_msgs-0.0.0-py3.10.egg-info/SOURCES.txt
-- Installing: /home/mooz/ros2_ws/install/frhal_msgs/local/lib/python3.10/dist-packages/frhal_msgs-0.0.0-py3.10.egg-info/PKG-INFO
-- Installing: /home/mooz/ros2_ws/install/frhal_msgs/local/lib/python3.10/dist-packages/frhal_msgs-0.0.0-py3.10.egg-info/top_level.txt
-- Installing: /home/mooz/ros2_ws/install/frhal_msgs/local/lib/python3.10/dist-packages/frhal_msgs-0.0.0-py3.10.egg-info/dependency_links.txt
-- Installing: /home/mooz/ros2_ws/install/frhal_msgs/local/lib/python3.10/dist-packages/frhal_msgs
-- Installing: /home/mooz/ros2_ws/install/frhal_msgs/local/lib/python3.10/dist-packages/frhal_msgs/_frhal_msgs_s.ep.rosidl_typesupport_introspection_c.c
-- Installing: /home/mooz/ros2_ws/install/frhal_msgs/local/lib/python3.10/dist-packages/frhal_msgs/__init__.py
-- Installing: /home/mooz/ros2_ws/install/frhal_msgs/local/lib/python3.10/dist-packages/frhal_msgs/frhal_msgs_s__rosidl_typesupport_fastrtps_c.cpython-310-x86_64-linux-gnu.so
-- Installing: /home/mooz/ros2_ws/install/frhal_msgs/local/lib/python3.10/dist-packages/frhal_msgs/srv
-- Installing: /home/mooz/ros2_ws/install/frhal_msgs/local/lib/python3.10/dist-packages/frhal_msgs/srv/_ros_cmd_interface.py
-- Installing: /home/mooz/ros2_ws/install/frhal_msgs/local/lib/python3.10/dist-packages/frhal_msgs/srv/__init__.py
-- Installing: /home/mooz/ros2_ws/install/frhal_msgs/local/lib/python3.10/dist-packages/frhal_msgs/srv/_ros_cmd_interface_s.c
-- Installing: /home/mooz/ros2_ws/install/frhal_msgs/local/lib/python3.10/dist-packages/frhal_msgs/frhal_msgs_s__rosidl_typesupport_c.cpython-310-x86_64-linux-gnu.so
-- Installing: /home/mooz/ros2_ws/install/frhal_msgs/local/lib/python3.10/dist-packages/frhal_msgs/_frhal_msgs_s.ep.rosidl_typesupport_c.c
-- Installing: /home/mooz/ros2_ws/install/frhal_msgs/local/lib/python3.10/dist-packages/frhal_msgs/frhal_msgs_s__rosidl_typesupport_introspection_c.cpython-310-x86_64-linux-gnu.so
-- Installing: /home/mooz/ros2_ws/install/frhal_msgs/local/lib/python3.10/dist-packages/frhal_msgs/libfrhal_msgs__rosidl_generator_py.so
-- Installing: /home/mooz/ros2_ws/install/frhal_msgs/local/lib/python3.10/dist-packages/frhal_msgs/msg
-- Installing: /home/mooz/ros2_ws/install/frhal_msgs/local/lib/python3.10/dist-packages/frhal_msgs/msg/_fr_state_s.c
-- Installing: /home/mooz/ros2_ws/install/frhal_msgs/local/lib/python3.10/dist-packages/frhal_msgs/msg/__init__.py
-- Installing: /home/mooz/ros2_ws/install/frhal_msgs/local/lib/python3.10/dist-packages/frhal_msgs/msg/_fr_state.py
-- Installing: /home/mooz/ros2_ws/install/frhal_msgs/local/lib/python3.10/dist-packages/frhal_msgs/_frhal_msgs_s.ep.rosidl_typesupport_fastrtps_c.c
Listing '/home/mooz/ros2_ws/install/frhal_msgs/local/lib/python3.10/dist-packages/frhal_msgs'...
Compiling '/home/mooz/ros2_ws/install/frhal_msgs/local/lib/python3.10/dist-packages/frhal_msgs/__init__.py'...
Listing '/home/mooz/ros2_ws/install/frhal_msgs/local/lib/python3.10/dist-packages/frhal_msgs/msg'...
Compiling '/home/mooz/ros2_ws/install/frhal_msgs/local/lib/python3.10/dist-packages/frhal_msgs/msg/__init__.py'...
Compiling '/home/mooz/ros2_ws/install/frhal_msgs/local/lib/python3.10/dist-packages/frhal_msgs/msg/_fr_state.py'...
Listing '/home/mooz/ros2_ws/install/frhal_msgs/local/lib/python3.10/dist-packages/frhal_msgs/srv'...
Compiling '/home/mooz/ros2_ws/install/frhal_msgs/local/lib/python3.10/dist-packages/frhal_msgs/srv/__init__.py'...
Compiling '/home/mooz/ros2_ws/install/frhal_msgs/local/lib/python3.10/dist-packages/frhal_msgs/srv/_ros_cmd_interface.py'...
-- Installing: /home/mooz/ros2_ws/install/frhal_msgs/local/lib/python3.10/dist-packages/frhal_msgs/frhal_msgs_s__rosidl_typesupport_fastrtps_c.cpython-310-x86_64-linux-gnu.so
-- Set runtime path of "/home/mooz/ros2_ws/install/frhal_msgs/local/lib/python3.10/dist-packages/frhal_msgs/frhal_msgs_s__rosidl_typesupport_fastrtps_c.cpython-310-x86_64-linux-gnu.so" to ""
-- Installing: /home/mooz/ros2_ws/install/frhal_msgs/local/lib/python3.10/dist-packages/frhal_msgs/frhal_msgs_s__rosidl_typesupport_introspection_c.cpython-310-x86_64-linux-gnu.so
-- Set runtime path of "/home/mooz/ros2_ws/install/frhal_msgs/local/lib/python3.10/dist-packages/frhal_msgs/frhal_msgs_s__rosidl_typesupport_introspection_c.cpython-310-x86_64-linux-gnu.so" to ""
-- Installing: /home/mooz/ros2_ws/install/frhal_msgs/local/lib/python3.10/dist-packages/frhal_msgs/frhal_msgs_s__rosidl_typesupport_c.cpython-310-x86_64-linux-gnu.so
-- Set runtime path of "/home/mooz/ros2_ws/install/frhal_msgs/local/lib/python3.10/dist-packages/frhal_msgs/frhal_msgs_s__rosidl_typesupport_c.cpython-310-x86_64-linux-gnu.so" to ""
-- Installing: /home/mooz/ros2_ws/install/frhal_msgs/lib/libfrhal_msgs__rosidl_generator_py.so
-- Set runtime path of "/home/mooz/ros2_ws/install/frhal_msgs/lib/libfrhal_msgs__rosidl_generator_py.so" to ""
-- Installing: /home/mooz/ros2_ws/install/frhal_msgs/share/ament_index/resource_index/rust_packages/frhal_msgs
-- Installing: /home/mooz/ros2_ws/install/frhal_msgs/share/frhal_msgs/rust
-- Installing: /home/mooz/ros2_ws/install/frhal_msgs/share/frhal_msgs/rust/build.rs
-- Installing: /home/mooz/ros2_ws/install/frhal_msgs/share/frhal_msgs/rust/src
-- Installing: /home/mooz/ros2_ws/install/frhal_msgs/share/frhal_msgs/rust/src/msg.rs
-- Installing: /home/mooz/ros2_ws/install/frhal_msgs/share/frhal_msgs/rust/src/srv.rs
-- Installing: /home/mooz/ros2_ws/install/frhal_msgs/share/frhal_msgs/rust/src/srv
-- Installing: /home/mooz/ros2_ws/install/frhal_msgs/share/frhal_msgs/rust/src/srv/rmw.rs
-- Installing: /home/mooz/ros2_ws/install/frhal_msgs/share/frhal_msgs/rust/src/lib.rs
-- Installing: /home/mooz/ros2_ws/install/frhal_msgs/share/frhal_msgs/rust/src/msg
-- Installing: /home/mooz/ros2_ws/install/frhal_msgs/share/frhal_msgs/rust/src/msg/rmw.rs
-- Installing: /home/mooz/ros2_ws/install/frhal_msgs/share/frhal_msgs/rust/Cargo.toml
-- Installing: /home/mooz/ros2_ws/install/frhal_msgs/share/frhal_msgs/srv/ROSCmdInterface.idl
-- Installing: /home/mooz/ros2_ws/install/frhal_msgs/share/frhal_msgs/msg/FRState.idl
-- Installing: /home/mooz/ros2_ws/install/frhal_msgs/share/frhal_msgs/srv/ROSCmdInterface.srv
-- Installing: /home/mooz/ros2_ws/install/frhal_msgs/share/frhal_msgs/srv/ROSCmdInterface_Request.msg
-- Installing: /home/mooz/ros2_ws/install/frhal_msgs/share/frhal_msgs/srv/ROSCmdInterface_Response.msg
-- Installing: /home/mooz/ros2_ws/install/frhal_msgs/share/frhal_msgs/msg/FRState.msg
-- Installing: /home/mooz/ros2_ws/install/frhal_msgs/share/ament_index/resource_index/package_run_dependencies/frhal_msgs
-- Installing: /home/mooz/ros2_ws/install/frhal_msgs/share/ament_index/resource_index/parent_prefix_path/frhal_msgs
-- Installing: /home/mooz/ros2_ws/install/frhal_msgs/share/frhal_msgs/environment/ament_prefix_path.sh
-- Installing: /home/mooz/ros2_ws/install/frhal_msgs/share/frhal_msgs/environment/ament_prefix_path.dsv
-- Installing: /home/mooz/ros2_ws/install/frhal_msgs/share/frhal_msgs/environment/path.sh
-- Installing: /home/mooz/ros2_ws/install/frhal_msgs/share/frhal_msgs/environment/path.dsv
-- Installing: /home/mooz/ros2_ws/install/frhal_msgs/share/frhal_msgs/local_setup.bash
-- Installing: /home/mooz/ros2_ws/install/frhal_msgs/share/frhal_msgs/local_setup.sh
-- Installing: /home/mooz/ros2_ws/install/frhal_msgs/share/frhal_msgs/local_setup.zsh
-- Installing: /home/mooz/ros2_ws/install/frhal_msgs/share/frhal_msgs/local_setup.dsv
-- Installing: /home/mooz/ros2_ws/install/frhal_msgs/share/frhal_msgs/package.dsv
-- Installing: /home/mooz/ros2_ws/install/frhal_msgs/share/ament_index/resource_index/packages/frhal_msgs
-- Installing: /home/mooz/ros2_ws/install/frhal_msgs/share/frhal_msgs/cmake/export_frhal_msgs__rosidl_generator_cExport.cmake
-- Installing: /home/mooz/ros2_ws/install/frhal_msgs/share/frhal_msgs/cmake/export_frhal_msgs__rosidl_generator_cExport-noconfig.cmake
-- Installing: /home/mooz/ros2_ws/install/frhal_msgs/share/frhal_msgs/cmake/export_frhal_msgs__rosidl_typesupport_fastrtps_cExport.cmake
-- Installing: /home/mooz/ros2_ws/install/frhal_msgs/share/frhal_msgs/cmake/export_frhal_msgs__rosidl_typesupport_fastrtps_cExport-noconfig.cmake
-- Installing: /home/mooz/ros2_ws/install/frhal_msgs/share/frhal_msgs/cmake/frhal_msgs__rosidl_typesupport_introspection_cExport.cmake
-- Installing: /home/mooz/ros2_ws/install/frhal_msgs/share/frhal_msgs/cmake/frhal_msgs__rosidl_typesupport_introspection_cExport-noconfig.cmake
-- Installing: /home/mooz/ros2_ws/install/frhal_msgs/share/frhal_msgs/cmake/frhal_msgs__rosidl_typesupport_cExport.cmake
-- Installing: /home/mooz/ros2_ws/install/frhal_msgs/share/frhal_msgs/cmake/frhal_msgs__rosidl_typesupport_cExport-noconfig.cmake
-- Installing: /home/mooz/ros2_ws/install/frhal_msgs/share/frhal_msgs/cmake/export_frhal_msgs__rosidl_generator_cppExport.cmake
-- Installing: /home/mooz/ros2_ws/install/frhal_msgs/share/frhal_msgs/cmake/export_frhal_msgs__rosidl_typesupport_fastrtps_cppExport.cmake
-- Installing: /home/mooz/ros2_ws/install/frhal_msgs/share/frhal_msgs/cmake/export_frhal_msgs__rosidl_typesupport_fastrtps_cppExport-noconfig.cmake
-- Installing: /home/mooz/ros2_ws/install/frhal_msgs/share/frhal_msgs/cmake/frhal_msgs__rosidl_typesupport_introspection_cppExport.cmake
-- Installing: /home/mooz/ros2_ws/install/frhal_msgs/share/frhal_msgs/cmake/frhal_msgs__rosidl_typesupport_introspection_cppExport-noconfig.cmake
-- Installing: /home/mooz/ros2_ws/install/frhal_msgs/share/frhal_msgs/cmake/frhal_msgs__rosidl_typesupport_cppExport.cmake
-- Installing: /home/mooz/ros2_ws/install/frhal_msgs/share/frhal_msgs/cmake/frhal_msgs__rosidl_typesupport_cppExport-noconfig.cmake
-- Installing: /home/mooz/ros2_ws/install/frhal_msgs/share/frhal_msgs/cmake/export_frhal_msgs__rosidl_generator_pyExport.cmake
-- Installing: /home/mooz/ros2_ws/install/frhal_msgs/share/frhal_msgs/cmake/export_frhal_msgs__rosidl_generator_pyExport-noconfig.cmake
-- Installing: /home/mooz/ros2_ws/install/frhal_msgs/share/frhal_msgs/cmake/rosidl_cmake-extras.cmake
-- Installing: /home/mooz/ros2_ws/install/frhal_msgs/share/frhal_msgs/cmake/ament_cmake_export_include_directories-extras.cmake
-- Installing: /home/mooz/ros2_ws/install/frhal_msgs/share/frhal_msgs/cmake/ament_cmake_export_libraries-extras.cmake
-- Installing: /home/mooz/ros2_ws/install/frhal_msgs/share/frhal_msgs/cmake/ament_cmake_export_targets-extras.cmake
-- Installing: /home/mooz/ros2_ws/install/frhal_msgs/share/frhal_msgs/cmake/rosidl_cmake_export_typesupport_targets-extras.cmake
-- Installing: /home/mooz/ros2_ws/install/frhal_msgs/share/frhal_msgs/cmake/ament_cmake_export_dependencies-extras.cmake
-- Installing: /home/mooz/ros2_ws/install/frhal_msgs/share/frhal_msgs/cmake/rosidl_cmake_export_typesupport_libraries-extras.cmake
-- Installing: /home/mooz/ros2_ws/install/frhal_msgs/share/frhal_msgs/cmake/rosidl_cmake_aggregate_target-extras.cmake
-- Installing: /home/mooz/ros2_ws/install/frhal_msgs/share/frhal_msgs/cmake/frhal_msgsConfig.cmake
-- Installing: /home/mooz/ros2_ws/install/frhal_msgs/share/frhal_msgs/cmake/frhal_msgsConfig-version.cmake
-- Installing: /home/mooz/ros2_ws/install/frhal_msgs/share/frhal_msgs/package.xml
