[0.008s] Invoking command in '/home/mooz/ros2_ws/build/frhal_msgs': CMAKE_PREFIX_PATH=/opt/ros/humble /usr/bin/cmake /home/mooz/ros2_ws/src/frhal_msgs -DCMAKE_INSTALL_PREFIX=/home/mooz/ros2_ws/install/frhal_msgs
[0.112s] -- The C compiler identification is GNU 11.4.0
[0.200s] -- The CXX compiler identification is GNU 11.4.0
[0.207s] -- Detecting C compiler ABI info
[0.262s] -- Detecting C compiler ABI info - done
[0.267s] -- Check for working C compiler: /usr/bin/cc - skipped
[0.268s] -- Detecting C compile features
[0.268s] -- Detecting C compile features - done
[0.271s] -- Detecting CXX compiler ABI info
[0.327s] -- Detecting CXX compiler ABI info - done
[0.332s] -- Check for working CXX compiler: /usr/bin/c++ - skipped
[0.332s] -- Detecting CXX compile features
[0.332s] -- Detecting CXX compile features - done
[0.336s] -- Found ament_cmake: 1.3.14 (/opt/ros/humble/share/ament_cmake/cmake)
[0.439s] -- Found Python3: /usr/bin/python3 (found version "3.10.12") found components: Interpreter 
[0.500s] -- Found rosidl_default_generators: 1.2.1 (/opt/ros/humble/share/rosidl_default_generators/cmake)
[0.503s] -- Using all available rosidl_typesupport_c: rosidl_typesupport_fastrtps_c;rosidl_typesupport_introspection_c
[0.507s] -- Found rosidl_adapter: 3.1.9 (/opt/ros/humble/share/rosidl_adapter/cmake)
[0.538s] -- Using all available rosidl_typesupport_cpp: rosidl_typesupport_fastrtps_cpp;rosidl_typesupport_introspection_cpp
[0.738s] -- Found ament_cmake_ros: 0.10.0 (/opt/ros/humble/share/ament_cmake_ros/cmake)
[0.864s] -- Using all available rosidl_typesupport_c: rosidl_typesupport_fastrtps_c;rosidl_typesupport_introspection_c
[1.028s] -- Using all available rosidl_typesupport_cpp: rosidl_typesupport_fastrtps_cpp;rosidl_typesupport_introspection_cpp
[1.045s] -- Found PythonInterp: /usr/bin/python3 (found suitable version "3.10.12", minimum required is "3.6") 
[1.046s] -- Found python_cmake_module: 0.10.0 (/opt/ros/humble/share/python_cmake_module/cmake)
[1.065s] -- Found PythonLibs: /usr/lib/x86_64-linux-gnu/libpython3.10.so (found suitable version "3.10.12", minimum required is "3.5") 
[1.065s] -- Using PYTHON_EXECUTABLE: /usr/bin/python3
[1.065s] -- Using PYTHON_INCLUDE_DIRS: /usr/include/python3.10
[1.065s] -- Using PYTHON_LIBRARIES: /usr/lib/x86_64-linux-gnu/libpython3.10.so
[1.080s] -- Found PythonExtra: .so  
[1.142s] -- Found ament_lint_auto: 0.12.15 (/opt/ros/humble/share/ament_lint_auto/cmake)
[1.159s] -- Added test 'lint_cmake' to check CMake code style
[1.159s] -- Added test 'xmllint' to check XML markup files
[1.161s] -- Configuring done
[1.179s] -- Generating done
[1.186s] -- Build files have been written to: /home/mooz/ros2_ws/build/frhal_msgs
[1.192s] Invoked command in '/home/mooz/ros2_ws/build/frhal_msgs' returned '0': CMAKE_PREFIX_PATH=/opt/ros/humble /usr/bin/cmake /home/mooz/ros2_ws/src/frhal_msgs -DCMAKE_INSTALL_PREFIX=/home/mooz/ros2_ws/install/frhal_msgs
[1.193s] Invoking command in '/home/mooz/ros2_ws/build/frhal_msgs': CMAKE_PREFIX_PATH=/opt/ros/humble /usr/bin/cmake --build /home/mooz/ros2_ws/build/frhal_msgs -- -j8 -l8
[1.220s] [  2%] [34m[1mGenerating C code for ROS interfaces[0m
[1.227s] [  7%] [34m[1mGenerating C++ code for ROS interfaces[0m
[1.227s] [  7%] [34m[1mGenerating Rust code for ROS interfaces[0m
[1.236s] [  7%] Built target ament_cmake_python_copy_frhal_msgs
[1.410s] running egg_info
[1.411s] creating frhal_msgs.egg-info
[1.411s] writing frhal_msgs.egg-info/PKG-INFO
[1.411s] writing dependency_links to frhal_msgs.egg-info/dependency_links.txt
[1.411s] writing top-level names to frhal_msgs.egg-info/top_level.txt
[1.411s] writing manifest file 'frhal_msgs.egg-info/SOURCES.txt'
[1.413s] reading manifest file 'frhal_msgs.egg-info/SOURCES.txt'
[1.413s] writing manifest file 'frhal_msgs.egg-info/SOURCES.txt'
[1.435s] [  7%] Built target ament_cmake_python_build_frhal_msgs_egg
[1.495s] [  7%] Built target frhal_msgs__rs
[1.553s] [ 10%] [32mBuilding C object CMakeFiles/frhal_msgs__rosidl_generator_c.dir/rosidl_generator_c/frhal_msgs/srv/detail/ros_cmd_interface__functions.c.o[0m
[1.553s] [ 12%] [32mBuilding C object CMakeFiles/frhal_msgs__rosidl_generator_c.dir/rosidl_generator_c/frhal_msgs/msg/detail/fr_state__functions.c.o[0m
[1.558s] [ 12%] Built target frhal_msgs__cpp
[1.566s] [ 17%] [34m[1mGenerating C++ type support for eProsima Fast-RTPS[0m
[1.566s] [ 17%] [34m[1mGenerating C++ type support dispatch for ROS interfaces[0m
[1.567s] [ 20%] [34m[1mGenerating C++ introspection for ROS interfaces[0m
[1.609s] [ 22%] [32m[1mLinking C shared library libfrhal_msgs__rosidl_generator_c.so[0m
[1.637s] [ 22%] Built target frhal_msgs__rosidl_generator_c
[1.645s] [ 25%] [34m[1mGenerating C introspection for ROS interfaces[0m
[1.646s] [ 30%] [34m[1mGenerating C type support for eProsima Fast-RTPS[0m
[1.646s] [ 30%] [34m[1mGenerating C type support dispatch for ROS interfaces[0m
[1.831s] [ 32%] [32mBuilding CXX object CMakeFiles/frhal_msgs__rosidl_typesupport_cpp.dir/rosidl_typesupport_cpp/frhal_msgs/msg/fr_state__type_support.cpp.o[0m
[1.831s] [ 35%] [32mBuilding CXX object CMakeFiles/frhal_msgs__rosidl_typesupport_cpp.dir/rosidl_typesupport_cpp/frhal_msgs/srv/ros_cmd_interface__type_support.cpp.o[0m
[1.878s] [ 37%] [32mBuilding CXX object CMakeFiles/frhal_msgs__rosidl_typesupport_introspection_cpp.dir/rosidl_typesupport_introspection_cpp/frhal_msgs/srv/detail/ros_cmd_interface__type_support.cpp.o[0m
[1.885s] [ 40%] [32mBuilding CXX object CMakeFiles/frhal_msgs__rosidl_typesupport_introspection_cpp.dir/rosidl_typesupport_introspection_cpp/frhal_msgs/msg/detail/fr_state__type_support.cpp.o[0m
[2.135s] [ 42%] [32mBuilding CXX object CMakeFiles/frhal_msgs__rosidl_typesupport_fastrtps_cpp.dir/rosidl_typesupport_fastrtps_cpp/frhal_msgs/srv/detail/dds_fastrtps/ros_cmd_interface__type_support.cpp.o[0m
[2.145s] [ 45%] [32mBuilding CXX object CMakeFiles/frhal_msgs__rosidl_typesupport_c.dir/rosidl_typesupport_c/frhal_msgs/srv/ros_cmd_interface__type_support.cpp.o[0m
[2.180s] [ 47%] [32mBuilding CXX object CMakeFiles/frhal_msgs__rosidl_typesupport_c.dir/rosidl_typesupport_c/frhal_msgs/msg/fr_state__type_support.cpp.o[0m
[2.181s] [ 50%] [32mBuilding CXX object CMakeFiles/frhal_msgs__rosidl_typesupport_fastrtps_cpp.dir/rosidl_typesupport_fastrtps_cpp/frhal_msgs/msg/detail/dds_fastrtps/fr_state__type_support.cpp.o[0m
[2.191s] [ 52%] [32mBuilding C object CMakeFiles/frhal_msgs__rosidl_typesupport_introspection_c.dir/rosidl_typesupport_introspection_c/frhal_msgs/srv/detail/ros_cmd_interface__type_support.c.o[0m
[2.197s] [ 55%] [32m[1mLinking CXX shared library libfrhal_msgs__rosidl_typesupport_cpp.so[0m
[2.216s] [ 57%] [32m[1mLinking CXX shared library libfrhal_msgs__rosidl_typesupport_c.so[0m
[2.223s] [ 60%] [32mBuilding CXX object CMakeFiles/frhal_msgs__rosidl_typesupport_fastrtps_c.dir/rosidl_typesupport_fastrtps_c/frhal_msgs/srv/detail/ros_cmd_interface__type_support_c.cpp.o[0m
[2.232s] [ 62%] [32mBuilding C object CMakeFiles/frhal_msgs__rosidl_typesupport_introspection_c.dir/rosidl_typesupport_introspection_c/frhal_msgs/msg/detail/fr_state__type_support.c.o[0m
[2.250s] [ 62%] Built target frhal_msgs__rosidl_typesupport_cpp
[2.269s] [ 65%] [32mBuilding CXX object CMakeFiles/frhal_msgs__rosidl_typesupport_fastrtps_c.dir/rosidl_typesupport_fastrtps_c/frhal_msgs/msg/detail/fr_state__type_support_c.cpp.o[0m
[2.274s] [ 65%] Built target frhal_msgs__rosidl_typesupport_c
[2.278s] [ 67%] [32m[1mLinking C shared library libfrhal_msgs__rosidl_typesupport_introspection_c.so[0m
[2.310s] [ 67%] Built target frhal_msgs__rosidl_typesupport_introspection_c
[2.334s] [ 70%] [32m[1mLinking CXX shared library libfrhal_msgs__rosidl_typesupport_introspection_cpp.so[0m
[2.384s] [ 70%] Built target frhal_msgs__rosidl_typesupport_introspection_cpp
[2.514s] [ 72%] [32m[1mLinking CXX shared library libfrhal_msgs__rosidl_typesupport_fastrtps_cpp.so[0m
[2.574s] [ 72%] Built target frhal_msgs__rosidl_typesupport_fastrtps_cpp
[2.591s] [ 75%] [32m[1mLinking CXX shared library libfrhal_msgs__rosidl_typesupport_fastrtps_c.so[0m
[2.644s] [ 75%] Built target frhal_msgs__rosidl_typesupport_fastrtps_c
[2.658s] [ 75%] Built target frhal_msgs
[2.673s] [ 77%] [34m[1mGenerating Python code for ROS interfaces[0m
[3.137s] [ 77%] Built target frhal_msgs__py
[3.151s] [ 82%] [32mBuilding C object CMakeFiles/frhal_msgs__rosidl_generator_py.dir/rosidl_generator_py/frhal_msgs/msg/_fr_state_s.c.o[0m
[3.151s] [ 82%] [32mBuilding C object CMakeFiles/frhal_msgs__rosidl_generator_py.dir/rosidl_generator_py/frhal_msgs/srv/_ros_cmd_interface_s.c.o[0m
[3.254s] [ 85%] [32m[1mLinking C shared library rosidl_generator_py/frhal_msgs/libfrhal_msgs__rosidl_generator_py.so[0m
[3.283s] [ 85%] Built target frhal_msgs__rosidl_generator_py
[3.298s] [ 92%] [32mBuilding C object CMakeFiles/frhal_msgs__rosidl_typesupport_introspection_c__pyext.dir/rosidl_generator_py/frhal_msgs/_frhal_msgs_s.ep.rosidl_typesupport_introspection_c.c.o[0m
[3.298s] [ 92%] [32mBuilding C object CMakeFiles/frhal_msgs__rosidl_typesupport_fastrtps_c__pyext.dir/rosidl_generator_py/frhal_msgs/_frhal_msgs_s.ep.rosidl_typesupport_fastrtps_c.c.o[0m
[3.298s] [ 92%] [32mBuilding C object CMakeFiles/frhal_msgs__rosidl_typesupport_c__pyext.dir/rosidl_generator_py/frhal_msgs/_frhal_msgs_s.ep.rosidl_typesupport_c.c.o[0m
[3.371s] [ 97%] [32m[1mLinking C shared library rosidl_generator_py/frhal_msgs/frhal_msgs_s__rosidl_typesupport_c.cpython-310-x86_64-linux-gnu.so[0m
[3.371s] [ 97%] [32m[1mLinking C shared library rosidl_generator_py/frhal_msgs/frhal_msgs_s__rosidl_typesupport_introspection_c.cpython-310-x86_64-linux-gnu.so[0m
[3.371s] [100%] [32m[1mLinking C shared library rosidl_generator_py/frhal_msgs/frhal_msgs_s__rosidl_typesupport_fastrtps_c.cpython-310-x86_64-linux-gnu.so[0m
[3.395s] [100%] Built target frhal_msgs__rosidl_typesupport_c__pyext
[3.395s] [100%] Built target frhal_msgs__rosidl_typesupport_fastrtps_c__pyext
[3.395s] [100%] Built target frhal_msgs__rosidl_typesupport_introspection_c__pyext
[3.403s] Invoked command in '/home/mooz/ros2_ws/build/frhal_msgs' returned '0': CMAKE_PREFIX_PATH=/opt/ros/humble /usr/bin/cmake --build /home/mooz/ros2_ws/build/frhal_msgs -- -j8 -l8
[3.410s] Invoking command in '/home/mooz/ros2_ws/build/frhal_msgs': CMAKE_PREFIX_PATH=/opt/ros/humble /usr/bin/cmake --install /home/mooz/ros2_ws/build/frhal_msgs
[3.415s] -- Install configuration: ""
[3.416s] -- Installing: /home/mooz/ros2_ws/install/frhal_msgs/share/ament_index/resource_index/rosidl_interfaces/frhal_msgs
[3.416s] -- Installing: /home/mooz/ros2_ws/install/frhal_msgs/include/frhal_msgs/frhal_msgs
[3.416s] -- Installing: /home/mooz/ros2_ws/install/frhal_msgs/include/frhal_msgs/frhal_msgs/srv
[3.416s] -- Installing: /home/mooz/ros2_ws/install/frhal_msgs/include/frhal_msgs/frhal_msgs/srv/detail
[3.416s] -- Installing: /home/mooz/ros2_ws/install/frhal_msgs/include/frhal_msgs/frhal_msgs/srv/detail/ros_cmd_interface__type_support.h
[3.416s] -- Installing: /home/mooz/ros2_ws/install/frhal_msgs/include/frhal_msgs/frhal_msgs/srv/detail/ros_cmd_interface__functions.c
[3.416s] -- Installing: /home/mooz/ros2_ws/install/frhal_msgs/include/frhal_msgs/frhal_msgs/srv/detail/ros_cmd_interface__struct.h
[3.416s] -- Installing: /home/mooz/ros2_ws/install/frhal_msgs/include/frhal_msgs/frhal_msgs/srv/detail/ros_cmd_interface__functions.h
[3.416s] -- Installing: /home/mooz/ros2_ws/install/frhal_msgs/include/frhal_msgs/frhal_msgs/srv/ros_cmd_interface.h
[3.416s] -- Installing: /home/mooz/ros2_ws/install/frhal_msgs/include/frhal_msgs/frhal_msgs/msg
[3.416s] -- Installing: /home/mooz/ros2_ws/install/frhal_msgs/include/frhal_msgs/frhal_msgs/msg/detail
[3.416s] -- Installing: /home/mooz/ros2_ws/install/frhal_msgs/include/frhal_msgs/frhal_msgs/msg/detail/fr_state__functions.h
[3.416s] -- Installing: /home/mooz/ros2_ws/install/frhal_msgs/include/frhal_msgs/frhal_msgs/msg/detail/fr_state__functions.c
[3.416s] -- Installing: /home/mooz/ros2_ws/install/frhal_msgs/include/frhal_msgs/frhal_msgs/msg/detail/fr_state__struct.h
[3.416s] -- Installing: /home/mooz/ros2_ws/install/frhal_msgs/include/frhal_msgs/frhal_msgs/msg/detail/fr_state__type_support.h
[3.416s] -- Installing: /home/mooz/ros2_ws/install/frhal_msgs/include/frhal_msgs/frhal_msgs/msg/fr_state.h
[3.416s] -- Installing: /home/mooz/ros2_ws/install/frhal_msgs/include/frhal_msgs/frhal_msgs/msg/rosidl_generator_c__visibility_control.h
[3.417s] -- Installing: /home/mooz/ros2_ws/install/frhal_msgs/share/frhal_msgs/environment/library_path.sh
[3.417s] -- Installing: /home/mooz/ros2_ws/install/frhal_msgs/share/frhal_msgs/environment/library_path.dsv
[3.417s] -- Installing: /home/mooz/ros2_ws/install/frhal_msgs/lib/libfrhal_msgs__rosidl_generator_c.so
[3.417s] -- Set runtime path of "/home/mooz/ros2_ws/install/frhal_msgs/lib/libfrhal_msgs__rosidl_generator_c.so" to ""
[3.417s] -- Up-to-date: /home/mooz/ros2_ws/install/frhal_msgs/include/frhal_msgs/frhal_msgs
[3.417s] -- Up-to-date: /home/mooz/ros2_ws/install/frhal_msgs/include/frhal_msgs/frhal_msgs/srv
[3.417s] -- Up-to-date: /home/mooz/ros2_ws/install/frhal_msgs/include/frhal_msgs/frhal_msgs/srv/detail
[3.417s] -- Installing: /home/mooz/ros2_ws/install/frhal_msgs/include/frhal_msgs/frhal_msgs/srv/detail/ros_cmd_interface__rosidl_typesupport_fastrtps_c.h
[3.417s] -- Up-to-date: /home/mooz/ros2_ws/install/frhal_msgs/include/frhal_msgs/frhal_msgs/msg
[3.417s] -- Up-to-date: /home/mooz/ros2_ws/install/frhal_msgs/include/frhal_msgs/frhal_msgs/msg/detail
[3.417s] -- Installing: /home/mooz/ros2_ws/install/frhal_msgs/include/frhal_msgs/frhal_msgs/msg/detail/fr_state__rosidl_typesupport_fastrtps_c.h
[3.417s] -- Installing: /home/mooz/ros2_ws/install/frhal_msgs/include/frhal_msgs/frhal_msgs/msg/rosidl_typesupport_fastrtps_c__visibility_control.h
[3.417s] -- Installing: /home/mooz/ros2_ws/install/frhal_msgs/lib/libfrhal_msgs__rosidl_typesupport_fastrtps_c.so
[3.417s] -- Set runtime path of "/home/mooz/ros2_ws/install/frhal_msgs/lib/libfrhal_msgs__rosidl_typesupport_fastrtps_c.so" to ""
[3.417s] -- Up-to-date: /home/mooz/ros2_ws/install/frhal_msgs/include/frhal_msgs/frhal_msgs
[3.417s] -- Up-to-date: /home/mooz/ros2_ws/install/frhal_msgs/include/frhal_msgs/frhal_msgs/srv
[3.417s] -- Up-to-date: /home/mooz/ros2_ws/install/frhal_msgs/include/frhal_msgs/frhal_msgs/srv/detail
[3.418s] -- Installing: /home/mooz/ros2_ws/install/frhal_msgs/include/frhal_msgs/frhal_msgs/srv/detail/ros_cmd_interface__type_support.c
[3.418s] -- Installing: /home/mooz/ros2_ws/install/frhal_msgs/include/frhal_msgs/frhal_msgs/srv/detail/ros_cmd_interface__rosidl_typesupport_introspection_c.h
[3.418s] -- Up-to-date: /home/mooz/ros2_ws/install/frhal_msgs/include/frhal_msgs/frhal_msgs/msg
[3.418s] -- Installing: /home/mooz/ros2_ws/install/frhal_msgs/include/frhal_msgs/frhal_msgs/msg/rosidl_typesupport_introspection_c__visibility_control.h
[3.418s] -- Up-to-date: /home/mooz/ros2_ws/install/frhal_msgs/include/frhal_msgs/frhal_msgs/msg/detail
[3.418s] -- Installing: /home/mooz/ros2_ws/install/frhal_msgs/include/frhal_msgs/frhal_msgs/msg/detail/fr_state__type_support.c
[3.418s] -- Installing: /home/mooz/ros2_ws/install/frhal_msgs/include/frhal_msgs/frhal_msgs/msg/detail/fr_state__rosidl_typesupport_introspection_c.h
[3.418s] -- Installing: /home/mooz/ros2_ws/install/frhal_msgs/lib/libfrhal_msgs__rosidl_typesupport_introspection_c.so
[3.418s] -- Set runtime path of "/home/mooz/ros2_ws/install/frhal_msgs/lib/libfrhal_msgs__rosidl_typesupport_introspection_c.so" to ""
[3.418s] -- Installing: /home/mooz/ros2_ws/install/frhal_msgs/lib/libfrhal_msgs__rosidl_typesupport_c.so
[3.418s] -- Set runtime path of "/home/mooz/ros2_ws/install/frhal_msgs/lib/libfrhal_msgs__rosidl_typesupport_c.so" to ""
[3.418s] -- Up-to-date: /home/mooz/ros2_ws/install/frhal_msgs/include/frhal_msgs/frhal_msgs
[3.418s] -- Up-to-date: /home/mooz/ros2_ws/install/frhal_msgs/include/frhal_msgs/frhal_msgs/srv
[3.418s] -- Up-to-date: /home/mooz/ros2_ws/install/frhal_msgs/include/frhal_msgs/frhal_msgs/srv/detail
[3.418s] -- Installing: /home/mooz/ros2_ws/install/frhal_msgs/include/frhal_msgs/frhal_msgs/srv/detail/ros_cmd_interface__traits.hpp
[3.418s] -- Installing: /home/mooz/ros2_ws/install/frhal_msgs/include/frhal_msgs/frhal_msgs/srv/detail/ros_cmd_interface__struct.hpp
[3.418s] -- Installing: /home/mooz/ros2_ws/install/frhal_msgs/include/frhal_msgs/frhal_msgs/srv/detail/ros_cmd_interface__type_support.hpp
[3.419s] -- Installing: /home/mooz/ros2_ws/install/frhal_msgs/include/frhal_msgs/frhal_msgs/srv/detail/ros_cmd_interface__builder.hpp
[3.419s] -- Installing: /home/mooz/ros2_ws/install/frhal_msgs/include/frhal_msgs/frhal_msgs/srv/ros_cmd_interface.hpp
[3.419s] -- Up-to-date: /home/mooz/ros2_ws/install/frhal_msgs/include/frhal_msgs/frhal_msgs/msg
[3.419s] -- Up-to-date: /home/mooz/ros2_ws/install/frhal_msgs/include/frhal_msgs/frhal_msgs/msg/detail
[3.419s] -- Installing: /home/mooz/ros2_ws/install/frhal_msgs/include/frhal_msgs/frhal_msgs/msg/detail/fr_state__traits.hpp
[3.419s] -- Installing: /home/mooz/ros2_ws/install/frhal_msgs/include/frhal_msgs/frhal_msgs/msg/detail/fr_state__type_support.hpp
[3.419s] -- Installing: /home/mooz/ros2_ws/install/frhal_msgs/include/frhal_msgs/frhal_msgs/msg/detail/fr_state__builder.hpp
[3.419s] -- Installing: /home/mooz/ros2_ws/install/frhal_msgs/include/frhal_msgs/frhal_msgs/msg/detail/fr_state__struct.hpp
[3.419s] -- Installing: /home/mooz/ros2_ws/install/frhal_msgs/include/frhal_msgs/frhal_msgs/msg/fr_state.hpp
[3.419s] -- Installing: /home/mooz/ros2_ws/install/frhal_msgs/include/frhal_msgs/frhal_msgs/msg/rosidl_generator_cpp__visibility_control.hpp
[3.419s] -- Up-to-date: /home/mooz/ros2_ws/install/frhal_msgs/include/frhal_msgs/frhal_msgs
[3.419s] -- Up-to-date: /home/mooz/ros2_ws/install/frhal_msgs/include/frhal_msgs/frhal_msgs/srv
[3.419s] -- Up-to-date: /home/mooz/ros2_ws/install/frhal_msgs/include/frhal_msgs/frhal_msgs/srv/detail
[3.419s] -- Installing: /home/mooz/ros2_ws/install/frhal_msgs/include/frhal_msgs/frhal_msgs/srv/detail/dds_fastrtps
[3.419s] -- Installing: /home/mooz/ros2_ws/install/frhal_msgs/include/frhal_msgs/frhal_msgs/srv/detail/ros_cmd_interface__rosidl_typesupport_fastrtps_cpp.hpp
[3.419s] -- Up-to-date: /home/mooz/ros2_ws/install/frhal_msgs/include/frhal_msgs/frhal_msgs/msg
[3.419s] -- Installing: /home/mooz/ros2_ws/install/frhal_msgs/include/frhal_msgs/frhal_msgs/msg/rosidl_typesupport_fastrtps_cpp__visibility_control.h
[3.419s] -- Up-to-date: /home/mooz/ros2_ws/install/frhal_msgs/include/frhal_msgs/frhal_msgs/msg/detail
[3.419s] -- Installing: /home/mooz/ros2_ws/install/frhal_msgs/include/frhal_msgs/frhal_msgs/msg/detail/fr_state__rosidl_typesupport_fastrtps_cpp.hpp
[3.420s] -- Installing: /home/mooz/ros2_ws/install/frhal_msgs/include/frhal_msgs/frhal_msgs/msg/detail/dds_fastrtps
[3.420s] -- Installing: /home/mooz/ros2_ws/install/frhal_msgs/lib/libfrhal_msgs__rosidl_typesupport_fastrtps_cpp.so
[3.420s] -- Set runtime path of "/home/mooz/ros2_ws/install/frhal_msgs/lib/libfrhal_msgs__rosidl_typesupport_fastrtps_cpp.so" to ""
[3.420s] -- Up-to-date: /home/mooz/ros2_ws/install/frhal_msgs/include/frhal_msgs/frhal_msgs
[3.420s] -- Up-to-date: /home/mooz/ros2_ws/install/frhal_msgs/include/frhal_msgs/frhal_msgs/srv
[3.420s] -- Up-to-date: /home/mooz/ros2_ws/install/frhal_msgs/include/frhal_msgs/frhal_msgs/srv/detail
[3.420s] -- Installing: /home/mooz/ros2_ws/install/frhal_msgs/include/frhal_msgs/frhal_msgs/srv/detail/ros_cmd_interface__rosidl_typesupport_introspection_cpp.hpp
[3.420s] -- Installing: /home/mooz/ros2_ws/install/frhal_msgs/include/frhal_msgs/frhal_msgs/srv/detail/ros_cmd_interface__type_support.cpp
[3.420s] -- Up-to-date: /home/mooz/ros2_ws/install/frhal_msgs/include/frhal_msgs/frhal_msgs/msg
[3.420s] -- Up-to-date: /home/mooz/ros2_ws/install/frhal_msgs/include/frhal_msgs/frhal_msgs/msg/detail
[3.420s] -- Installing: /home/mooz/ros2_ws/install/frhal_msgs/include/frhal_msgs/frhal_msgs/msg/detail/fr_state__rosidl_typesupport_introspection_cpp.hpp
[3.420s] -- Installing: /home/mooz/ros2_ws/install/frhal_msgs/include/frhal_msgs/frhal_msgs/msg/detail/fr_state__type_support.cpp
[3.420s] -- Installing: /home/mooz/ros2_ws/install/frhal_msgs/lib/libfrhal_msgs__rosidl_typesupport_introspection_cpp.so
[3.420s] -- Set runtime path of "/home/mooz/ros2_ws/install/frhal_msgs/lib/libfrhal_msgs__rosidl_typesupport_introspection_cpp.so" to ""
[3.420s] -- Installing: /home/mooz/ros2_ws/install/frhal_msgs/lib/libfrhal_msgs__rosidl_typesupport_cpp.so
[3.421s] -- Set runtime path of "/home/mooz/ros2_ws/install/frhal_msgs/lib/libfrhal_msgs__rosidl_typesupport_cpp.so" to ""
[3.421s] -- Installing: /home/mooz/ros2_ws/install/frhal_msgs/share/frhal_msgs/environment/pythonpath.sh
[3.421s] -- Installing: /home/mooz/ros2_ws/install/frhal_msgs/share/frhal_msgs/environment/pythonpath.dsv
[3.421s] -- Installing: /home/mooz/ros2_ws/install/frhal_msgs/local/lib/python3.10/dist-packages/frhal_msgs-0.0.0-py3.10.egg-info
[3.421s] -- Installing: /home/mooz/ros2_ws/install/frhal_msgs/local/lib/python3.10/dist-packages/frhal_msgs-0.0.0-py3.10.egg-info/SOURCES.txt
[3.421s] -- Installing: /home/mooz/ros2_ws/install/frhal_msgs/local/lib/python3.10/dist-packages/frhal_msgs-0.0.0-py3.10.egg-info/PKG-INFO
[3.421s] -- Installing: /home/mooz/ros2_ws/install/frhal_msgs/local/lib/python3.10/dist-packages/frhal_msgs-0.0.0-py3.10.egg-info/top_level.txt
[3.421s] -- Installing: /home/mooz/ros2_ws/install/frhal_msgs/local/lib/python3.10/dist-packages/frhal_msgs-0.0.0-py3.10.egg-info/dependency_links.txt
[3.421s] -- Installing: /home/mooz/ros2_ws/install/frhal_msgs/local/lib/python3.10/dist-packages/frhal_msgs
[3.421s] -- Installing: /home/mooz/ros2_ws/install/frhal_msgs/local/lib/python3.10/dist-packages/frhal_msgs/_frhal_msgs_s.ep.rosidl_typesupport_introspection_c.c
[3.421s] -- Installing: /home/mooz/ros2_ws/install/frhal_msgs/local/lib/python3.10/dist-packages/frhal_msgs/__init__.py
[3.421s] -- Installing: /home/mooz/ros2_ws/install/frhal_msgs/local/lib/python3.10/dist-packages/frhal_msgs/frhal_msgs_s__rosidl_typesupport_fastrtps_c.cpython-310-x86_64-linux-gnu.so
[3.421s] -- Installing: /home/mooz/ros2_ws/install/frhal_msgs/local/lib/python3.10/dist-packages/frhal_msgs/srv
[3.421s] -- Installing: /home/mooz/ros2_ws/install/frhal_msgs/local/lib/python3.10/dist-packages/frhal_msgs/srv/_ros_cmd_interface.py
[3.421s] -- Installing: /home/mooz/ros2_ws/install/frhal_msgs/local/lib/python3.10/dist-packages/frhal_msgs/srv/__init__.py
[3.422s] -- Installing: /home/mooz/ros2_ws/install/frhal_msgs/local/lib/python3.10/dist-packages/frhal_msgs/srv/_ros_cmd_interface_s.c
[3.422s] -- Installing: /home/mooz/ros2_ws/install/frhal_msgs/local/lib/python3.10/dist-packages/frhal_msgs/frhal_msgs_s__rosidl_typesupport_c.cpython-310-x86_64-linux-gnu.so
[3.422s] -- Installing: /home/mooz/ros2_ws/install/frhal_msgs/local/lib/python3.10/dist-packages/frhal_msgs/_frhal_msgs_s.ep.rosidl_typesupport_c.c
[3.422s] -- Installing: /home/mooz/ros2_ws/install/frhal_msgs/local/lib/python3.10/dist-packages/frhal_msgs/frhal_msgs_s__rosidl_typesupport_introspection_c.cpython-310-x86_64-linux-gnu.so
[3.422s] -- Installing: /home/mooz/ros2_ws/install/frhal_msgs/local/lib/python3.10/dist-packages/frhal_msgs/libfrhal_msgs__rosidl_generator_py.so
[3.422s] -- Installing: /home/mooz/ros2_ws/install/frhal_msgs/local/lib/python3.10/dist-packages/frhal_msgs/msg
[3.422s] -- Installing: /home/mooz/ros2_ws/install/frhal_msgs/local/lib/python3.10/dist-packages/frhal_msgs/msg/_fr_state_s.c
[3.422s] -- Installing: /home/mooz/ros2_ws/install/frhal_msgs/local/lib/python3.10/dist-packages/frhal_msgs/msg/__init__.py
[3.422s] -- Installing: /home/mooz/ros2_ws/install/frhal_msgs/local/lib/python3.10/dist-packages/frhal_msgs/msg/_fr_state.py
[3.422s] -- Installing: /home/mooz/ros2_ws/install/frhal_msgs/local/lib/python3.10/dist-packages/frhal_msgs/_frhal_msgs_s.ep.rosidl_typesupport_fastrtps_c.c
[3.452s] Listing '/home/mooz/ros2_ws/install/frhal_msgs/local/lib/python3.10/dist-packages/frhal_msgs'...
[3.452s] Compiling '/home/mooz/ros2_ws/install/frhal_msgs/local/lib/python3.10/dist-packages/frhal_msgs/__init__.py'...
[3.452s] Listing '/home/mooz/ros2_ws/install/frhal_msgs/local/lib/python3.10/dist-packages/frhal_msgs/msg'...
[3.452s] Compiling '/home/mooz/ros2_ws/install/frhal_msgs/local/lib/python3.10/dist-packages/frhal_msgs/msg/__init__.py'...
[3.452s] Compiling '/home/mooz/ros2_ws/install/frhal_msgs/local/lib/python3.10/dist-packages/frhal_msgs/msg/_fr_state.py'...
[3.452s] Listing '/home/mooz/ros2_ws/install/frhal_msgs/local/lib/python3.10/dist-packages/frhal_msgs/srv'...
[3.452s] Compiling '/home/mooz/ros2_ws/install/frhal_msgs/local/lib/python3.10/dist-packages/frhal_msgs/srv/__init__.py'...
[3.452s] Compiling '/home/mooz/ros2_ws/install/frhal_msgs/local/lib/python3.10/dist-packages/frhal_msgs/srv/_ros_cmd_interface.py'...
[3.455s] -- Installing: /home/mooz/ros2_ws/install/frhal_msgs/local/lib/python3.10/dist-packages/frhal_msgs/frhal_msgs_s__rosidl_typesupport_fastrtps_c.cpython-310-x86_64-linux-gnu.so
[3.456s] -- Set runtime path of "/home/mooz/ros2_ws/install/frhal_msgs/local/lib/python3.10/dist-packages/frhal_msgs/frhal_msgs_s__rosidl_typesupport_fastrtps_c.cpython-310-x86_64-linux-gnu.so" to ""
[3.456s] -- Installing: /home/mooz/ros2_ws/install/frhal_msgs/local/lib/python3.10/dist-packages/frhal_msgs/frhal_msgs_s__rosidl_typesupport_introspection_c.cpython-310-x86_64-linux-gnu.so
[3.456s] -- Set runtime path of "/home/mooz/ros2_ws/install/frhal_msgs/local/lib/python3.10/dist-packages/frhal_msgs/frhal_msgs_s__rosidl_typesupport_introspection_c.cpython-310-x86_64-linux-gnu.so" to ""
[3.456s] -- Installing: /home/mooz/ros2_ws/install/frhal_msgs/local/lib/python3.10/dist-packages/frhal_msgs/frhal_msgs_s__rosidl_typesupport_c.cpython-310-x86_64-linux-gnu.so
[3.456s] -- Set runtime path of "/home/mooz/ros2_ws/install/frhal_msgs/local/lib/python3.10/dist-packages/frhal_msgs/frhal_msgs_s__rosidl_typesupport_c.cpython-310-x86_64-linux-gnu.so" to ""
[3.456s] -- Installing: /home/mooz/ros2_ws/install/frhal_msgs/lib/libfrhal_msgs__rosidl_generator_py.so
[3.456s] -- Set runtime path of "/home/mooz/ros2_ws/install/frhal_msgs/lib/libfrhal_msgs__rosidl_generator_py.so" to ""
[3.456s] -- Installing: /home/mooz/ros2_ws/install/frhal_msgs/share/ament_index/resource_index/rust_packages/frhal_msgs
[3.456s] -- Installing: /home/mooz/ros2_ws/install/frhal_msgs/share/frhal_msgs/rust
[3.456s] -- Installing: /home/mooz/ros2_ws/install/frhal_msgs/share/frhal_msgs/rust/build.rs
[3.456s] -- Installing: /home/mooz/ros2_ws/install/frhal_msgs/share/frhal_msgs/rust/src
[3.456s] -- Installing: /home/mooz/ros2_ws/install/frhal_msgs/share/frhal_msgs/rust/src/msg.rs
[3.456s] -- Installing: /home/mooz/ros2_ws/install/frhal_msgs/share/frhal_msgs/rust/src/srv.rs
[3.457s] -- Installing: /home/mooz/ros2_ws/install/frhal_msgs/share/frhal_msgs/rust/src/srv
[3.457s] -- Installing: /home/mooz/ros2_ws/install/frhal_msgs/share/frhal_msgs/rust/src/srv/rmw.rs
[3.457s] -- Installing: /home/mooz/ros2_ws/install/frhal_msgs/share/frhal_msgs/rust/src/lib.rs
[3.457s] -- Installing: /home/mooz/ros2_ws/install/frhal_msgs/share/frhal_msgs/rust/src/msg
[3.457s] -- Installing: /home/mooz/ros2_ws/install/frhal_msgs/share/frhal_msgs/rust/src/msg/rmw.rs
[3.457s] -- Installing: /home/mooz/ros2_ws/install/frhal_msgs/share/frhal_msgs/rust/Cargo.toml
[3.457s] -- Installing: /home/mooz/ros2_ws/install/frhal_msgs/share/frhal_msgs/srv/ROSCmdInterface.idl
[3.457s] -- Installing: /home/mooz/ros2_ws/install/frhal_msgs/share/frhal_msgs/msg/FRState.idl
[3.457s] -- Installing: /home/mooz/ros2_ws/install/frhal_msgs/share/frhal_msgs/srv/ROSCmdInterface.srv
[3.457s] -- Installing: /home/mooz/ros2_ws/install/frhal_msgs/share/frhal_msgs/srv/ROSCmdInterface_Request.msg
[3.457s] -- Installing: /home/mooz/ros2_ws/install/frhal_msgs/share/frhal_msgs/srv/ROSCmdInterface_Response.msg
[3.457s] -- Installing: /home/mooz/ros2_ws/install/frhal_msgs/share/frhal_msgs/msg/FRState.msg
[3.457s] -- Installing: /home/mooz/ros2_ws/install/frhal_msgs/share/ament_index/resource_index/package_run_dependencies/frhal_msgs
[3.457s] -- Installing: /home/mooz/ros2_ws/install/frhal_msgs/share/ament_index/resource_index/parent_prefix_path/frhal_msgs
[3.457s] -- Installing: /home/mooz/ros2_ws/install/frhal_msgs/share/frhal_msgs/environment/ament_prefix_path.sh
[3.458s] -- Installing: /home/mooz/ros2_ws/install/frhal_msgs/share/frhal_msgs/environment/ament_prefix_path.dsv
[3.458s] -- Installing: /home/mooz/ros2_ws/install/frhal_msgs/share/frhal_msgs/environment/path.sh
[3.458s] -- Installing: /home/mooz/ros2_ws/install/frhal_msgs/share/frhal_msgs/environment/path.dsv
[3.458s] -- Installing: /home/mooz/ros2_ws/install/frhal_msgs/share/frhal_msgs/local_setup.bash
[3.458s] -- Installing: /home/mooz/ros2_ws/install/frhal_msgs/share/frhal_msgs/local_setup.sh
[3.458s] -- Installing: /home/mooz/ros2_ws/install/frhal_msgs/share/frhal_msgs/local_setup.zsh
[3.458s] -- Installing: /home/mooz/ros2_ws/install/frhal_msgs/share/frhal_msgs/local_setup.dsv
[3.458s] -- Installing: /home/mooz/ros2_ws/install/frhal_msgs/share/frhal_msgs/package.dsv
[3.458s] -- Installing: /home/mooz/ros2_ws/install/frhal_msgs/share/ament_index/resource_index/packages/frhal_msgs
[3.458s] -- Installing: /home/mooz/ros2_ws/install/frhal_msgs/share/frhal_msgs/cmake/export_frhal_msgs__rosidl_generator_cExport.cmake
[3.458s] -- Installing: /home/mooz/ros2_ws/install/frhal_msgs/share/frhal_msgs/cmake/export_frhal_msgs__rosidl_generator_cExport-noconfig.cmake
[3.458s] -- Installing: /home/mooz/ros2_ws/install/frhal_msgs/share/frhal_msgs/cmake/export_frhal_msgs__rosidl_typesupport_fastrtps_cExport.cmake
[3.458s] -- Installing: /home/mooz/ros2_ws/install/frhal_msgs/share/frhal_msgs/cmake/export_frhal_msgs__rosidl_typesupport_fastrtps_cExport-noconfig.cmake
[3.459s] -- Installing: /home/mooz/ros2_ws/install/frhal_msgs/share/frhal_msgs/cmake/frhal_msgs__rosidl_typesupport_introspection_cExport.cmake
[3.459s] -- Installing: /home/mooz/ros2_ws/install/frhal_msgs/share/frhal_msgs/cmake/frhal_msgs__rosidl_typesupport_introspection_cExport-noconfig.cmake
[3.459s] -- Installing: /home/mooz/ros2_ws/install/frhal_msgs/share/frhal_msgs/cmake/frhal_msgs__rosidl_typesupport_cExport.cmake
[3.459s] -- Installing: /home/mooz/ros2_ws/install/frhal_msgs/share/frhal_msgs/cmake/frhal_msgs__rosidl_typesupport_cExport-noconfig.cmake
[3.459s] -- Installing: /home/mooz/ros2_ws/install/frhal_msgs/share/frhal_msgs/cmake/export_frhal_msgs__rosidl_generator_cppExport.cmake
[3.459s] -- Installing: /home/mooz/ros2_ws/install/frhal_msgs/share/frhal_msgs/cmake/export_frhal_msgs__rosidl_typesupport_fastrtps_cppExport.cmake
[3.459s] -- Installing: /home/mooz/ros2_ws/install/frhal_msgs/share/frhal_msgs/cmake/export_frhal_msgs__rosidl_typesupport_fastrtps_cppExport-noconfig.cmake
[3.459s] -- Installing: /home/mooz/ros2_ws/install/frhal_msgs/share/frhal_msgs/cmake/frhal_msgs__rosidl_typesupport_introspection_cppExport.cmake
[3.459s] -- Installing: /home/mooz/ros2_ws/install/frhal_msgs/share/frhal_msgs/cmake/frhal_msgs__rosidl_typesupport_introspection_cppExport-noconfig.cmake
[3.459s] -- Installing: /home/mooz/ros2_ws/install/frhal_msgs/share/frhal_msgs/cmake/frhal_msgs__rosidl_typesupport_cppExport.cmake
[3.459s] -- Installing: /home/mooz/ros2_ws/install/frhal_msgs/share/frhal_msgs/cmake/frhal_msgs__rosidl_typesupport_cppExport-noconfig.cmake
[3.459s] -- Installing: /home/mooz/ros2_ws/install/frhal_msgs/share/frhal_msgs/cmake/export_frhal_msgs__rosidl_generator_pyExport.cmake
[3.459s] -- Installing: /home/mooz/ros2_ws/install/frhal_msgs/share/frhal_msgs/cmake/export_frhal_msgs__rosidl_generator_pyExport-noconfig.cmake
[3.459s] -- Installing: /home/mooz/ros2_ws/install/frhal_msgs/share/frhal_msgs/cmake/rosidl_cmake-extras.cmake
[3.460s] -- Installing: /home/mooz/ros2_ws/install/frhal_msgs/share/frhal_msgs/cmake/ament_cmake_export_include_directories-extras.cmake
[3.460s] -- Installing: /home/mooz/ros2_ws/install/frhal_msgs/share/frhal_msgs/cmake/ament_cmake_export_libraries-extras.cmake
[3.460s] -- Installing: /home/mooz/ros2_ws/install/frhal_msgs/share/frhal_msgs/cmake/ament_cmake_export_targets-extras.cmake
[3.460s] -- Installing: /home/mooz/ros2_ws/install/frhal_msgs/share/frhal_msgs/cmake/rosidl_cmake_export_typesupport_targets-extras.cmake
[3.460s] -- Installing: /home/mooz/ros2_ws/install/frhal_msgs/share/frhal_msgs/cmake/ament_cmake_export_dependencies-extras.cmake
[3.460s] -- Installing: /home/mooz/ros2_ws/install/frhal_msgs/share/frhal_msgs/cmake/rosidl_cmake_export_typesupport_libraries-extras.cmake
[3.460s] -- Installing: /home/mooz/ros2_ws/install/frhal_msgs/share/frhal_msgs/cmake/rosidl_cmake_aggregate_target-extras.cmake
[3.460s] -- Installing: /home/mooz/ros2_ws/install/frhal_msgs/share/frhal_msgs/cmake/frhal_msgsConfig.cmake
[3.460s] -- Installing: /home/mooz/ros2_ws/install/frhal_msgs/share/frhal_msgs/cmake/frhal_msgsConfig-version.cmake
[3.460s] -- Installing: /home/mooz/ros2_ws/install/frhal_msgs/share/frhal_msgs/package.xml
[3.462s] Invoked command in '/home/mooz/ros2_ws/build/frhal_msgs' returned '0': CMAKE_PREFIX_PATH=/opt/ros/humble /usr/bin/cmake --install /home/mooz/ros2_ws/build/frhal_msgs
