[0.021s] Invoking command in '/home/mooz/ros2_ws/build/fr_ros2': AMENT_PREFIX_PATH=/home/mooz/ros2_ws/install/frhal_msgs:${AMENT_PREFIX_PATH} CMAKE_PREFIX_PATH=/home/mooz/ros2_ws/install/frhal_msgs:/opt/ros/humble LD_LIBRARY_PATH=/home/mooz/ros2_ws/install/frhal_msgs/lib:${LD_LIBRARY_PATH} PYTHONPATH=/home/mooz/ros2_ws/install/frhal_msgs/local/lib/python3.10/dist-packages:${PYTHONPATH} /usr/bin/cmake --build /home/mooz/ros2_ws/build/fr_ros2 -- -j8 -l8
[0.165s] Consolidate compiler generated dependencies of target ros2_cmd_server
[0.196s] [ 37%] Built target srv_test_client
[0.198s] [ 50%] Building CXX object CMakeFiles/ros2_cmd_server.dir/src/state_feedback.cpp.o
[7.471s] [ 62%] Linking CXX executable ros2_cmd_server
[8.049s] [100%] Built target ros2_cmd_server
[8.064s] Invoked command in '/home/mooz/ros2_ws/build/fr_ros2' returned '0': AMENT_PREFIX_PATH=/home/mooz/ros2_ws/install/frhal_msgs:${AMENT_PREFIX_PATH} CMAKE_PREFIX_PATH=/home/mooz/ros2_ws/install/frhal_msgs:/opt/ros/humble LD_LIBRARY_PATH=/home/mooz/ros2_ws/install/frhal_msgs/lib:${LD_LIBRARY_PATH} PYTHONPATH=/home/mooz/ros2_ws/install/frhal_msgs/local/lib/python3.10/dist-packages:${PYTHONPATH} /usr/bin/cmake --build /home/mooz/ros2_ws/build/fr_ros2 -- -j8 -l8
[8.079s] Invoking command in '/home/mooz/ros2_ws/build/fr_ros2': AMENT_PREFIX_PATH=/home/mooz/ros2_ws/install/frhal_msgs:${AMENT_PREFIX_PATH} CMAKE_PREFIX_PATH=/home/mooz/ros2_ws/install/frhal_msgs:/opt/ros/humble LD_LIBRARY_PATH=/home/mooz/ros2_ws/install/frhal_msgs/lib:${LD_LIBRARY_PATH} PYTHONPATH=/home/mooz/ros2_ws/install/frhal_msgs/local/lib/python3.10/dist-packages:${PYTHONPATH} /usr/bin/cmake --install /home/mooz/ros2_ws/build/fr_ros2
[8.093s] -- Install configuration: ""
[8.095s] -- Installing: /home/mooz/ros2_ws/install/fr_ros2/lib/fr_ros2/ros2_cmd_server
[8.099s] -- Set runtime path of "/home/mooz/ros2_ws/install/fr_ros2/lib/fr_ros2/ros2_cmd_server" to ""
[8.100s] -- Up-to-date: /home/mooz/ros2_ws/install/fr_ros2/lib/fr_ros2/srv_test_client
[8.100s] -- Up-to-date: /home/mooz/ros2_ws/install/fr_ros2/share/ament_index/resource_index/package_run_dependencies/fr_ros2
[8.101s] -- Up-to-date: /home/mooz/ros2_ws/install/fr_ros2/share/ament_index/resource_index/parent_prefix_path/fr_ros2
[8.101s] -- Up-to-date: /home/mooz/ros2_ws/install/fr_ros2/share/fr_ros2/environment/ament_prefix_path.sh
[8.102s] -- Up-to-date: /home/mooz/ros2_ws/install/fr_ros2/share/fr_ros2/environment/ament_prefix_path.dsv
[8.103s] -- Up-to-date: /home/mooz/ros2_ws/install/fr_ros2/share/fr_ros2/environment/path.sh
[8.103s] -- Up-to-date: /home/mooz/ros2_ws/install/fr_ros2/share/fr_ros2/environment/path.dsv
[8.103s] -- Up-to-date: /home/mooz/ros2_ws/install/fr_ros2/share/fr_ros2/local_setup.bash
[8.103s] -- Up-to-date: /home/mooz/ros2_ws/install/fr_ros2/share/fr_ros2/local_setup.sh
[8.103s] -- Up-to-date: /home/mooz/ros2_ws/install/fr_ros2/share/fr_ros2/local_setup.zsh
[8.103s] -- Up-to-date: /home/mooz/ros2_ws/install/fr_ros2/share/fr_ros2/local_setup.dsv
[8.104s] -- Installing: /home/mooz/ros2_ws/install/fr_ros2/share/fr_ros2/package.dsv
[8.104s] -- Up-to-date: /home/mooz/ros2_ws/install/fr_ros2/share/ament_index/resource_index/packages/fr_ros2
[8.104s] -- Up-to-date: /home/mooz/ros2_ws/install/fr_ros2/share/fr_ros2/cmake/fr_ros2Config.cmake
[8.104s] -- Up-to-date: /home/mooz/ros2_ws/install/fr_ros2/share/fr_ros2/cmake/fr_ros2Config-version.cmake
[8.104s] -- Up-to-date: /home/mooz/ros2_ws/install/fr_ros2/share/fr_ros2/package.xml
[8.105s] Invoked command in '/home/mooz/ros2_ws/build/fr_ros2' returned '0': AMENT_PREFIX_PATH=/home/mooz/ros2_ws/install/frhal_msgs:${AMENT_PREFIX_PATH} CMAKE_PREFIX_PATH=/home/mooz/ros2_ws/install/frhal_msgs:/opt/ros/humble LD_LIBRARY_PATH=/home/mooz/ros2_ws/install/frhal_msgs/lib:${LD_LIBRARY_PATH} PYTHONPATH=/home/mooz/ros2_ws/install/frhal_msgs/local/lib/python3.10/dist-packages:${PYTHONPATH} /usr/bin/cmake --install /home/mooz/ros2_ws/build/fr_ros2
