[0.186s] Invoking command in '/home/mooz/ros2_ws/build/fr_ros2': AMENT_PREFIX_PATH=/home/mooz/ros2_ws/install/frhal_msgs:${AMENT_PREFIX_PATH} CMAKE_PREFIX_PATH=/home/mooz/ros2_ws/install/frhal_msgs:/opt/ros/humble LD_LIBRARY_PATH=/home/mooz/ros2_ws/install/frhal_msgs/lib:${LD_LIBRARY_PATH} PYTHONPATH=/home/mooz/ros2_ws/install/frhal_msgs/local/lib/python3.10/dist-packages:${PYTHONPATH} /usr/bin/cmake --build /home/mooz/ros2_ws/build/fr_ros2 -- -j8 -l8
[0.219s] [35m[1mConsolidate compiler generated dependencies of target ros2_cmd_server[0m
[0.230s] [ 37%] Built target srv_test_client
[0.236s] [100%] Built target ros2_cmd_server
[0.245s] Invoked command in '/home/mooz/ros2_ws/build/fr_ros2' returned '0': AMENT_PREFIX_PATH=/home/mooz/ros2_ws/install/frhal_msgs:${AMENT_PREFIX_PATH} CMAKE_PREFIX_PATH=/home/mooz/ros2_ws/install/frhal_msgs:/opt/ros/humble LD_LIBRARY_PATH=/home/mooz/ros2_ws/install/frhal_msgs/lib:${LD_LIBRARY_PATH} PYTHONPATH=/home/mooz/ros2_ws/install/frhal_msgs/local/lib/python3.10/dist-packages:${PYTHONPATH} /usr/bin/cmake --build /home/mooz/ros2_ws/build/fr_ros2 -- -j8 -l8
[0.246s] Invoking command in '/home/mooz/ros2_ws/build/fr_ros2': AMENT_PREFIX_PATH=/home/mooz/ros2_ws/install/frhal_msgs:${AMENT_PREFIX_PATH} CMAKE_PREFIX_PATH=/home/mooz/ros2_ws/install/frhal_msgs:/opt/ros/humble LD_LIBRARY_PATH=/home/mooz/ros2_ws/install/frhal_msgs/lib:${LD_LIBRARY_PATH} PYTHONPATH=/home/mooz/ros2_ws/install/frhal_msgs/local/lib/python3.10/dist-packages:${PYTHONPATH} /usr/bin/cmake --install /home/mooz/ros2_ws/build/fr_ros2
[0.253s] -- Install configuration: ""
[0.253s] -- Up-to-date: /home/mooz/ros2_ws/install/fr_ros2/lib/fr_ros2/ros2_cmd_server
[0.253s] -- Up-to-date: /home/mooz/ros2_ws/install/fr_ros2/lib/fr_ros2/srv_test_client
[0.253s] -- Up-to-date: /home/mooz/ros2_ws/install/fr_ros2/share/ament_index/resource_index/package_run_dependencies/fr_ros2
[0.253s] -- Up-to-date: /home/mooz/ros2_ws/install/fr_ros2/share/ament_index/resource_index/parent_prefix_path/fr_ros2
[0.253s] -- Up-to-date: /home/mooz/ros2_ws/install/fr_ros2/share/fr_ros2/environment/ament_prefix_path.sh
[0.253s] -- Up-to-date: /home/mooz/ros2_ws/install/fr_ros2/share/fr_ros2/environment/ament_prefix_path.dsv
[0.254s] -- Up-to-date: /home/mooz/ros2_ws/install/fr_ros2/share/fr_ros2/environment/path.sh
[0.254s] -- Up-to-date: /home/mooz/ros2_ws/install/fr_ros2/share/fr_ros2/environment/path.dsv
[0.254s] -- Up-to-date: /home/mooz/ros2_ws/install/fr_ros2/share/fr_ros2/local_setup.bash
[0.254s] -- Up-to-date: /home/mooz/ros2_ws/install/fr_ros2/share/fr_ros2/local_setup.sh
[0.254s] -- Up-to-date: /home/mooz/ros2_ws/install/fr_ros2/share/fr_ros2/local_setup.zsh
[0.254s] -- Up-to-date: /home/mooz/ros2_ws/install/fr_ros2/share/fr_ros2/local_setup.dsv
[0.254s] -- Installing: /home/mooz/ros2_ws/install/fr_ros2/share/fr_ros2/package.dsv
[0.254s] -- Up-to-date: /home/mooz/ros2_ws/install/fr_ros2/share/ament_index/resource_index/packages/fr_ros2
[0.254s] -- Up-to-date: /home/mooz/ros2_ws/install/fr_ros2/share/fr_ros2/cmake/fr_ros2Config.cmake
[0.254s] -- Up-to-date: /home/mooz/ros2_ws/install/fr_ros2/share/fr_ros2/cmake/fr_ros2Config-version.cmake
[0.254s] -- Up-to-date: /home/mooz/ros2_ws/install/fr_ros2/share/fr_ros2/package.xml
[0.255s] Invoked command in '/home/mooz/ros2_ws/build/fr_ros2' returned '0': AMENT_PREFIX_PATH=/home/mooz/ros2_ws/install/frhal_msgs:${AMENT_PREFIX_PATH} CMAKE_PREFIX_PATH=/home/mooz/ros2_ws/install/frhal_msgs:/opt/ros/humble LD_LIBRARY_PATH=/home/mooz/ros2_ws/install/frhal_msgs/lib:${LD_LIBRARY_PATH} PYTHONPATH=/home/mooz/ros2_ws/install/frhal_msgs/local/lib/python3.10/dist-packages:${PYTHONPATH} /usr/bin/cmake --install /home/mooz/ros2_ws/build/fr_ros2
