/home/mooz/ros2_ws/install/an5_mock_sim/lib/python3.10/site-packages/an5_mock_sim/__init__.py
/home/mooz/ros2_ws/install/an5_mock_sim/lib/python3.10/site-packages/an5_mock_sim/mock_cmd_server.py
/home/mooz/ros2_ws/install/an5_mock_sim/lib/python3.10/site-packages/an5_mock_sim/__pycache__/__init__.cpython-310.pyc
/home/mooz/ros2_ws/install/an5_mock_sim/lib/python3.10/site-packages/an5_mock_sim/__pycache__/mock_cmd_server.cpython-310.pyc
/home/mooz/ros2_ws/install/an5_mock_sim/share/ament_index/resource_index/packages/an5_mock_sim
/home/mooz/ros2_ws/install/an5_mock_sim/share/an5_mock_sim/package.xml
/home/mooz/ros2_ws/install/an5_mock_sim/share/an5_mock_sim/launch/sim.launch.py
/home/mooz/ros2_ws/install/an5_mock_sim/share/an5_mock_sim/launch/real.launch.py
/home/mooz/ros2_ws/install/an5_mock_sim/share/an5_mock_sim/scripts/disable_robot_ip_alias.sh
/home/mooz/ros2_ws/install/an5_mock_sim/share/an5_mock_sim/scripts/enable_robot_ip_alias.sh
/home/mooz/ros2_ws/install/an5_mock_sim/share/an5_mock_sim/scripts/reject_robot_xmlrpc.sh
/home/mooz/ros2_ws/install/an5_mock_sim/share/an5_mock_sim/scripts/disable_reject_robot_xmlrpc.sh
/home/mooz/ros2_ws/install/an5_mock_sim/lib/python3.10/site-packages/an5_mock_sim-0.0.1-py3.10.egg-info/SOURCES.txt
/home/mooz/ros2_ws/install/an5_mock_sim/lib/python3.10/site-packages/an5_mock_sim-0.0.1-py3.10.egg-info/requires.txt
/home/mooz/ros2_ws/install/an5_mock_sim/lib/python3.10/site-packages/an5_mock_sim-0.0.1-py3.10.egg-info/entry_points.txt
/home/mooz/ros2_ws/install/an5_mock_sim/lib/python3.10/site-packages/an5_mock_sim-0.0.1-py3.10.egg-info/PKG-INFO
/home/mooz/ros2_ws/install/an5_mock_sim/lib/python3.10/site-packages/an5_mock_sim-0.0.1-py3.10.egg-info/top_level.txt
/home/mooz/ros2_ws/install/an5_mock_sim/lib/python3.10/site-packages/an5_mock_sim-0.0.1-py3.10.egg-info/zip-safe
/home/mooz/ros2_ws/install/an5_mock_sim/lib/python3.10/site-packages/an5_mock_sim-0.0.1-py3.10.egg-info/dependency_links.txt
/home/mooz/ros2_ws/install/an5_mock_sim/lib/an5_mock_sim/mock_cmd_server
